#-----------------------------------------------------------
# Vivado v2025.1 (64-bit)
# SW Build 6140274 on Thu May 22 00:12:29 MDT 2025
# IP Build 6138677 on Thu May 22 03:10:11 MDT 2025
# SharedData Build 6139179 on Tue May 20 17:58:58 MDT 2025
# Start of session at: Mon Aug 17 14:49:57 2026
# Process ID         : 33028
# Current directory  : D:/
# Command line       : vivado.exe -mode batch -nojournal -notrace -log D:\_codex_vivado\vc707_license_synthesis.log -source C:\Users\ADMIN\AppData\Local\Temp\codex_vivado_run.tcl
# Log file           : D:/_codex_vivado/vc707_license_synthesis.log
# Journal file       : 
# Running On         : LAPTOP-7VHB4FBR
# Platform           : Windows Server 2016 or Windows 10
# Operating System   : 26200
# Processor Detail   : 13th Gen Intel(R) Core(TM) i7-13700H
# CPU Frequency      : 2918 MHz
# CPU Physical cores : 14
# CPU Logical cores  : 20
# Host memory        : 16786 MB
# Swap memory        : 3630 MB
# Total Virtual      : 20416 MB
# Available Virtual  : 2413 MB
#-----------------------------------------------------------
source {C:\Users\ADMIN\AppData\Local\Temp\codex_vivado_run.tcl} -notrace
create_project: Time (s): cpu = 00:00:15 ; elapsed = 00:00:09 . Memory (MB): peak = 507.016 ; gain = 211.527
Command: synth_design -top axi_ddr3_controller -part xc7vx485tffg1761-2 -mode out_of_context -flatten_hierarchy rebuilt
Starting synth_design
Attempting to get a license for feature 'Synthesis' and/or device 'xc7vx485t'
INFO: [Common 17-349] Got license for feature 'Synthesis' and/or device 'xc7vx485t'
INFO: [Synth 8-7079] Multithreading enabled for synth_design using a maximum of 2 processes.
INFO: [Synth 8-7078] Launching helper process for spawning children vivado processes
INFO: [Synth 8-7075] Helper process launched with PID 3564
---------------------------------------------------------------------------------
Starting Synthesize : Time (s): cpu = 00:00:10 ; elapsed = 00:00:11 . Memory (MB): peak = 1014.254 ; gain = 503.266
---------------------------------------------------------------------------------
INFO: [Synth 8-6157] synthesizing module 'axi_ddr3_controller' [D:/_codex_dma_mmu/src/Memory/axi_ddr3_controller.sv:14]
INFO: [Synth 8-6157] synthesizing module 'ddr3_controller_core' [D:/_codex_dma_mmu/src/Memory/ddr3_controller_core.sv:13]
	Parameter ADDR_WIDTH bound to: 32'sb00000000000000000000000000100000 
	Parameter DATA_WIDTH bound to: 32'sb00000000000000000000000000100000 
	Parameter ROW_WIDTH bound to: 32'sb00000000000000000000000000010000 
	Parameter COL_WIDTH bound to: 32'sb00000000000000000000000000001010 
	Parameter BANK_WIDTH bound to: 32'sb00000000000000000000000000000011 
	Parameter RESET_CYCLES bound to: 32'sb00000000000000000000000001000000 
	Parameter REFRESH_CYCLES bound to: 32'sb00000000000000000000010010010010 
	Parameter CAL_TIMEOUT bound to: 32'sb00000000000000001111111111111111 
INFO: [Synth 8-6155] done synthesizing module 'ddr3_controller_core' (0#1) [D:/_codex_dma_mmu/src/Memory/ddr3_controller_core.sv:13]
INFO: [Synth 8-6155] done synthesizing module 'axi_ddr3_controller' (0#1) [D:/_codex_dma_mmu/src/Memory/axi_ddr3_controller.sv:14]
WARNING: [Synth 8-6014] Unused sequential element req_addr_q_reg was removed.  [D:/_codex_dma_mmu/src/Memory/ddr3_controller_core.sv:270]
WARNING: [Synth 8-7129] Port req_addr_i[31] in module ddr3_controller_core is either unconnected or has no load
WARNING: [Synth 8-7129] Port req_addr_i[1] in module ddr3_controller_core is either unconnected or has no load
WARNING: [Synth 8-7129] Port req_addr_i[0] in module ddr3_controller_core is either unconnected or has no load
WARNING: [Synth 8-7129] Port s_axi_awlock in module axi_ddr3_controller is either unconnected or has no load
WARNING: [Synth 8-7129] Port s_axi_awcache[3] in module axi_ddr3_controller is either unconnected or has no load
WARNING: [Synth 8-7129] Port s_axi_awcache[2] in module axi_ddr3_controller is either unconnected or has no load
WARNING: [Synth 8-7129] Port s_axi_awcache[1] in module axi_ddr3_controller is either unconnected or has no load
WARNING: [Synth 8-7129] Port s_axi_awcache[0] in module axi_ddr3_controller is either unconnected or has no load
WARNING: [Synth 8-7129] Port s_axi_awprot[2] in module axi_ddr3_controller is either unconnected or has no load
WARNING: [Synth 8-7129] Port s_axi_awprot[1] in module axi_ddr3_controller is either unconnected or has no load
WARNING: [Synth 8-7129] Port s_axi_awprot[0] in module axi_ddr3_controller is either unconnected or has no load
WARNING: [Synth 8-7129] Port s_axi_awqos[3] in module axi_ddr3_controller is either unconnected or has no load
WARNING: [Synth 8-7129] Port s_axi_awqos[2] in module axi_ddr3_controller is either unconnected or has no load
WARNING: [Synth 8-7129] Port s_axi_awqos[1] in module axi_ddr3_controller is either unconnected or has no load
WARNING: [Synth 8-7129] Port s_axi_awqos[0] in module axi_ddr3_controller is either unconnected or has no load
WARNING: [Synth 8-7129] Port s_axi_arlock in module axi_ddr3_controller is either unconnected or has no load
WARNING: [Synth 8-7129] Port s_axi_arcache[3] in module axi_ddr3_controller is either unconnected or has no load
WARNING: [Synth 8-7129] Port s_axi_arcache[2] in module axi_ddr3_controller is either unconnected or has no load
WARNING: [Synth 8-7129] Port s_axi_arcache[1] in module axi_ddr3_controller is either unconnected or has no load
WARNING: [Synth 8-7129] Port s_axi_arcache[0] in module axi_ddr3_controller is either unconnected or has no load
WARNING: [Synth 8-7129] Port s_axi_arprot[2] in module axi_ddr3_controller is either unconnected or has no load
WARNING: [Synth 8-7129] Port s_axi_arprot[1] in module axi_ddr3_controller is either unconnected or has no load
WARNING: [Synth 8-7129] Port s_axi_arprot[0] in module axi_ddr3_controller is either unconnected or has no load
WARNING: [Synth 8-7129] Port s_axi_arqos[3] in module axi_ddr3_controller is either unconnected or has no load
WARNING: [Synth 8-7129] Port s_axi_arqos[2] in module axi_ddr3_controller is either unconnected or has no load
WARNING: [Synth 8-7129] Port s_axi_arqos[1] in module axi_ddr3_controller is either unconnected or has no load
WARNING: [Synth 8-7129] Port s_axi_arqos[0] in module axi_ddr3_controller is either unconnected or has no load
---------------------------------------------------------------------------------
Finished Synthesize : Time (s): cpu = 00:00:14 ; elapsed = 00:00:15 . Memory (MB): peak = 1133.012 ; gain = 622.023
---------------------------------------------------------------------------------
---------------------------------------------------------------------------------
Finished Constraint Validation : Time (s): cpu = 00:00:15 ; elapsed = 00:00:17 . Memory (MB): peak = 1133.012 ; gain = 622.023
---------------------------------------------------------------------------------
---------------------------------------------------------------------------------
Start Loading Part and Timing Information
---------------------------------------------------------------------------------
Loading part: xc7vx485tffg1761-2
---------------------------------------------------------------------------------
INFO: [Device 21-403] Loading part xc7vx485tffg1761-2
Finished Loading Part and Timing Information : Time (s): cpu = 00:00:15 ; elapsed = 00:00:17 . Memory (MB): peak = 1133.012 ; gain = 622.023
---------------------------------------------------------------------------------
INFO: [Synth 8-802] inferred FSM for state register 'state_q_reg' in module 'ddr3_controller_core'
---------------------------------------------------------------------------------------------------
                   State |                     New Encoding |                Previous Encoding 
---------------------------------------------------------------------------------------------------
           ST_RESET_WAIT |         000000000000010000000000 |                            00000
             ST_INIT_PRE |         000000001000000000000000 |                            00001
        ST_INIT_PRE_WAIT |         000000000001000000000000 |                            00010
            ST_INIT_MRS2 |         000000000000000100000000 |                            00011
            ST_INIT_MRS3 |         000000000000001000000000 |                            00100
            ST_INIT_MRS1 |         100000000000000000000000 |                            00101
            ST_INIT_MRS0 |         001000000000000000000000 |                            00110
              ST_INIT_ZQ |         000001000000000000000000 |                            00111
         ST_INIT_ZQ_WAIT |         000010000000000000000000 |                            01000
            ST_CAL_START |         010000000000000000000000 |                            01001
             ST_CAL_WAIT |         000000100000000000000000 |                            01010
                 ST_IDLE |         000000000100000000000000 |                            01011
          ST_REFRESH_PRE |         000000000000000000010000 |                            10011
     ST_REFRESH_PRE_WAIT |         000000000000000000100000 |                            10100
          ST_REFRESH_CMD |         000100000000000000000000 |                            10101
         ST_REFRESH_WAIT |         000000010000000000000000 |                            10110
              ST_REQ_PRE |         000000000000000000001000 |                            01100
         ST_REQ_PRE_WAIT |         000000000000000000000100 |                            01101
              ST_REQ_ACT |         000000000000000000000001 |                            01110
         ST_REQ_ACT_WAIT |         000000000000000000000010 |                            01111
               ST_REQ_RW |         000000000010000000000000 |                            10000
       ST_REQ_WRITE_WAIT |         000000000000100000000000 |                            10001
        ST_REQ_READ_WAIT |         000000000000000001000000 |                            10010
             ST_RESPONSE |         000000000000000010000000 |                            10111
---------------------------------------------------------------------------------------------------
INFO: [Synth 8-3354] encoded FSM with state register 'state_q_reg' using encoding 'one-hot' in module 'ddr3_controller_core'
---------------------------------------------------------------------------------
Finished RTL Optimization Phase 2 : Time (s): cpu = 00:00:17 ; elapsed = 00:00:18 . Memory (MB): peak = 1133.012 ; gain = 622.023
---------------------------------------------------------------------------------
No constraint files found.
---------------------------------------------------------------------------------
Start RTL Component Statistics 
---------------------------------------------------------------------------------
Detailed RTL Component Info : 
+---Adders : 
	   2 Input   33 Bit       Adders := 2     
	   2 Input   32 Bit       Adders := 7     
	   2 Input   16 Bit       Adders := 1     
	   2 Input   13 Bit       Adders := 2     
	   2 Input   11 Bit       Adders := 1     
	   2 Input    9 Bit       Adders := 4     
	   2 Input    8 Bit       Adders := 2     
	   2 Input    7 Bit       Adders := 1     
+---Registers : 
	               32 Bit    Registers := 7     
	               16 Bit    Registers := 10    
	               11 Bit    Registers := 1     
	               10 Bit    Registers := 1     
	                8 Bit    Registers := 5     
	                7 Bit    Registers := 1     
	                6 Bit    Registers := 4     
	                4 Bit    Registers := 2     
	                3 Bit    Registers := 3     
	                2 Bit    Registers := 6     
	                1 Bit    Registers := 22    
+---Muxes : 
	  24 Input   32 Bit        Muxes := 1     
	   2 Input   32 Bit        Muxes := 14    
	  24 Input   24 Bit        Muxes := 1     
	   2 Input   24 Bit        Muxes := 28    
	  11 Input   16 Bit        Muxes := 1     
	  24 Input   16 Bit        Muxes := 1     
	   2 Input   11 Bit        Muxes := 1     
	  24 Input    8 Bit        Muxes := 1     
	   2 Input    8 Bit        Muxes := 5     
	   2 Input    7 Bit        Muxes := 3     
	  24 Input    7 Bit        Muxes := 1     
	   2 Input    4 Bit        Muxes := 1     
	   2 Input    3 Bit        Muxes := 1     
	  11 Input    3 Bit        Muxes := 2     
	   2 Input    2 Bit        Muxes := 8     
	   6 Input    2 Bit        Muxes := 2     
	   3 Input    2 Bit        Muxes := 1     
	   2 Input    1 Bit        Muxes := 68    
	  11 Input    1 Bit        Muxes := 1     
	  24 Input    1 Bit        Muxes := 21    
---------------------------------------------------------------------------------
Finished RTL Component Statistics 
---------------------------------------------------------------------------------
---------------------------------------------------------------------------------
Start Part Resource Summary
---------------------------------------------------------------------------------
Part Resources:
DSPs: 2800 (col length:140)
BRAMs: 2060 (col length: RAMB18 140 RAMB36 70)
---------------------------------------------------------------------------------
Finished Part Resource Summary
---------------------------------------------------------------------------------
No constraint files found.
---------------------------------------------------------------------------------
Start Cross Boundary and Area Optimization
---------------------------------------------------------------------------------
WARNING: [Synth 8-7080] Parallel synthesis criteria is not met
WARNING: [Synth 8-7129] Port req_addr_i[31] in module ddr3_controller_core is either unconnected or has no load
WARNING: [Synth 8-7129] Port req_addr_i[1] in module ddr3_controller_core is either unconnected or has no load
WARNING: [Synth 8-7129] Port req_addr_i[0] in module ddr3_controller_core is either unconnected or has no load
WARNING: [Synth 8-7129] Port s_axi_awlock in module axi_ddr3_controller is either unconnected or has no load
WARNING: [Synth 8-7129] Port s_axi_awcache[3] in module axi_ddr3_controller is either unconnected or has no load
WARNING: [Synth 8-7129] Port s_axi_awcache[2] in module axi_ddr3_controller is either unconnected or has no load
WARNING: [Synth 8-7129] Port s_axi_awcache[1] in module axi_ddr3_controller is either unconnected or has no load
WARNING: [Synth 8-7129] Port s_axi_awcache[0] in module axi_ddr3_controller is either unconnected or has no load
WARNING: [Synth 8-7129] Port s_axi_awprot[2] in module axi_ddr3_controller is either unconnected or has no load
WARNING: [Synth 8-7129] Port s_axi_awprot[1] in module axi_ddr3_controller is either unconnected or has no load
WARNING: [Synth 8-7129] Port s_axi_awprot[0] in module axi_ddr3_controller is either unconnected or has no load
WARNING: [Synth 8-7129] Port s_axi_awqos[3] in module axi_ddr3_controller is either unconnected or has no load
WARNING: [Synth 8-7129] Port s_axi_awqos[2] in module axi_ddr3_controller is either unconnected or has no load
WARNING: [Synth 8-7129] Port s_axi_awqos[1] in module axi_ddr3_controller is either unconnected or has no load
WARNING: [Synth 8-7129] Port s_axi_awqos[0] in module axi_ddr3_controller is either unconnected or has no load
WARNING: [Synth 8-7129] Port s_axi_arlock in module axi_ddr3_controller is either unconnected or has no load
WARNING: [Synth 8-7129] Port s_axi_arcache[3] in module axi_ddr3_controller is either unconnected or has no load
WARNING: [Synth 8-7129] Port s_axi_arcache[2] in module axi_ddr3_controller is either unconnected or has no load
WARNING: [Synth 8-7129] Port s_axi_arcache[1] in module axi_ddr3_controller is either unconnected or has no load
WARNING: [Synth 8-7129] Port s_axi_arcache[0] in module axi_ddr3_controller is either unconnected or has no load
WARNING: [Synth 8-7129] Port s_axi_arprot[2] in module axi_ddr3_controller is either unconnected or has no load
WARNING: [Synth 8-7129] Port s_axi_arprot[1] in module axi_ddr3_controller is either unconnected or has no load
WARNING: [Synth 8-7129] Port s_axi_arprot[0] in module axi_ddr3_controller is either unconnected or has no load
WARNING: [Synth 8-7129] Port s_axi_arqos[3] in module axi_ddr3_controller is either unconnected or has no load
WARNING: [Synth 8-7129] Port s_axi_arqos[2] in module axi_ddr3_controller is either unconnected or has no load
WARNING: [Synth 8-7129] Port s_axi_arqos[1] in module axi_ddr3_controller is either unconnected or has no load
WARNING: [Synth 8-7129] Port s_axi_arqos[0] in module axi_ddr3_controller is either unconnected or has no load
---------------------------------------------------------------------------------
Finished Cross Boundary and Area Optimization : Time (s): cpu = 00:00:37 ; elapsed = 00:00:40 . Memory (MB): peak = 1667.008 ; gain = 1156.020
---------------------------------------------------------------------------------
No constraint files found.
---------------------------------------------------------------------------------
Start Timing Optimization
---------------------------------------------------------------------------------
---------------------------------------------------------------------------------
Finished Timing Optimization : Time (s): cpu = 00:00:37 ; elapsed = 00:00:41 . Memory (MB): peak = 1667.008 ; gain = 1156.020
---------------------------------------------------------------------------------
---------------------------------------------------------------------------------
Start Technology Mapping
---------------------------------------------------------------------------------
---------------------------------------------------------------------------------
Finished Technology Mapping : Time (s): cpu = 00:00:38 ; elapsed = 00:00:41 . Memory (MB): peak = 1667.008 ; gain = 1156.020
---------------------------------------------------------------------------------
---------------------------------------------------------------------------------
Start IO Insertion
---------------------------------------------------------------------------------
---------------------------------------------------------------------------------
Start Flattening Before IO Insertion
---------------------------------------------------------------------------------
---------------------------------------------------------------------------------
Finished Flattening Before IO Insertion
---------------------------------------------------------------------------------
---------------------------------------------------------------------------------
Start Final Netlist Cleanup
---------------------------------------------------------------------------------
---------------------------------------------------------------------------------
Finished Final Netlist Cleanup
---------------------------------------------------------------------------------
---------------------------------------------------------------------------------
Finished IO Insertion : Time (s): cpu = 00:00:46 ; elapsed = 00:00:50 . Memory (MB): peak = 1837.164 ; gain = 1326.176
---------------------------------------------------------------------------------
---------------------------------------------------------------------------------
Start Renaming Generated Instances
---------------------------------------------------------------------------------
---------------------------------------------------------------------------------
Finished Renaming Generated Instances : Time (s): cpu = 00:00:46 ; elapsed = 00:00:50 . Memory (MB): peak = 1837.164 ; gain = 1326.176
---------------------------------------------------------------------------------
---------------------------------------------------------------------------------
Start Rebuilding User Hierarchy
---------------------------------------------------------------------------------
---------------------------------------------------------------------------------
Finished Rebuilding User Hierarchy : Time (s): cpu = 00:00:46 ; elapsed = 00:00:50 . Memory (MB): peak = 1837.164 ; gain = 1326.176
---------------------------------------------------------------------------------
---------------------------------------------------------------------------------
Start Renaming Generated Ports
---------------------------------------------------------------------------------
---------------------------------------------------------------------------------
Finished Renaming Generated Ports : Time (s): cpu = 00:00:46 ; elapsed = 00:00:50 . Memory (MB): peak = 1837.164 ; gain = 1326.176
---------------------------------------------------------------------------------
---------------------------------------------------------------------------------
Start Handling Custom Attributes
---------------------------------------------------------------------------------
---------------------------------------------------------------------------------
Finished Handling Custom Attributes : Time (s): cpu = 00:00:46 ; elapsed = 00:00:51 . Memory (MB): peak = 1837.164 ; gain = 1326.176
---------------------------------------------------------------------------------
---------------------------------------------------------------------------------
Start Renaming Generated Nets
---------------------------------------------------------------------------------
---------------------------------------------------------------------------------
Finished Renaming Generated Nets : Time (s): cpu = 00:00:46 ; elapsed = 00:00:51 . Memory (MB): peak = 1837.164 ; gain = 1326.176
---------------------------------------------------------------------------------
---------------------------------------------------------------------------------
Start Writing Synthesis Report
---------------------------------------------------------------------------------

Report BlackBoxes: 
+-+--------------+----------+
| |BlackBox name |Instances |
+-+--------------+----------+
+-+--------------+----------+

Report Cell Usage: 
+------+-------+------+
|      |Cell   |Count |
+------+-------+------+
|1     |CARRY4 |    64|
|2     |LUT1   |    22|
|3     |LUT2   |   115|
|4     |LUT3   |   116|
|5     |LUT4   |   121|
|6     |LUT5   |    98|
|7     |LUT6   |   274|
|8     |MUXF7  |    16|
|9     |FDCE   |   569|
|10    |FDPE   |     7|
+------+-------+------+

Report Instance Areas: 
+------+-----------------------+---------------------+------+
|      |Instance               |Module               |Cells |
+------+-----------------------+---------------------+------+
|1     |top                    |                     |  1402|
|2     |  controller_core_inst |ddr3_controller_core |   999|
+------+-----------------------+---------------------+------+
---------------------------------------------------------------------------------
Finished Writing Synthesis Report : Time (s): cpu = 00:00:46 ; elapsed = 00:00:51 . Memory (MB): peak = 1837.164 ; gain = 1326.176
---------------------------------------------------------------------------------
Synthesis finished with 0 errors, 0 critical warnings and 56 warnings.
Synthesis Optimization Runtime : Time (s): cpu = 00:00:46 ; elapsed = 00:00:51 . Memory (MB): peak = 1837.164 ; gain = 1326.176
Synthesis Optimization Complete : Time (s): cpu = 00:00:46 ; elapsed = 00:00:51 . Memory (MB): peak = 1837.164 ; gain = 1326.176
INFO: [Project 1-571] Translating synthesized netlist
Netlist sorting complete. Time (s): cpu = 00:00:00 ; elapsed = 00:00:00.023 . Memory (MB): peak = 1850.238 ; gain = 0.000
INFO: [Netlist 29-17] Analyzing 80 Unisim elements for replacement
INFO: [Netlist 29-28] Unisim Transformation completed in 0 CPU seconds
INFO: [Project 1-570] Preparing netlist for logic optimization
INFO: [Opt 31-138] Pushed 0 inverter(s) to 0 load pin(s).
Netlist sorting complete. Time (s): cpu = 00:00:00 ; elapsed = 00:00:00.001 . Memory (MB): peak = 1959.227 ; gain = 0.000
INFO: [Project 1-111] Unisim Transformation Summary:
No Unisim elements were transformed.

Synth Design complete | Checksum: 6b720ce5
INFO: [Common 17-83] Releasing license: Synthesis
18 Infos, 56 Warnings, 0 Critical Warnings and 0 Errors encountered.
synth_design completed successfully
synth_design: Time (s): cpu = 00:00:54 ; elapsed = 00:00:59 . Memory (MB): peak = 1959.543 ; gain = 1452.527
INFO: [Vivado 12-4761] HD.CLK_SRC property is set on port aclk. The net connecting to the port drives either clock PIN or hierarchical black box. Use the create_clock constraint to create a clock on this port prior to setting HD.CLK_SRC. 
Command: opt_design
Attempting to get a license for feature 'Implementation' and/or device 'xc7vx485t'
INFO: [Common 17-349] Got license for feature 'Implementation' and/or device 'xc7vx485t'
Running DRC as a precondition to command opt_design

Starting DRC Task
INFO: [DRC 23-27] Running DRC with 2 threads
WARNING: [DRC 23-814] Not all possible (connectivity based) DRCs may have been run because this design is seen as Out of Context.
INFO: [Project 1-461] DRC finished with 0 Errors
INFO: [Project 1-462] Please refer to the DRC report (report_drc) for more information.

Time (s): cpu = 00:00:02 ; elapsed = 00:00:02 . Memory (MB): peak = 1959.543 ; gain = 0.000

Starting Cache Timing Information Task
INFO: [Timing 38-35] Done setting XDC timing constraints.
Ending Cache Timing Information Task | Checksum: 149ba9b76

Time (s): cpu = 00:00:17 ; elapsed = 00:00:18 . Memory (MB): peak = 2393.113 ; gain = 433.570

Starting Logic Optimization Task

Phase 1 Initialization

Phase 1.1 Core Generation And Design Setup
Phase 1.1 Core Generation And Design Setup | Checksum: 149ba9b76

Time (s): cpu = 00:00:00 ; elapsed = 00:00:00.008 . Memory (MB): peak = 2805.410 ; gain = 0.000

Phase 1.2 Setup Constraints And Sort Netlist
Phase 1.2 Setup Constraints And Sort Netlist | Checksum: 149ba9b76

Time (s): cpu = 00:00:00 ; elapsed = 00:00:00.014 . Memory (MB): peak = 2805.410 ; gain = 0.000
Phase 1 Initialization | Checksum: 149ba9b76

Time (s): cpu = 00:00:00 ; elapsed = 00:00:00.016 . Memory (MB): peak = 2805.410 ; gain = 0.000

Phase 2 Timer Update And Timing Data Collection

Phase 2.1 Timer Update
Phase 2.1 Timer Update | Checksum: 149ba9b76

Time (s): cpu = 00:00:00 ; elapsed = 00:00:00.079 . Memory (MB): peak = 2805.410 ; gain = 0.000

Phase 2.2 Timing Data Collection
Phase 2.2 Timing Data Collection | Checksum: 149ba9b76

Time (s): cpu = 00:00:00 ; elapsed = 00:00:00.092 . Memory (MB): peak = 2805.410 ; gain = 0.000
Phase 2 Timer Update And Timing Data Collection | Checksum: 149ba9b76

Time (s): cpu = 00:00:00 ; elapsed = 00:00:00.093 . Memory (MB): peak = 2805.410 ; gain = 0.000

Phase 3 Retarget
INFO: [Opt 31-1851] Number of loadless carry chains removed were: 0
INFO: [Opt 31-1834] Total Chains To Be Transformed Were: 0 AND Number of Transformed insts Created are: 0
INFO: [Opt 31-1566] Pulled 1 inverters resulting in an inversion of 74 pins
INFO: [Opt 31-138] Pushed 0 inverter(s) to 0 load pin(s).
INFO: [Opt 31-49] Retargeted 0 cell(s).
Phase 3 Retarget | Checksum: 135d67443

Time (s): cpu = 00:00:00 ; elapsed = 00:00:00.147 . Memory (MB): peak = 2805.410 ; gain = 0.000
Retarget | Checksum: 135d67443
INFO: [Opt 31-389] Phase Retarget created 0 cells and removed 1 cells

Phase 4 Constant propagation
INFO: [Opt 31-138] Pushed 0 inverter(s) to 0 load pin(s).
Phase 4 Constant propagation | Checksum: 135d67443

Time (s): cpu = 00:00:00 ; elapsed = 00:00:00.171 . Memory (MB): peak = 2805.410 ; gain = 0.000
Constant propagation | Checksum: 135d67443
INFO: [Opt 31-389] Phase Constant propagation created 0 cells and removed 0 cells

Phase 5 Sweep
INFO: [Constraints 18-11670] Building netlist checker database with flags, 0x8
Done building netlist checker database: Time (s): cpu = 00:00:00 ; elapsed = 00:00:00 . Memory (MB): peak = 2805.410 ; gain = 0.000
Phase 5 Sweep | Checksum: d4ce02fc

Time (s): cpu = 00:00:00 ; elapsed = 00:00:00.206 . Memory (MB): peak = 2805.410 ; gain = 0.000
Sweep | Checksum: d4ce02fc
INFO: [Opt 31-389] Phase Sweep created 0 cells and removed 0 cells

Phase 6 BUFG optimization
Phase 6 BUFG optimization | Checksum: d4ce02fc

Time (s): cpu = 00:00:00 ; elapsed = 00:00:00.233 . Memory (MB): peak = 2805.410 ; gain = 0.000
BUFG optimization | Checksum: d4ce02fc
INFO: [Opt 31-662] Phase BUFG optimization created 0 cells of which 0 are BUFGs and removed 0 cells.

Phase 7 Shift Register Optimization
INFO: [Opt 31-1064] SRL Remap converted 0 SRLs to 0 registers and converted 0 registers of register chains to 0 SRLs
Phase 7 Shift Register Optimization | Checksum: d4ce02fc

Time (s): cpu = 00:00:00 ; elapsed = 00:00:00.241 . Memory (MB): peak = 2805.410 ; gain = 0.000
Shift Register Optimization | Checksum: d4ce02fc
INFO: [Opt 31-389] Phase Shift Register Optimization created 0 cells and removed 0 cells

Phase 8 Post Processing Netlist
Phase 8 Post Processing Netlist | Checksum: d4ce02fc

Time (s): cpu = 00:00:00 ; elapsed = 00:00:00.254 . Memory (MB): peak = 2805.410 ; gain = 0.000
Post Processing Netlist | Checksum: d4ce02fc
INFO: [Opt 31-389] Phase Post Processing Netlist created 0 cells and removed 0 cells

Phase 9 Finalization

Phase 9.1 Finalizing Design Cores and Updating Shapes
Phase 9.1 Finalizing Design Cores and Updating Shapes | Checksum: cd60ff04

Time (s): cpu = 00:00:00 ; elapsed = 00:00:00.309 . Memory (MB): peak = 2805.410 ; gain = 0.000

Phase 9.2 Verifying Netlist Connectivity

Starting Connectivity Check Task

Time (s): cpu = 00:00:00 ; elapsed = 00:00:00.020 . Memory (MB): peak = 2805.410 ; gain = 0.000
Phase 9.2 Verifying Netlist Connectivity | Checksum: cd60ff04

Time (s): cpu = 00:00:00 ; elapsed = 00:00:00.331 . Memory (MB): peak = 2805.410 ; gain = 0.000
Phase 9 Finalization | Checksum: cd60ff04

Time (s): cpu = 00:00:00 ; elapsed = 00:00:00.332 . Memory (MB): peak = 2805.410 ; gain = 0.000
Opt_design Change Summary
=========================


-------------------------------------------------------------------------------------------------------------------------
|  Phase                        |  #Cells created  |  #Cells Removed  |  #Constrained objects preventing optimizations  |
-------------------------------------------------------------------------------------------------------------------------
|  Retarget                     |               0  |               1  |                                              0  |
|  Constant propagation         |               0  |               0  |                                              0  |
|  Sweep                        |               0  |               0  |                                              0  |
|  BUFG optimization            |               0  |               0  |                                              0  |
|  Shift Register Optimization  |               0  |               0  |                                              0  |
|  Post Processing Netlist      |               0  |               0  |                                              0  |
-------------------------------------------------------------------------------------------------------------------------


Ending Logic Optimization Task | Checksum: cd60ff04

Time (s): cpu = 00:00:00 ; elapsed = 00:00:00.335 . Memory (MB): peak = 2805.410 ; gain = 0.000

Starting Power Optimization Task
INFO: [Pwropt 34-132] Skipping clock gating for clocks with a period < 2.00 ns.
Ending Power Optimization Task | Checksum: cd60ff04

Time (s): cpu = 00:00:00 ; elapsed = 00:00:00.031 . Memory (MB): peak = 2805.410 ; gain = 0.000

Starting Final Cleanup Task
Ending Final Cleanup Task | Checksum: cd60ff04

Time (s): cpu = 00:00:00 ; elapsed = 00:00:00.002 . Memory (MB): peak = 2805.410 ; gain = 0.000

Starting Netlist Obfuscation Task
Netlist sorting complete. Time (s): cpu = 00:00:00 ; elapsed = 00:00:00.002 . Memory (MB): peak = 2805.410 ; gain = 0.000
Ending Netlist Obfuscation Task | Checksum: cd60ff04

Time (s): cpu = 00:00:00 ; elapsed = 00:00:00.004 . Memory (MB): peak = 2805.410 ; gain = 0.000
INFO: [Common 17-83] Releasing license: Implementation
40 Infos, 57 Warnings, 0 Critical Warnings and 0 Errors encountered.
opt_design completed successfully
opt_design: Time (s): cpu = 00:00:26 ; elapsed = 00:00:28 . Memory (MB): peak = 2805.410 ; gain = 845.867
INFO: [Timing 38-91] UpdateTimingParams: Speed grade: -2, Delay Type: max.
INFO: [Timing 38-191] Multithreading enabled for timing update using a maximum of 2 CPUs
INFO: [Timing 38-35] Done setting XDC timing constraints.
DDR3 controller synthesis: DSP=0, estimated Fmax=312.891 MHz
INFO: [Common 17-206] Exiting Vivado at Mon Aug 17 14:51:39 2026...
