#-----------------------------------------------------------
# Vivado v2025.1 (64-bit)
# SW Build 6140274 on Thu May 22 00:12:29 MDT 2025
# IP Build 6138677 on Thu May 22 03:10:11 MDT 2025
# SharedData Build 6139179 on Tue May 20 17:58:58 MDT 2025
# Start of session at: Mon Aug 17 14:53:34 2026
# Process ID         : 31680
# Current directory  : D:/
# Command line       : vivado.exe -mode batch -nojournal -notrace -log D:\_codex_vivado\vc707_license_implementation.log -source C:\Users\ADMIN\AppData\Local\Temp\codex_vivado_run.tcl
# Log file           : D:/_codex_vivado/vc707_license_implementation.log
# Journal file       : 
# Running On         : LAPTOP-7VHB4FBR
# Platform           : Windows Server 2016 or Windows 10
# Operating System   : 26200
# Processor Detail   : 13th Gen Intel(R) Core(TM) i7-13700H
# CPU Frequency      : 2918 MHz
# CPU Physical cores : 14
# CPU Logical cores  : 20
# Host memory        : 16786 MB
# Swap memory        : 4710 MB
# Total Virtual      : 21496 MB
# Available Virtual  : 3613 MB
#-----------------------------------------------------------
source {C:\Users\ADMIN\AppData\Local\Temp\codex_vivado_run.tcl} -notrace
create_project: Time (s): cpu = 00:00:16 ; elapsed = 00:00:10 . Memory (MB): peak = 507.070 ; gain = 211.062
Command: synth_design -top axi_ddr3_controller -part xc7vx485tffg1761-2 -mode out_of_context -flatten_hierarchy rebuilt
Starting synth_design
Attempting to get a license for feature 'Synthesis' and/or device 'xc7vx485t'
INFO: [Common 17-349] Got license for feature 'Synthesis' and/or device 'xc7vx485t'
INFO: [Synth 8-7079] Multithreading enabled for synth_design using a maximum of 2 processes.
INFO: [Synth 8-7078] Launching helper process for spawning children vivado processes
INFO: [Synth 8-7075] Helper process launched with PID 18068
---------------------------------------------------------------------------------
Starting Synthesize : Time (s): cpu = 00:00:10 ; elapsed = 00:00:11 . Memory (MB): peak = 1014.340 ; gain = 504.293
---------------------------------------------------------------------------------
INFO: [Synth 8-6157] synthesizing module 'axi_ddr3_controller' [D:/_codex_dma_mmu/src/Memory/axi_ddr3_controller.sv:14]
INFO: [Synth 8-6157] synthesizing module 'ddr3_controller_core' [D:/_codex_dma_mmu/src/Memory/ddr3_controller_core.sv:13]
	Parameter ADDR_WIDTH bound to: 32'sb00000000000000000000000000100000 
	Parameter DATA_WIDTH bound to: 32'sb00000000000000000000000000100000 
	Parameter ROW_WIDTH bound to: 32'sb00000000000000000000000000010000 
	Parameter COL_WIDTH bound to: 32'sb00000000000000000000000000001010 
	Parameter BANK_WIDTH bound to: 32'sb00000000000000000000000000000011 
	Parameter RESET_CYCLES bound to: 32'sb00000000000000000000000001000000 
	Parameter REFRESH_CYCLES bound to: 32'sb00000000000000000000010010010010 
	Parameter CAL_TIMEOUT bound to: 32'sb00000000000000001111111111111111 
INFO: [Synth 8-6155] done synthesizing module 'ddr3_controller_core' (0#1) [D:/_codex_dma_mmu/src/Memory/ddr3_controller_core.sv:13]
INFO: [Synth 8-6155] done synthesizing module 'axi_ddr3_controller' (0#1) [D:/_codex_dma_mmu/src/Memory/axi_ddr3_controller.sv:14]
WARNING: [Synth 8-6014] Unused sequential element req_addr_q_reg was removed.  [D:/_codex_dma_mmu/src/Memory/ddr3_controller_core.sv:270]
WARNING: [Synth 8-7129] Port req_addr_i[31] in module ddr3_controller_core is either unconnected or has no load
WARNING: [Synth 8-7129] Port req_addr_i[1] in module ddr3_controller_core is either unconnected or has no load
WARNING: [Synth 8-7129] Port req_addr_i[0] in module ddr3_controller_core is either unconnected or has no load
WARNING: [Synth 8-7129] Port s_axi_awlock in module axi_ddr3_controller is either unconnected or has no load
WARNING: [Synth 8-7129] Port s_axi_awcache[3] in module axi_ddr3_controller is either unconnected or has no load
WARNING: [Synth 8-7129] Port s_axi_awcache[2] in module axi_ddr3_controller is either unconnected or has no load
WARNING: [Synth 8-7129] Port s_axi_awcache[1] in module axi_ddr3_controller is either unconnected or has no load
WARNING: [Synth 8-7129] Port s_axi_awcache[0] in module axi_ddr3_controller is either unconnected or has no load
WARNING: [Synth 8-7129] Port s_axi_awprot[2] in module axi_ddr3_controller is either unconnected or has no load
WARNING: [Synth 8-7129] Port s_axi_awprot[1] in module axi_ddr3_controller is either unconnected or has no load
WARNING: [Synth 8-7129] Port s_axi_awprot[0] in module axi_ddr3_controller is either unconnected or has no load
WARNING: [Synth 8-7129] Port s_axi_awqos[3] in module axi_ddr3_controller is either unconnected or has no load
WARNING: [Synth 8-7129] Port s_axi_awqos[2] in module axi_ddr3_controller is either unconnected or has no load
WARNING: [Synth 8-7129] Port s_axi_awqos[1] in module axi_ddr3_controller is either unconnected or has no load
WARNING: [Synth 8-7129] Port s_axi_awqos[0] in module axi_ddr3_controller is either unconnected or has no load
WARNING: [Synth 8-7129] Port s_axi_arlock in module axi_ddr3_controller is either unconnected or has no load
WARNING: [Synth 8-7129] Port s_axi_arcache[3] in module axi_ddr3_controller is either unconnected or has no load
WARNING: [Synth 8-7129] Port s_axi_arcache[2] in module axi_ddr3_controller is either unconnected or has no load
WARNING: [Synth 8-7129] Port s_axi_arcache[1] in module axi_ddr3_controller is either unconnected or has no load
WARNING: [Synth 8-7129] Port s_axi_arcache[0] in module axi_ddr3_controller is either unconnected or has no load
WARNING: [Synth 8-7129] Port s_axi_arprot[2] in module axi_ddr3_controller is either unconnected or has no load
WARNING: [Synth 8-7129] Port s_axi_arprot[1] in module axi_ddr3_controller is either unconnected or has no load
WARNING: [Synth 8-7129] Port s_axi_arprot[0] in module axi_ddr3_controller is either unconnected or has no load
WARNING: [Synth 8-7129] Port s_axi_arqos[3] in module axi_ddr3_controller is either unconnected or has no load
WARNING: [Synth 8-7129] Port s_axi_arqos[2] in module axi_ddr3_controller is either unconnected or has no load
WARNING: [Synth 8-7129] Port s_axi_arqos[1] in module axi_ddr3_controller is either unconnected or has no load
WARNING: [Synth 8-7129] Port s_axi_arqos[0] in module axi_ddr3_controller is either unconnected or has no load
---------------------------------------------------------------------------------
Finished Synthesize : Time (s): cpu = 00:00:13 ; elapsed = 00:00:15 . Memory (MB): peak = 1133.859 ; gain = 623.812
---------------------------------------------------------------------------------
---------------------------------------------------------------------------------
Finished Constraint Validation : Time (s): cpu = 00:00:15 ; elapsed = 00:00:17 . Memory (MB): peak = 1133.859 ; gain = 623.812
---------------------------------------------------------------------------------
---------------------------------------------------------------------------------
Start Loading Part and Timing Information
---------------------------------------------------------------------------------
Loading part: xc7vx485tffg1761-2
---------------------------------------------------------------------------------
INFO: [Device 21-403] Loading part xc7vx485tffg1761-2
Finished Loading Part and Timing Information : Time (s): cpu = 00:00:15 ; elapsed = 00:00:17 . Memory (MB): peak = 1133.859 ; gain = 623.812
---------------------------------------------------------------------------------
INFO: [Synth 8-802] inferred FSM for state register 'state_q_reg' in module 'ddr3_controller_core'
---------------------------------------------------------------------------------------------------
                   State |                     New Encoding |                Previous Encoding 
---------------------------------------------------------------------------------------------------
           ST_RESET_WAIT |         000000000000010000000000 |                            00000
             ST_INIT_PRE |         000000001000000000000000 |                            00001
        ST_INIT_PRE_WAIT |         000000000001000000000000 |                            00010
            ST_INIT_MRS2 |         000000000000000100000000 |                            00011
            ST_INIT_MRS3 |         000000000000001000000000 |                            00100
            ST_INIT_MRS1 |         100000000000000000000000 |                            00101
            ST_INIT_MRS0 |         001000000000000000000000 |                            00110
              ST_INIT_ZQ |         000001000000000000000000 |                            00111
         ST_INIT_ZQ_WAIT |         000010000000000000000000 |                            01000
            ST_CAL_START |         010000000000000000000000 |                            01001
             ST_CAL_WAIT |         000000100000000000000000 |                            01010
                 ST_IDLE |         000000000100000000000000 |                            01011
          ST_REFRESH_PRE |         000000000000000000010000 |                            10011
     ST_REFRESH_PRE_WAIT |         000000000000000000100000 |                            10100
          ST_REFRESH_CMD |         000100000000000000000000 |                            10101
         ST_REFRESH_WAIT |         000000010000000000000000 |                            10110
              ST_REQ_PRE |         000000000000000000001000 |                            01100
         ST_REQ_PRE_WAIT |         000000000000000000000100 |                            01101
              ST_REQ_ACT |         000000000000000000000001 |                            01110
         ST_REQ_ACT_WAIT |         000000000000000000000010 |                            01111
               ST_REQ_RW |         000000000010000000000000 |                            10000
       ST_REQ_WRITE_WAIT |         000000000000100000000000 |                            10001
        ST_REQ_READ_WAIT |         000000000000000001000000 |                            10010
             ST_RESPONSE |         000000000000000010000000 |                            10111
---------------------------------------------------------------------------------------------------
INFO: [Synth 8-3354] encoded FSM with state register 'state_q_reg' using encoding 'one-hot' in module 'ddr3_controller_core'
---------------------------------------------------------------------------------
Finished RTL Optimization Phase 2 : Time (s): cpu = 00:00:17 ; elapsed = 00:00:18 . Memory (MB): peak = 1133.859 ; gain = 623.812
---------------------------------------------------------------------------------
No constraint files found.
---------------------------------------------------------------------------------
Start RTL Component Statistics 
---------------------------------------------------------------------------------
Detailed RTL Component Info : 
+---Adders : 
	   2 Input   33 Bit       Adders := 2     
	   2 Input   32 Bit       Adders := 7     
	   2 Input   16 Bit       Adders := 1     
	   2 Input   13 Bit       Adders := 2     
	   2 Input   11 Bit       Adders := 1     
	   2 Input    9 Bit       Adders := 4     
	   2 Input    8 Bit       Adders := 2     
	   2 Input    7 Bit       Adders := 1     
+---Registers : 
	               32 Bit    Registers := 7     
	               16 Bit    Registers := 10    
	               11 Bit    Registers := 1     
	               10 Bit    Registers := 1     
	                8 Bit    Registers := 5     
	                7 Bit    Registers := 1     
	                6 Bit    Registers := 4     
	                4 Bit    Registers := 2     
	                3 Bit    Registers := 3     
	                2 Bit    Registers := 6     
	                1 Bit    Registers := 22    
+---Muxes : 
	  24 Input   32 Bit        Muxes := 1     
	   2 Input   32 Bit        Muxes := 14    
	  24 Input   24 Bit        Muxes := 1     
	   2 Input   24 Bit        Muxes := 28    
	  11 Input   16 Bit        Muxes := 1     
	  24 Input   16 Bit        Muxes := 1     
	   2 Input   11 Bit        Muxes := 1     
	  24 Input    8 Bit        Muxes := 1     
	   2 Input    8 Bit        Muxes := 5     
	   2 Input    7 Bit        Muxes := 3     
	  24 Input    7 Bit        Muxes := 1     
	   2 Input    4 Bit        Muxes := 1     
	   2 Input    3 Bit        Muxes := 1     
	  11 Input    3 Bit        Muxes := 2     
	   2 Input    2 Bit        Muxes := 8     
	   6 Input    2 Bit        Muxes := 2     
	   3 Input    2 Bit        Muxes := 1     
	   2 Input    1 Bit        Muxes := 68    
	  11 Input    1 Bit        Muxes := 1     
	  24 Input    1 Bit        Muxes := 21    
---------------------------------------------------------------------------------
Finished RTL Component Statistics 
---------------------------------------------------------------------------------
---------------------------------------------------------------------------------
Start Part Resource Summary
---------------------------------------------------------------------------------
Part Resources:
DSPs: 2800 (col length:140)
BRAMs: 2060 (col length: RAMB18 140 RAMB36 70)
---------------------------------------------------------------------------------
Finished Part Resource Summary
---------------------------------------------------------------------------------
No constraint files found.
---------------------------------------------------------------------------------
Start Cross Boundary and Area Optimization
---------------------------------------------------------------------------------
WARNING: [Synth 8-7080] Parallel synthesis criteria is not met
WARNING: [Synth 8-7129] Port req_addr_i[31] in module ddr3_controller_core is either unconnected or has no load
WARNING: [Synth 8-7129] Port req_addr_i[1] in module ddr3_controller_core is either unconnected or has no load
WARNING: [Synth 8-7129] Port req_addr_i[0] in module ddr3_controller_core is either unconnected or has no load
WARNING: [Synth 8-7129] Port s_axi_awlock in module axi_ddr3_controller is either unconnected or has no load
WARNING: [Synth 8-7129] Port s_axi_awcache[3] in module axi_ddr3_controller is either unconnected or has no load
WARNING: [Synth 8-7129] Port s_axi_awcache[2] in module axi_ddr3_controller is either unconnected or has no load
WARNING: [Synth 8-7129] Port s_axi_awcache[1] in module axi_ddr3_controller is either unconnected or has no load
WARNING: [Synth 8-7129] Port s_axi_awcache[0] in module axi_ddr3_controller is either unconnected or has no load
WARNING: [Synth 8-7129] Port s_axi_awprot[2] in module axi_ddr3_controller is either unconnected or has no load
WARNING: [Synth 8-7129] Port s_axi_awprot[1] in module axi_ddr3_controller is either unconnected or has no load
WARNING: [Synth 8-7129] Port s_axi_awprot[0] in module axi_ddr3_controller is either unconnected or has no load
WARNING: [Synth 8-7129] Port s_axi_awqos[3] in module axi_ddr3_controller is either unconnected or has no load
WARNING: [Synth 8-7129] Port s_axi_awqos[2] in module axi_ddr3_controller is either unconnected or has no load
WARNING: [Synth 8-7129] Port s_axi_awqos[1] in module axi_ddr3_controller is either unconnected or has no load
WARNING: [Synth 8-7129] Port s_axi_awqos[0] in module axi_ddr3_controller is either unconnected or has no load
WARNING: [Synth 8-7129] Port s_axi_arlock in module axi_ddr3_controller is either unconnected or has no load
WARNING: [Synth 8-7129] Port s_axi_arcache[3] in module axi_ddr3_controller is either unconnected or has no load
WARNING: [Synth 8-7129] Port s_axi_arcache[2] in module axi_ddr3_controller is either unconnected or has no load
WARNING: [Synth 8-7129] Port s_axi_arcache[1] in module axi_ddr3_controller is either unconnected or has no load
WARNING: [Synth 8-7129] Port s_axi_arcache[0] in module axi_ddr3_controller is either unconnected or has no load
WARNING: [Synth 8-7129] Port s_axi_arprot[2] in module axi_ddr3_controller is either unconnected or has no load
WARNING: [Synth 8-7129] Port s_axi_arprot[1] in module axi_ddr3_controller is either unconnected or has no load
WARNING: [Synth 8-7129] Port s_axi_arprot[0] in module axi_ddr3_controller is either unconnected or has no load
WARNING: [Synth 8-7129] Port s_axi_arqos[3] in module axi_ddr3_controller is either unconnected or has no load
WARNING: [Synth 8-7129] Port s_axi_arqos[2] in module axi_ddr3_controller is either unconnected or has no load
WARNING: [Synth 8-7129] Port s_axi_arqos[1] in module axi_ddr3_controller is either unconnected or has no load
WARNING: [Synth 8-7129] Port s_axi_arqos[0] in module axi_ddr3_controller is either unconnected or has no load
---------------------------------------------------------------------------------
Finished Cross Boundary and Area Optimization : Time (s): cpu = 00:00:37 ; elapsed = 00:00:42 . Memory (MB): peak = 1667.262 ; gain = 1157.215
---------------------------------------------------------------------------------
No constraint files found.
---------------------------------------------------------------------------------
Start Timing Optimization
---------------------------------------------------------------------------------
---------------------------------------------------------------------------------
Finished Timing Optimization : Time (s): cpu = 00:00:38 ; elapsed = 00:00:42 . Memory (MB): peak = 1667.262 ; gain = 1157.215
---------------------------------------------------------------------------------
---------------------------------------------------------------------------------
Start Technology Mapping
---------------------------------------------------------------------------------
---------------------------------------------------------------------------------
Finished Technology Mapping : Time (s): cpu = 00:00:38 ; elapsed = 00:00:43 . Memory (MB): peak = 1667.262 ; gain = 1157.215
---------------------------------------------------------------------------------
---------------------------------------------------------------------------------
Start IO Insertion
---------------------------------------------------------------------------------
---------------------------------------------------------------------------------
Start Flattening Before IO Insertion
---------------------------------------------------------------------------------
---------------------------------------------------------------------------------
Finished Flattening Before IO Insertion
---------------------------------------------------------------------------------
---------------------------------------------------------------------------------
Start Final Netlist Cleanup
---------------------------------------------------------------------------------
---------------------------------------------------------------------------------
Finished Final Netlist Cleanup
---------------------------------------------------------------------------------
---------------------------------------------------------------------------------
Finished IO Insertion : Time (s): cpu = 00:00:46 ; elapsed = 00:00:51 . Memory (MB): peak = 1841.465 ; gain = 1331.418
---------------------------------------------------------------------------------
---------------------------------------------------------------------------------
Start Renaming Generated Instances
---------------------------------------------------------------------------------
---------------------------------------------------------------------------------
Finished Renaming Generated Instances : Time (s): cpu = 00:00:46 ; elapsed = 00:00:51 . Memory (MB): peak = 1841.465 ; gain = 1331.418
---------------------------------------------------------------------------------
---------------------------------------------------------------------------------
Start Rebuilding User Hierarchy
---------------------------------------------------------------------------------
---------------------------------------------------------------------------------
Finished Rebuilding User Hierarchy : Time (s): cpu = 00:00:46 ; elapsed = 00:00:51 . Memory (MB): peak = 1841.465 ; gain = 1331.418
---------------------------------------------------------------------------------
---------------------------------------------------------------------------------
Start Renaming Generated Ports
---------------------------------------------------------------------------------
---------------------------------------------------------------------------------
Finished Renaming Generated Ports : Time (s): cpu = 00:00:46 ; elapsed = 00:00:51 . Memory (MB): peak = 1841.465 ; gain = 1331.418
---------------------------------------------------------------------------------
---------------------------------------------------------------------------------
Start Handling Custom Attributes
---------------------------------------------------------------------------------
---------------------------------------------------------------------------------
Finished Handling Custom Attributes : Time (s): cpu = 00:00:46 ; elapsed = 00:00:51 . Memory (MB): peak = 1841.465 ; gain = 1331.418
---------------------------------------------------------------------------------
---------------------------------------------------------------------------------
Start Renaming Generated Nets
---------------------------------------------------------------------------------
---------------------------------------------------------------------------------
Finished Renaming Generated Nets : Time (s): cpu = 00:00:46 ; elapsed = 00:00:51 . Memory (MB): peak = 1841.465 ; gain = 1331.418
---------------------------------------------------------------------------------
---------------------------------------------------------------------------------
Start Writing Synthesis Report
---------------------------------------------------------------------------------

Report BlackBoxes: 
+-+--------------+----------+
| |BlackBox name |Instances |
+-+--------------+----------+
+-+--------------+----------+

Report Cell Usage: 
+------+-------+------+
|      |Cell   |Count |
+------+-------+------+
|1     |CARRY4 |    64|
|2     |LUT1   |    22|
|3     |LUT2   |   115|
|4     |LUT3   |   116|
|5     |LUT4   |   121|
|6     |LUT5   |    98|
|7     |LUT6   |   274|
|8     |MUXF7  |    16|
|9     |FDCE   |   569|
|10    |FDPE   |     7|
+------+-------+------+

Report Instance Areas: 
+------+-----------------------+---------------------+------+
|      |Instance               |Module               |Cells |
+------+-----------------------+---------------------+------+
|1     |top                    |                     |  1402|
|2     |  controller_core_inst |ddr3_controller_core |   999|
+------+-----------------------+---------------------+------+
---------------------------------------------------------------------------------
Finished Writing Synthesis Report : Time (s): cpu = 00:00:46 ; elapsed = 00:00:51 . Memory (MB): peak = 1841.465 ; gain = 1331.418
---------------------------------------------------------------------------------
Synthesis finished with 0 errors, 0 critical warnings and 56 warnings.
Synthesis Optimization Runtime : Time (s): cpu = 00:00:46 ; elapsed = 00:00:51 . Memory (MB): peak = 1841.465 ; gain = 1331.418
Synthesis Optimization Complete : Time (s): cpu = 00:00:46 ; elapsed = 00:00:51 . Memory (MB): peak = 1841.465 ; gain = 1331.418
INFO: [Project 1-571] Translating synthesized netlist
Netlist sorting complete. Time (s): cpu = 00:00:00 ; elapsed = 00:00:00.025 . Memory (MB): peak = 1854.516 ; gain = 0.000
INFO: [Netlist 29-17] Analyzing 80 Unisim elements for replacement
INFO: [Netlist 29-28] Unisim Transformation completed in 0 CPU seconds
INFO: [Project 1-570] Preparing netlist for logic optimization
INFO: [Opt 31-138] Pushed 0 inverter(s) to 0 load pin(s).
Netlist sorting complete. Time (s): cpu = 00:00:00 ; elapsed = 00:00:00.001 . Memory (MB): peak = 1960.258 ; gain = 0.000
INFO: [Project 1-111] Unisim Transformation Summary:
No Unisim elements were transformed.

Synth Design complete | Checksum: 6b720ce5
INFO: [Common 17-83] Releasing license: Synthesis
18 Infos, 56 Warnings, 0 Critical Warnings and 0 Errors encountered.
synth_design completed successfully
synth_design: Time (s): cpu = 00:00:55 ; elapsed = 00:00:59 . Memory (MB): peak = 1960.645 ; gain = 1453.574
INFO: [Vivado 12-4761] HD.CLK_SRC property is set on port aclk. The net connecting to the port drives either clock PIN or hierarchical black box. Use the create_clock constraint to create a clock on this port prior to setting HD.CLK_SRC. 
Command: opt_design
Attempting to get a license for feature 'Implementation' and/or device 'xc7vx485t'
INFO: [Common 17-349] Got license for feature 'Implementation' and/or device 'xc7vx485t'
Running DRC as a precondition to command opt_design

Starting DRC Task
INFO: [DRC 23-27] Running DRC with 2 threads
WARNING: [DRC 23-814] Not all possible (connectivity based) DRCs may have been run because this design is seen as Out of Context.
INFO: [Project 1-461] DRC finished with 0 Errors
INFO: [Project 1-462] Please refer to the DRC report (report_drc) for more information.

Time (s): cpu = 00:00:02 ; elapsed = 00:00:02 . Memory (MB): peak = 1960.645 ; gain = 0.000

Starting Cache Timing Information Task
INFO: [Timing 38-35] Done setting XDC timing constraints.
Ending Cache Timing Information Task | Checksum: 149ba9b76

Time (s): cpu = 00:00:18 ; elapsed = 00:00:18 . Memory (MB): peak = 2398.039 ; gain = 437.395

Starting Logic Optimization Task

Phase 1 Initialization

Phase 1.1 Core Generation And Design Setup
Phase 1.1 Core Generation And Design Setup | Checksum: 149ba9b76

Time (s): cpu = 00:00:00 ; elapsed = 00:00:00.004 . Memory (MB): peak = 2802.770 ; gain = 0.000

Phase 1.2 Setup Constraints And Sort Netlist
Phase 1.2 Setup Constraints And Sort Netlist | Checksum: 149ba9b76

Time (s): cpu = 00:00:00 ; elapsed = 00:00:00.008 . Memory (MB): peak = 2802.770 ; gain = 0.000
Phase 1 Initialization | Checksum: 149ba9b76

Time (s): cpu = 00:00:00 ; elapsed = 00:00:00.009 . Memory (MB): peak = 2802.770 ; gain = 0.000

Phase 2 Timer Update And Timing Data Collection

Phase 2.1 Timer Update
Phase 2.1 Timer Update | Checksum: 149ba9b76

Time (s): cpu = 00:00:00 ; elapsed = 00:00:00.075 . Memory (MB): peak = 2802.770 ; gain = 0.000

Phase 2.2 Timing Data Collection
Phase 2.2 Timing Data Collection | Checksum: 149ba9b76

Time (s): cpu = 00:00:00 ; elapsed = 00:00:00.087 . Memory (MB): peak = 2802.770 ; gain = 0.000
Phase 2 Timer Update And Timing Data Collection | Checksum: 149ba9b76

Time (s): cpu = 00:00:00 ; elapsed = 00:00:00.088 . Memory (MB): peak = 2802.770 ; gain = 0.000

Phase 3 Retarget
INFO: [Opt 31-1851] Number of loadless carry chains removed were: 0
INFO: [Opt 31-1834] Total Chains To Be Transformed Were: 0 AND Number of Transformed insts Created are: 0
INFO: [Opt 31-1566] Pulled 1 inverters resulting in an inversion of 74 pins
INFO: [Opt 31-138] Pushed 0 inverter(s) to 0 load pin(s).
INFO: [Opt 31-49] Retargeted 0 cell(s).
Phase 3 Retarget | Checksum: 135d67443

Time (s): cpu = 00:00:00 ; elapsed = 00:00:00.141 . Memory (MB): peak = 2802.770 ; gain = 0.000
Retarget | Checksum: 135d67443
INFO: [Opt 31-389] Phase Retarget created 0 cells and removed 1 cells

Phase 4 Constant propagation
INFO: [Opt 31-138] Pushed 0 inverter(s) to 0 load pin(s).
Phase 4 Constant propagation | Checksum: 135d67443

Time (s): cpu = 00:00:00 ; elapsed = 00:00:00.159 . Memory (MB): peak = 2802.770 ; gain = 0.000
Constant propagation | Checksum: 135d67443
INFO: [Opt 31-389] Phase Constant propagation created 0 cells and removed 0 cells

Phase 5 Sweep
INFO: [Constraints 18-11670] Building netlist checker database with flags, 0x8
Done building netlist checker database: Time (s): cpu = 00:00:00 ; elapsed = 00:00:00.001 . Memory (MB): peak = 2802.770 ; gain = 0.000
Phase 5 Sweep | Checksum: d4ce02fc

Time (s): cpu = 00:00:00 ; elapsed = 00:00:00.184 . Memory (MB): peak = 2802.770 ; gain = 0.000
Sweep | Checksum: d4ce02fc
INFO: [Opt 31-389] Phase Sweep created 0 cells and removed 0 cells

Phase 6 BUFG optimization
Phase 6 BUFG optimization | Checksum: d4ce02fc

Time (s): cpu = 00:00:00 ; elapsed = 00:00:00.207 . Memory (MB): peak = 2802.770 ; gain = 0.000
BUFG optimization | Checksum: d4ce02fc
INFO: [Opt 31-662] Phase BUFG optimization created 0 cells of which 0 are BUFGs and removed 0 cells.

Phase 7 Shift Register Optimization
INFO: [Opt 31-1064] SRL Remap converted 0 SRLs to 0 registers and converted 0 registers of register chains to 0 SRLs
Phase 7 Shift Register Optimization | Checksum: d4ce02fc

Time (s): cpu = 00:00:00 ; elapsed = 00:00:00.212 . Memory (MB): peak = 2802.770 ; gain = 0.000
Shift Register Optimization | Checksum: d4ce02fc
INFO: [Opt 31-389] Phase Shift Register Optimization created 0 cells and removed 0 cells

Phase 8 Post Processing Netlist
Phase 8 Post Processing Netlist | Checksum: d4ce02fc

Time (s): cpu = 00:00:00 ; elapsed = 00:00:00.223 . Memory (MB): peak = 2802.770 ; gain = 0.000
Post Processing Netlist | Checksum: d4ce02fc
INFO: [Opt 31-389] Phase Post Processing Netlist created 0 cells and removed 0 cells

Phase 9 Finalization

Phase 9.1 Finalizing Design Cores and Updating Shapes
Phase 9.1 Finalizing Design Cores and Updating Shapes | Checksum: cd60ff04

Time (s): cpu = 00:00:00 ; elapsed = 00:00:00.274 . Memory (MB): peak = 2802.770 ; gain = 0.000

Phase 9.2 Verifying Netlist Connectivity

Starting Connectivity Check Task

Time (s): cpu = 00:00:00 ; elapsed = 00:00:00.021 . Memory (MB): peak = 2802.770 ; gain = 0.000
Phase 9.2 Verifying Netlist Connectivity | Checksum: cd60ff04

Time (s): cpu = 00:00:00 ; elapsed = 00:00:00.295 . Memory (MB): peak = 2802.770 ; gain = 0.000
Phase 9 Finalization | Checksum: cd60ff04

Time (s): cpu = 00:00:00 ; elapsed = 00:00:00.296 . Memory (MB): peak = 2802.770 ; gain = 0.000
Opt_design Change Summary
=========================


-------------------------------------------------------------------------------------------------------------------------
|  Phase                        |  #Cells created  |  #Cells Removed  |  #Constrained objects preventing optimizations  |
-------------------------------------------------------------------------------------------------------------------------
|  Retarget                     |               0  |               1  |                                              0  |
|  Constant propagation         |               0  |               0  |                                              0  |
|  Sweep                        |               0  |               0  |                                              0  |
|  BUFG optimization            |               0  |               0  |                                              0  |
|  Shift Register Optimization  |               0  |               0  |                                              0  |
|  Post Processing Netlist      |               0  |               0  |                                              0  |
-------------------------------------------------------------------------------------------------------------------------


Ending Logic Optimization Task | Checksum: cd60ff04

Time (s): cpu = 00:00:00 ; elapsed = 00:00:00.299 . Memory (MB): peak = 2802.770 ; gain = 0.000

Starting Power Optimization Task
INFO: [Pwropt 34-132] Skipping clock gating for clocks with a period < 2.00 ns.
Ending Power Optimization Task | Checksum: cd60ff04

Time (s): cpu = 00:00:00 ; elapsed = 00:00:00.014 . Memory (MB): peak = 2802.770 ; gain = 0.000

Starting Final Cleanup Task
Ending Final Cleanup Task | Checksum: cd60ff04

Time (s): cpu = 00:00:00 ; elapsed = 00:00:00 . Memory (MB): peak = 2802.770 ; gain = 0.000

Starting Netlist Obfuscation Task
Netlist sorting complete. Time (s): cpu = 00:00:00 ; elapsed = 00:00:00 . Memory (MB): peak = 2802.770 ; gain = 0.000
Ending Netlist Obfuscation Task | Checksum: cd60ff04

Time (s): cpu = 00:00:00 ; elapsed = 00:00:00.001 . Memory (MB): peak = 2802.770 ; gain = 0.000
INFO: [Common 17-83] Releasing license: Implementation
40 Infos, 57 Warnings, 0 Critical Warnings and 0 Errors encountered.
opt_design completed successfully
opt_design: Time (s): cpu = 00:00:26 ; elapsed = 00:00:27 . Memory (MB): peak = 2802.770 ; gain = 842.125
Command: place_design -directive ExtraNetDelay_high
Attempting to get a license for feature 'Implementation' and/or device 'xc7vx485t'
INFO: [Common 17-349] Got license for feature 'Implementation' and/or device 'xc7vx485t'
INFO: [Common 17-83] Releasing license: Implementation
INFO: [DRC 23-27] Running DRC with 2 threads
WARNING: [DRC 23-814] Not all possible (connectivity based) DRCs may have been run because this design is seen as Out of Context.
INFO: [Vivado_Tcl 4-198] DRC finished with 0 Errors
INFO: [Vivado_Tcl 4-199] Please refer to the DRC report (report_drc) for more information.
INFO: [Vivado_Tcl 4-2302] The placer was invoked with the 'ExtraNetDelay_high' directive.
Running DRC as a precondition to command place_design
INFO: [DRC 23-27] Running DRC with 2 threads
WARNING: [DRC 23-814] Not all possible (connectivity based) DRCs may have been run because this design is seen as Out of Context.
INFO: [Vivado_Tcl 4-198] DRC finished with 0 Errors
INFO: [Vivado_Tcl 4-199] Please refer to the DRC report (report_drc) for more information.
INFO: [Place 30-611] Multithreading enabled for place_design using a maximum of 2 CPUs

Starting Placer Task

Phase 1 Placer Initialization

Phase 1.1 Placer Initialization Netlist Sorting
Netlist sorting complete. Time (s): cpu = 00:00:00 ; elapsed = 00:00:00.001 . Memory (MB): peak = 2802.770 ; gain = 0.000
Phase 1.1 Placer Initialization Netlist Sorting | Checksum: b40dd4f8

Time (s): cpu = 00:00:00 ; elapsed = 00:00:00.016 . Memory (MB): peak = 2802.770 ; gain = 0.000
Netlist sorting complete. Time (s): cpu = 00:00:00 ; elapsed = 00:00:00.001 . Memory (MB): peak = 2802.770 ; gain = 0.000

Phase 1.2 IO Placement/ Clock Placement/ Build Placer Device
INFO: [Timing 38-35] Done setting XDC timing constraints.
Phase 1.2 IO Placement/ Clock Placement/ Build Placer Device | Checksum: 12901bfd0

Time (s): cpu = 00:00:01 ; elapsed = 00:00:01 . Memory (MB): peak = 2802.770 ; gain = 0.000

Phase 1.3 Build Placer Netlist Model
Phase 1.3 Build Placer Netlist Model | Checksum: 18d602853

Time (s): cpu = 00:00:02 ; elapsed = 00:00:02 . Memory (MB): peak = 2802.770 ; gain = 0.000

Phase 1.4 Constrain Clocks/Macros
Phase 1.4 Constrain Clocks/Macros | Checksum: 18d602853

Time (s): cpu = 00:00:02 ; elapsed = 00:00:02 . Memory (MB): peak = 2802.770 ; gain = 0.000
Phase 1 Placer Initialization | Checksum: 18d602853

Time (s): cpu = 00:00:02 ; elapsed = 00:00:02 . Memory (MB): peak = 2802.770 ; gain = 0.000

Phase 2 Global Placement

Phase 2.1 Floorplanning
Phase 2.1 Floorplanning | Checksum: 1c8639853

Time (s): cpu = 00:00:02 ; elapsed = 00:00:03 . Memory (MB): peak = 2802.770 ; gain = 0.000

Phase 2.2 Update Timing before SLR Path Opt
Phase 2.2 Update Timing before SLR Path Opt | Checksum: 12e0cd5ad

Time (s): cpu = 00:00:03 ; elapsed = 00:00:03 . Memory (MB): peak = 2802.770 ; gain = 0.000

Phase 2.3 Post-Processing in Floorplanning
Phase 2.3 Post-Processing in Floorplanning | Checksum: 12e0cd5ad

Time (s): cpu = 00:00:03 ; elapsed = 00:00:03 . Memory (MB): peak = 2802.770 ; gain = 0.000

Phase 2.4 Global Place Phase1
Phase 2.4 Global Place Phase1 | Checksum: 1f3736809

Time (s): cpu = 00:00:08 ; elapsed = 00:00:07 . Memory (MB): peak = 2802.770 ; gain = 0.000

Phase 2.5 Global Place Phase2

Phase 2.5.1 UpdateTiming Before Physical Synthesis
Phase 2.5.1 UpdateTiming Before Physical Synthesis | Checksum: 2116c8962

Time (s): cpu = 00:00:08 ; elapsed = 00:00:07 . Memory (MB): peak = 2802.770 ; gain = 0.000

Phase 2.5.2 Physical Synthesis In Placer
INFO: [Physopt 32-1035] Found 8 LUTNM shape to break, 18 LUT instances to create LUTNM shape
INFO: [Physopt 32-1044] Break lutnm for timing: one critical 7, two critical 1, total 8, new lutff created 0
INFO: [Physopt 32-1138] End 1 Pass. Optimized 16 nets or LUTs. Breaked 8 LUTs, combined 8 existing LUTs and moved 0 existing LUT
INFO: [Physopt 32-65] No nets found for high-fanout optimization.
INFO: [Physopt 32-232] Optimized 0 net. Created 0 new instance.
INFO: [Physopt 32-775] End 1 Pass. Optimized 0 net or cell. Created 0 new cell, deleted 0 existing cell and moved 0 existing cell
INFO: [Physopt 32-456] No candidate cells for DSP register optimization found in the design.
INFO: [Physopt 32-775] End 2 Pass. Optimized 0 net or cell. Created 0 new cell, deleted 0 existing cell and moved 0 existing cell
INFO: [Physopt 32-1123] No candidate cells found for Shift Register to Pipeline optimization
INFO: [Physopt 32-775] End 2 Pass. Optimized 0 net or cell. Created 0 new cell, deleted 0 existing cell and moved 0 existing cell
INFO: [Physopt 32-1401] No candidate cells found for Shift Register optimization.
INFO: [Physopt 32-677] No candidate cells for Shift Register optimization found in the design
INFO: [Physopt 32-775] End 1 Pass. Optimized 0 net or cell. Created 0 new cell, deleted 0 existing cell and moved 0 existing cell
INFO: [Physopt 32-526] No candidate cells for BRAM register optimization found in the design
INFO: [Physopt 32-775] End 1 Pass. Optimized 0 net or cell. Created 0 new cell, deleted 0 existing cell and moved 0 existing cell
INFO: [Physopt 32-846] No candidate cells for URAM register optimization found in the design
INFO: [Physopt 32-775] End 1 Pass. Optimized 0 net or cell. Created 0 new cell, deleted 0 existing cell and moved 0 existing cell
INFO: [Physopt 32-846] No candidate cells for URAM register optimization found in the design
INFO: [Physopt 32-775] End 1 Pass. Optimized 0 net or cell. Created 0 new cell, deleted 0 existing cell and moved 0 existing cell
INFO: [Physopt 32-949] No candidate nets found for dynamic/static region interface net replication
INFO: [Physopt 32-775] End 1 Pass. Optimized 0 net or cell. Created 0 new cell, deleted 0 existing cell and moved 0 existing cell
Netlist sorting complete. Time (s): cpu = 00:00:00 ; elapsed = 00:00:00.001 . Memory (MB): peak = 2802.770 ; gain = 0.000

Summary of Physical Synthesis Optimizations
============================================


-----------------------------------------------------------------------------------------------------------------------------------------------------------
|  Optimization                                     |  Added Cells  |  Removed Cells  |  Optimized Cells/Nets  |  Dont Touch  |  Iterations  |  Elapsed   |
-----------------------------------------------------------------------------------------------------------------------------------------------------------
|  LUT Combining                                    |            8  |              8  |                    16  |           0  |           1  |  00:00:00  |
|  Retime                                           |            0  |              0  |                     0  |           0  |           1  |  00:00:00  |
|  Very High Fanout                                 |            0  |              0  |                     0  |           0  |           1  |  00:00:00  |
|  DSP Register                                     |            0  |              0  |                     0  |           0  |           1  |  00:00:00  |
|  Shift Register to Pipeline                       |            0  |              0  |                     0  |           0  |           1  |  00:00:00  |
|  Shift Register                                   |            0  |              0  |                     0  |           0  |           1  |  00:00:00  |
|  BRAM Register                                    |            0  |              0  |                     0  |           0  |           1  |  00:00:00  |
|  URAM Register                                    |            0  |              0  |                     0  |           0  |           1  |  00:00:00  |
|  Dynamic/Static Region Interface Net Replication  |            0  |              0  |                     0  |           0  |           1  |  00:00:00  |
|  Total                                            |            8  |              8  |                    16  |           0  |           9  |  00:00:00  |
-----------------------------------------------------------------------------------------------------------------------------------------------------------


Phase 2.5.2 Physical Synthesis In Placer | Checksum: 1616871e8

Time (s): cpu = 00:00:09 ; elapsed = 00:00:07 . Memory (MB): peak = 2802.770 ; gain = 0.000
Phase 2.5 Global Place Phase2 | Checksum: 16726c94f

Time (s): cpu = 00:00:09 ; elapsed = 00:00:08 . Memory (MB): peak = 2802.770 ; gain = 0.000
Phase 2 Global Placement | Checksum: 16726c94f

Time (s): cpu = 00:00:09 ; elapsed = 00:00:08 . Memory (MB): peak = 2802.770 ; gain = 0.000

Phase 3 Detail Placement

Phase 3.1 Commit Multi Column Macros
Phase 3.1 Commit Multi Column Macros | Checksum: 15d92c7eb

Time (s): cpu = 00:00:10 ; elapsed = 00:00:08 . Memory (MB): peak = 2802.770 ; gain = 0.000

Phase 3.2 Commit Most Macros & LUTRAMs
Phase 3.2 Commit Most Macros & LUTRAMs | Checksum: 207924a91

Time (s): cpu = 00:00:10 ; elapsed = 00:00:09 . Memory (MB): peak = 2802.770 ; gain = 0.000

Phase 3.3 Area Swap Optimization
Phase 3.3 Area Swap Optimization | Checksum: 17ef2b19d

Time (s): cpu = 00:00:10 ; elapsed = 00:00:09 . Memory (MB): peak = 2802.770 ; gain = 0.000

Phase 3.4 Pipeline Register Optimization
Phase 3.4 Pipeline Register Optimization | Checksum: 1ee7665d6

Time (s): cpu = 00:00:10 ; elapsed = 00:00:09 . Memory (MB): peak = 2802.770 ; gain = 0.000

Phase 3.5 Fast Optimization
Phase 3.5 Fast Optimization | Checksum: 1475d2048

Time (s): cpu = 00:00:11 ; elapsed = 00:00:10 . Memory (MB): peak = 2802.770 ; gain = 0.000

Phase 3.6 Small Shape Detail Placement
Phase 3.6 Small Shape Detail Placement | Checksum: 1a155d587

Time (s): cpu = 00:00:13 ; elapsed = 00:00:11 . Memory (MB): peak = 2802.770 ; gain = 0.000

Phase 3.7 Re-assign LUT pins
Phase 3.7 Re-assign LUT pins | Checksum: 1b733d773

Time (s): cpu = 00:00:13 ; elapsed = 00:00:12 . Memory (MB): peak = 2802.770 ; gain = 0.000

Phase 3.8 Pipeline Register Optimization
Phase 3.8 Pipeline Register Optimization | Checksum: 16f75c265

Time (s): cpu = 00:00:13 ; elapsed = 00:00:12 . Memory (MB): peak = 2802.770 ; gain = 0.000

Phase 3.9 Fast Optimization
Phase 3.9 Fast Optimization | Checksum: 18357b653

Time (s): cpu = 00:00:14 ; elapsed = 00:00:13 . Memory (MB): peak = 2802.770 ; gain = 0.000
Phase 3 Detail Placement | Checksum: 18357b653

Time (s): cpu = 00:00:14 ; elapsed = 00:00:13 . Memory (MB): peak = 2802.770 ; gain = 0.000

Phase 4 Post Placement Optimization and Clean-Up

Phase 4.1 Post Commit Optimization
INFO: [Place 46-20] Placer is running with the ExtraNetDelay_high directive. Post Placement Optimization may take longer to complete with ExtraNetDelay_high compared to other directives.
INFO: [Timing 38-35] Done setting XDC timing constraints.

Phase 4.1.1 Post Placement Optimization
Post Placement Optimization Initialization | Checksum: 1caae7051

Phase 4.1.1.1 BUFG Insertion

Starting Physical Synthesis Task

Phase 1 Physical Synthesis Initialization
INFO: [Physopt 32-721] Multithreading enabled for phys_opt_design using a maximum of 2 CPUs
INFO: [Physopt 32-619] Estimated Timing Summary | WNS=-0.643 | TNS=-16.539 |
Phase 1 Physical Synthesis Initialization | Checksum: f41407db

Time (s): cpu = 00:00:00 ; elapsed = 00:00:00.120 . Memory (MB): peak = 2802.770 ; gain = 0.000
INFO: [Place 46-56] BUFG insertion identified 0 candidate nets. Inserted BUFG: 0, Replicated BUFG Driver: 0, Skipped due to Placement/Routing Conflicts: 0, Skipped due to Timing Degradation: 0, Skipped due to netlist editing failed: 0.
Ending Physical Synthesis Task | Checksum: 16b95d7e5

Time (s): cpu = 00:00:00 ; elapsed = 00:00:00.142 . Memory (MB): peak = 2802.770 ; gain = 0.000
Phase 4.1.1.1 BUFG Insertion | Checksum: 1caae7051

Time (s): cpu = 00:00:15 ; elapsed = 00:00:14 . Memory (MB): peak = 2802.770 ; gain = 0.000

Phase 4.1.1.2 Post Placement Timing Optimization
INFO: [Place 30-746] Post Placement Timing Summary WNS=0.133. For the most accurate timing information please run report_timing.
Phase 4.1.1.2 Post Placement Timing Optimization | Checksum: 1375c4494

Time (s): cpu = 00:06:26 ; elapsed = 00:06:55 . Memory (MB): peak = 2802.770 ; gain = 0.000

Time (s): cpu = 00:06:26 ; elapsed = 00:06:55 . Memory (MB): peak = 2802.770 ; gain = 0.000
Phase 4.1 Post Commit Optimization | Checksum: 1375c4494

Time (s): cpu = 00:06:26 ; elapsed = 00:06:55 . Memory (MB): peak = 2802.770 ; gain = 0.000

Phase 4.2 Post Placement Cleanup
Phase 4.2 Post Placement Cleanup | Checksum: 1375c4494

Time (s): cpu = 00:06:26 ; elapsed = 00:06:55 . Memory (MB): peak = 2802.770 ; gain = 0.000

Phase 4.3 Placer Reporting

Phase 4.3.1 Print Estimated Congestion
INFO: [Place 30-612] Post-Placement Estimated Congestion 
 ____________________________________________________
|           | Global Congestion | Short Congestion  |
| Direction | Region Size       | Region Size       |
|___________|___________________|___________________|
|      North|                1x1|                1x1|
|___________|___________________|___________________|
|      South|                1x1|                1x1|
|___________|___________________|___________________|
|       East|                1x1|                1x1|
|___________|___________________|___________________|
|       West|                1x1|                1x1|
|___________|___________________|___________________|

Phase 4.3.1 Print Estimated Congestion | Checksum: 1375c4494

Time (s): cpu = 00:06:26 ; elapsed = 00:06:55 . Memory (MB): peak = 2802.770 ; gain = 0.000
Phase 4.3 Placer Reporting | Checksum: 1375c4494

Time (s): cpu = 00:06:26 ; elapsed = 00:06:55 . Memory (MB): peak = 2802.770 ; gain = 0.000

Phase 4.4 Final Placement Cleanup
Netlist sorting complete. Time (s): cpu = 00:00:00 ; elapsed = 00:00:00.001 . Memory (MB): peak = 2802.770 ; gain = 0.000

Time (s): cpu = 00:06:26 ; elapsed = 00:06:55 . Memory (MB): peak = 2802.770 ; gain = 0.000
Phase 4 Post Placement Optimization and Clean-Up | Checksum: 163bab759

Time (s): cpu = 00:06:26 ; elapsed = 00:06:55 . Memory (MB): peak = 2802.770 ; gain = 0.000
Ending Placer Task | Checksum: 14f9b2437

Time (s): cpu = 00:06:26 ; elapsed = 00:06:55 . Memory (MB): peak = 2802.770 ; gain = 0.000
79 Infos, 59 Warnings, 0 Critical Warnings and 0 Errors encountered.
place_design completed successfully
place_design: Time (s): cpu = 00:06:31 ; elapsed = 00:06:58 . Memory (MB): peak = 2802.770 ; gain = 0.000
Command: phys_opt_design -directive AggressiveExplore
Attempting to get a license for feature 'Implementation' and/or device 'xc7vx485t'
INFO: [Common 17-349] Got license for feature 'Implementation' and/or device 'xc7vx485t'
INFO: [Vivado_Tcl 4-137] Directive used for phys_opt_design is: AggressiveExplore

Starting Initial Update Timing Task

Time (s): cpu = 00:00:00 ; elapsed = 00:00:00.336 . Memory (MB): peak = 2802.770 ; gain = 0.000
INFO: [Vivado_Tcl 4-2280] Estimated Timing Summary | WNS= 0.182 | TNS= 0.000 | WHS= 0.140 |
INFO: [Vivado_Tcl 4-383] Design worst setup slack (WNS) is greater than or equal to 0.000 ns. All physical synthesis setup optimizations will be skipped.
INFO: [Vivado_Tcl 4-2291] Design worst hold slack (WHS) is greater than or equal to -0.250 ns. Hold fix optimization will be skipped.
 
INFO: [Vivado_Tcl 4-232] No setup violation found. The netlist was not modified.
INFO: [Common 17-83] Releasing license: Implementation
86 Infos, 59 Warnings, 0 Critical Warnings and 0 Errors encountered.
phys_opt_design completed successfully
Command: route_design -directive AggressiveExplore
Attempting to get a license for feature 'Implementation' and/or device 'xc7vx485t'
INFO: [Common 17-349] Got license for feature 'Implementation' and/or device 'xc7vx485t'


Starting Routing Task
INFO: [Route 35-270] Using Router directive 'AggressiveExplore'.
INFO: [Route 35-254] Multithreading enabled for route_design using a maximum of 2 CPUs

Phase 1 Build RT Design
Checksum: PlaceDB: 3b0659b8 ConstDB: 0 ShapeSum: 8eb38e1c RouteDB: 85e13c63
WARNING: [Route 35-198] Port "dfi_cmd_ready_i" does not have an associated HD.PARTPIN_LOCS, which will prevent the partial routing of the signal "dfi_cmd_ready_i". Without this partial route, timing analysis to/from this port will not be accurate, and no routing information for this port can be exported.
WARNING: [Route 35-198] Port "aresetn" does not have an associated HD.PARTPIN_LOCS, which will prevent the partial routing of the signal "aresetn". Without this partial route, timing analysis to/from this port will not be accurate, and no routing information for this port can be exported.
WARNING: [Route 35-198] Port "s_axi_wdata[11]" does not have an associated HD.PARTPIN_LOCS, which will prevent the partial routing of the signal "s_axi_wdata[11]". Without this partial route, timing analysis to/from this port will not be accurate, and no routing information for this port can be exported.
WARNING: [Route 35-198] Port "s_axi_awaddr[20]" does not have an associated HD.PARTPIN_LOCS, which will prevent the partial routing of the signal "s_axi_awaddr[20]". Without this partial route, timing analysis to/from this port will not be accurate, and no routing information for this port can be exported.
WARNING: [Route 35-198] Port "s_axi_awaddr[25]" does not have an associated HD.PARTPIN_LOCS, which will prevent the partial routing of the signal "s_axi_awaddr[25]". Without this partial route, timing analysis to/from this port will not be accurate, and no routing information for this port can be exported.
WARNING: [Route 35-198] Port "s_axi_awaddr[28]" does not have an associated HD.PARTPIN_LOCS, which will prevent the partial routing of the signal "s_axi_awaddr[28]". Without this partial route, timing analysis to/from this port will not be accurate, and no routing information for this port can be exported.
WARNING: [Route 35-198] Port "s_axi_awaddr[30]" does not have an associated HD.PARTPIN_LOCS, which will prevent the partial routing of the signal "s_axi_awaddr[30]". Without this partial route, timing analysis to/from this port will not be accurate, and no routing information for this port can be exported.
WARNING: [Route 35-198] Port "s_axi_araddr[30]" does not have an associated HD.PARTPIN_LOCS, which will prevent the partial routing of the signal "s_axi_araddr[30]". Without this partial route, timing analysis to/from this port will not be accurate, and no routing information for this port can be exported.
WARNING: [Route 35-198] Port "s_axi_araddr[26]" does not have an associated HD.PARTPIN_LOCS, which will prevent the partial routing of the signal "s_axi_araddr[26]". Without this partial route, timing analysis to/from this port will not be accurate, and no routing information for this port can be exported.
WARNING: [Route 35-198] Port "s_axi_araddr[20]" does not have an associated HD.PARTPIN_LOCS, which will prevent the partial routing of the signal "s_axi_araddr[20]". Without this partial route, timing analysis to/from this port will not be accurate, and no routing information for this port can be exported.
WARNING: [Route 35-198] Port "s_axi_araddr[18]" does not have an associated HD.PARTPIN_LOCS, which will prevent the partial routing of the signal "s_axi_araddr[18]". Without this partial route, timing analysis to/from this port will not be accurate, and no routing information for this port can be exported.
WARNING: [Route 35-198] Port "s_axi_araddr[22]" does not have an associated HD.PARTPIN_LOCS, which will prevent the partial routing of the signal "s_axi_araddr[22]". Without this partial route, timing analysis to/from this port will not be accurate, and no routing information for this port can be exported.
WARNING: [Route 35-198] Port "s_axi_araddr[21]" does not have an associated HD.PARTPIN_LOCS, which will prevent the partial routing of the signal "s_axi_araddr[21]". Without this partial route, timing analysis to/from this port will not be accurate, and no routing information for this port can be exported.
WARNING: [Route 35-198] Port "s_axi_araddr[13]" does not have an associated HD.PARTPIN_LOCS, which will prevent the partial routing of the signal "s_axi_araddr[13]". Without this partial route, timing analysis to/from this port will not be accurate, and no routing information for this port can be exported.
WARNING: [Route 35-198] Port "s_axi_wdata[12]" does not have an associated HD.PARTPIN_LOCS, which will prevent the partial routing of the signal "s_axi_wdata[12]". Without this partial route, timing analysis to/from this port will not be accurate, and no routing information for this port can be exported.
WARNING: [Route 35-198] Port "s_axi_wdata[19]" does not have an associated HD.PARTPIN_LOCS, which will prevent the partial routing of the signal "s_axi_wdata[19]". Without this partial route, timing analysis to/from this port will not be accurate, and no routing information for this port can be exported.
WARNING: [Route 35-198] Port "s_axi_wdata[25]" does not have an associated HD.PARTPIN_LOCS, which will prevent the partial routing of the signal "s_axi_wdata[25]". Without this partial route, timing analysis to/from this port will not be accurate, and no routing information for this port can be exported.
WARNING: [Route 35-198] Port "s_axi_wdata[28]" does not have an associated HD.PARTPIN_LOCS, which will prevent the partial routing of the signal "s_axi_wdata[28]". Without this partial route, timing analysis to/from this port will not be accurate, and no routing information for this port can be exported.
WARNING: [Route 35-198] Port "s_axi_wdata[16]" does not have an associated HD.PARTPIN_LOCS, which will prevent the partial routing of the signal "s_axi_wdata[16]". Without this partial route, timing analysis to/from this port will not be accurate, and no routing information for this port can be exported.
WARNING: [Route 35-198] Port "s_axi_wdata[17]" does not have an associated HD.PARTPIN_LOCS, which will prevent the partial routing of the signal "s_axi_wdata[17]". Without this partial route, timing analysis to/from this port will not be accurate, and no routing information for this port can be exported.
WARNING: [Route 35-198] Port "s_axi_wdata[20]" does not have an associated HD.PARTPIN_LOCS, which will prevent the partial routing of the signal "s_axi_wdata[20]". Without this partial route, timing analysis to/from this port will not be accurate, and no routing information for this port can be exported.
WARNING: [Route 35-198] Port "s_axi_wdata[23]" does not have an associated HD.PARTPIN_LOCS, which will prevent the partial routing of the signal "s_axi_wdata[23]". Without this partial route, timing analysis to/from this port will not be accurate, and no routing information for this port can be exported.
WARNING: [Route 35-198] Port "s_axi_wdata[18]" does not have an associated HD.PARTPIN_LOCS, which will prevent the partial routing of the signal "s_axi_wdata[18]". Without this partial route, timing analysis to/from this port will not be accurate, and no routing information for this port can be exported.
WARNING: [Route 35-198] Port "s_axi_wdata[24]" does not have an associated HD.PARTPIN_LOCS, which will prevent the partial routing of the signal "s_axi_wdata[24]". Without this partial route, timing analysis to/from this port will not be accurate, and no routing information for this port can be exported.
WARNING: [Route 35-198] Port "s_axi_wstrb[1]" does not have an associated HD.PARTPIN_LOCS, which will prevent the partial routing of the signal "s_axi_wstrb[1]". Without this partial route, timing analysis to/from this port will not be accurate, and no routing information for this port can be exported.
WARNING: [Route 35-198] Port "s_axi_wstrb[2]" does not have an associated HD.PARTPIN_LOCS, which will prevent the partial routing of the signal "s_axi_wstrb[2]". Without this partial route, timing analysis to/from this port will not be accurate, and no routing information for this port can be exported.
WARNING: [Route 35-198] Port "s_axi_wstrb[3]" does not have an associated HD.PARTPIN_LOCS, which will prevent the partial routing of the signal "s_axi_wstrb[3]". Without this partial route, timing analysis to/from this port will not be accurate, and no routing information for this port can be exported.
WARNING: [Route 35-198] Port "s_axi_wdata[10]" does not have an associated HD.PARTPIN_LOCS, which will prevent the partial routing of the signal "s_axi_wdata[10]". Without this partial route, timing analysis to/from this port will not be accurate, and no routing information for this port can be exported.
WARNING: [Route 35-198] Port "s_axi_wdata[22]" does not have an associated HD.PARTPIN_LOCS, which will prevent the partial routing of the signal "s_axi_wdata[22]". Without this partial route, timing analysis to/from this port will not be accurate, and no routing information for this port can be exported.
WARNING: [Route 35-198] Port "s_axi_wdata[27]" does not have an associated HD.PARTPIN_LOCS, which will prevent the partial routing of the signal "s_axi_wdata[27]". Without this partial route, timing analysis to/from this port will not be accurate, and no routing information for this port can be exported.
WARNING: [Route 35-198] Port "s_axi_awburst[1]" does not have an associated HD.PARTPIN_LOCS, which will prevent the partial routing of the signal "s_axi_awburst[1]". Without this partial route, timing analysis to/from this port will not be accurate, and no routing information for this port can be exported.
WARNING: [Route 35-198] Port "s_axi_awburst[0]" does not have an associated HD.PARTPIN_LOCS, which will prevent the partial routing of the signal "s_axi_awburst[0]". Without this partial route, timing analysis to/from this port will not be accurate, and no routing information for this port can be exported.
WARNING: [Route 35-198] Port "s_axi_araddr[28]" does not have an associated HD.PARTPIN_LOCS, which will prevent the partial routing of the signal "s_axi_araddr[28]". Without this partial route, timing analysis to/from this port will not be accurate, and no routing information for this port can be exported.
WARNING: [Route 35-198] Port "s_axi_araddr[27]" does not have an associated HD.PARTPIN_LOCS, which will prevent the partial routing of the signal "s_axi_araddr[27]". Without this partial route, timing analysis to/from this port will not be accurate, and no routing information for this port can be exported.
WARNING: [Route 35-198] Port "s_axi_araddr[25]" does not have an associated HD.PARTPIN_LOCS, which will prevent the partial routing of the signal "s_axi_araddr[25]". Without this partial route, timing analysis to/from this port will not be accurate, and no routing information for this port can be exported.
WARNING: [Route 35-198] Port "s_axi_araddr[12]" does not have an associated HD.PARTPIN_LOCS, which will prevent the partial routing of the signal "s_axi_araddr[12]". Without this partial route, timing analysis to/from this port will not be accurate, and no routing information for this port can be exported.
WARNING: [Route 35-198] Port "s_axi_araddr[24]" does not have an associated HD.PARTPIN_LOCS, which will prevent the partial routing of the signal "s_axi_araddr[24]". Without this partial route, timing analysis to/from this port will not be accurate, and no routing information for this port can be exported.
WARNING: [Route 35-198] Port "s_axi_araddr[23]" does not have an associated HD.PARTPIN_LOCS, which will prevent the partial routing of the signal "s_axi_araddr[23]". Without this partial route, timing analysis to/from this port will not be accurate, and no routing information for this port can be exported.
WARNING: [Route 35-198] Port "s_axi_araddr[19]" does not have an associated HD.PARTPIN_LOCS, which will prevent the partial routing of the signal "s_axi_araddr[19]". Without this partial route, timing analysis to/from this port will not be accurate, and no routing information for this port can be exported.
WARNING: [Route 35-198] Port "s_axi_araddr[17]" does not have an associated HD.PARTPIN_LOCS, which will prevent the partial routing of the signal "s_axi_araddr[17]". Without this partial route, timing analysis to/from this port will not be accurate, and no routing information for this port can be exported.
WARNING: [Route 35-198] Port "s_axi_araddr[16]" does not have an associated HD.PARTPIN_LOCS, which will prevent the partial routing of the signal "s_axi_araddr[16]". Without this partial route, timing analysis to/from this port will not be accurate, and no routing information for this port can be exported.
WARNING: [Route 35-198] Port "s_axi_wdata[14]" does not have an associated HD.PARTPIN_LOCS, which will prevent the partial routing of the signal "s_axi_wdata[14]". Without this partial route, timing analysis to/from this port will not be accurate, and no routing information for this port can be exported.
WARNING: [Route 35-198] Port "s_axi_wdata[15]" does not have an associated HD.PARTPIN_LOCS, which will prevent the partial routing of the signal "s_axi_wdata[15]". Without this partial route, timing analysis to/from this port will not be accurate, and no routing information for this port can be exported.
WARNING: [Route 35-198] Port "s_axi_wdata[21]" does not have an associated HD.PARTPIN_LOCS, which will prevent the partial routing of the signal "s_axi_wdata[21]". Without this partial route, timing analysis to/from this port will not be accurate, and no routing information for this port can be exported.
WARNING: [Route 35-198] Port "s_axi_wdata[26]" does not have an associated HD.PARTPIN_LOCS, which will prevent the partial routing of the signal "s_axi_wdata[26]". Without this partial route, timing analysis to/from this port will not be accurate, and no routing information for this port can be exported.
WARNING: [Route 35-198] Port "s_axi_arlen[5]" does not have an associated HD.PARTPIN_LOCS, which will prevent the partial routing of the signal "s_axi_arlen[5]". Without this partial route, timing analysis to/from this port will not be accurate, and no routing information for this port can be exported.
WARNING: [Route 35-198] Port "s_axi_arlen[4]" does not have an associated HD.PARTPIN_LOCS, which will prevent the partial routing of the signal "s_axi_arlen[4]". Without this partial route, timing analysis to/from this port will not be accurate, and no routing information for this port can be exported.
WARNING: [Route 35-198] Port "s_axi_arsize[0]" does not have an associated HD.PARTPIN_LOCS, which will prevent the partial routing of the signal "s_axi_arsize[0]". Without this partial route, timing analysis to/from this port will not be accurate, and no routing information for this port can be exported.
WARNING: [Route 35-198] Port "s_axi_araddr[29]" does not have an associated HD.PARTPIN_LOCS, which will prevent the partial routing of the signal "s_axi_araddr[29]". Without this partial route, timing analysis to/from this port will not be accurate, and no routing information for this port can be exported.
WARNING: [Route 35-198] Port "s_axi_araddr[15]" does not have an associated HD.PARTPIN_LOCS, which will prevent the partial routing of the signal "s_axi_araddr[15]". Without this partial route, timing analysis to/from this port will not be accurate, and no routing information for this port can be exported.
WARNING: [Route 35-198] Port "s_axi_araddr[14]" does not have an associated HD.PARTPIN_LOCS, which will prevent the partial routing of the signal "s_axi_araddr[14]". Without this partial route, timing analysis to/from this port will not be accurate, and no routing information for this port can be exported.
WARNING: [Route 35-198] Port "s_axi_wdata[8]" does not have an associated HD.PARTPIN_LOCS, which will prevent the partial routing of the signal "s_axi_wdata[8]". Without this partial route, timing analysis to/from this port will not be accurate, and no routing information for this port can be exported.
WARNING: [Route 35-198] Port "s_axi_wdata[29]" does not have an associated HD.PARTPIN_LOCS, which will prevent the partial routing of the signal "s_axi_wdata[29]". Without this partial route, timing analysis to/from this port will not be accurate, and no routing information for this port can be exported.
WARNING: [Route 35-198] Port "s_axi_wdata[30]" does not have an associated HD.PARTPIN_LOCS, which will prevent the partial routing of the signal "s_axi_wdata[30]". Without this partial route, timing analysis to/from this port will not be accurate, and no routing information for this port can be exported.
WARNING: [Route 35-198] Port "s_axi_wdata[31]" does not have an associated HD.PARTPIN_LOCS, which will prevent the partial routing of the signal "s_axi_wdata[31]". Without this partial route, timing analysis to/from this port will not be accurate, and no routing information for this port can be exported.
WARNING: [Route 35-198] Port "s_axi_wstrb[0]" does not have an associated HD.PARTPIN_LOCS, which will prevent the partial routing of the signal "s_axi_wstrb[0]". Without this partial route, timing analysis to/from this port will not be accurate, and no routing information for this port can be exported.
WARNING: [Route 35-198] Port "s_axi_awaddr[12]" does not have an associated HD.PARTPIN_LOCS, which will prevent the partial routing of the signal "s_axi_awaddr[12]". Without this partial route, timing analysis to/from this port will not be accurate, and no routing information for this port can be exported.
WARNING: [Route 35-198] Port "s_axi_awaddr[13]" does not have an associated HD.PARTPIN_LOCS, which will prevent the partial routing of the signal "s_axi_awaddr[13]". Without this partial route, timing analysis to/from this port will not be accurate, and no routing information for this port can be exported.
WARNING: [Route 35-198] Port "s_axi_awaddr[19]" does not have an associated HD.PARTPIN_LOCS, which will prevent the partial routing of the signal "s_axi_awaddr[19]". Without this partial route, timing analysis to/from this port will not be accurate, and no routing information for this port can be exported.
WARNING: [Route 35-198] Port "s_axi_awaddr[23]" does not have an associated HD.PARTPIN_LOCS, which will prevent the partial routing of the signal "s_axi_awaddr[23]". Without this partial route, timing analysis to/from this port will not be accurate, and no routing information for this port can be exported.
WARNING: [Route 35-198] Port "s_axi_awaddr[0]" does not have an associated HD.PARTPIN_LOCS, which will prevent the partial routing of the signal "s_axi_awaddr[0]". Without this partial route, timing analysis to/from this port will not be accurate, and no routing information for this port can be exported.
WARNING: [Route 35-198] Port "s_axi_awaddr[2]" does not have an associated HD.PARTPIN_LOCS, which will prevent the partial routing of the signal "s_axi_awaddr[2]". Without this partial route, timing analysis to/from this port will not be accurate, and no routing information for this port can be exported.
WARNING: [Route 35-198] Port "s_axi_awaddr[3]" does not have an associated HD.PARTPIN_LOCS, which will prevent the partial routing of the signal "s_axi_awaddr[3]". Without this partial route, timing analysis to/from this port will not be accurate, and no routing information for this port can be exported.
WARNING: [Route 35-198] Port "s_axi_awaddr[6]" does not have an associated HD.PARTPIN_LOCS, which will prevent the partial routing of the signal "s_axi_awaddr[6]". Without this partial route, timing analysis to/from this port will not be accurate, and no routing information for this port can be exported.
WARNING: [Route 35-198] Port "s_axi_awsize[2]" does not have an associated HD.PARTPIN_LOCS, which will prevent the partial routing of the signal "s_axi_awsize[2]". Without this partial route, timing analysis to/from this port will not be accurate, and no routing information for this port can be exported.
WARNING: [Route 35-198] Port "s_axi_awaddr[15]" does not have an associated HD.PARTPIN_LOCS, which will prevent the partial routing of the signal "s_axi_awaddr[15]". Without this partial route, timing analysis to/from this port will not be accurate, and no routing information for this port can be exported.
WARNING: [Route 35-198] Port "s_axi_awaddr[29]" does not have an associated HD.PARTPIN_LOCS, which will prevent the partial routing of the signal "s_axi_awaddr[29]". Without this partial route, timing analysis to/from this port will not be accurate, and no routing information for this port can be exported.
WARNING: [Route 35-198] Port "s_axi_arlen[6]" does not have an associated HD.PARTPIN_LOCS, which will prevent the partial routing of the signal "s_axi_arlen[6]". Without this partial route, timing analysis to/from this port will not be accurate, and no routing information for this port can be exported.
WARNING: [Route 35-198] Port "s_axi_arlen[0]" does not have an associated HD.PARTPIN_LOCS, which will prevent the partial routing of the signal "s_axi_arlen[0]". Without this partial route, timing analysis to/from this port will not be accurate, and no routing information for this port can be exported.
WARNING: [Route 35-198] Port "s_axi_arlen[3]" does not have an associated HD.PARTPIN_LOCS, which will prevent the partial routing of the signal "s_axi_arlen[3]". Without this partial route, timing analysis to/from this port will not be accurate, and no routing information for this port can be exported.
WARNING: [Route 35-198] Port "s_axi_arlen[2]" does not have an associated HD.PARTPIN_LOCS, which will prevent the partial routing of the signal "s_axi_arlen[2]". Without this partial route, timing analysis to/from this port will not be accurate, and no routing information for this port can be exported.
WARNING: [Route 35-198] Port "s_axi_arlen[1]" does not have an associated HD.PARTPIN_LOCS, which will prevent the partial routing of the signal "s_axi_arlen[1]". Without this partial route, timing analysis to/from this port will not be accurate, and no routing information for this port can be exported.
WARNING: [Route 35-198] Port "s_axi_arsize[1]" does not have an associated HD.PARTPIN_LOCS, which will prevent the partial routing of the signal "s_axi_arsize[1]". Without this partial route, timing analysis to/from this port will not be accurate, and no routing information for this port can be exported.
WARNING: [Route 35-198] Port "s_axi_araddr[11]" does not have an associated HD.PARTPIN_LOCS, which will prevent the partial routing of the signal "s_axi_araddr[11]". Without this partial route, timing analysis to/from this port will not be accurate, and no routing information for this port can be exported.
WARNING: [Route 35-198] Port "s_axi_araddr[10]" does not have an associated HD.PARTPIN_LOCS, which will prevent the partial routing of the signal "s_axi_araddr[10]". Without this partial route, timing analysis to/from this port will not be accurate, and no routing information for this port can be exported.
WARNING: [Route 35-198] Port "s_axi_araddr[9]" does not have an associated HD.PARTPIN_LOCS, which will prevent the partial routing of the signal "s_axi_araddr[9]". Without this partial route, timing analysis to/from this port will not be accurate, and no routing information for this port can be exported.
WARNING: [Route 35-198] Port "s_axi_araddr[8]" does not have an associated HD.PARTPIN_LOCS, which will prevent the partial routing of the signal "s_axi_araddr[8]". Without this partial route, timing analysis to/from this port will not be accurate, and no routing information for this port can be exported.
WARNING: [Route 35-198] Port "s_axi_wdata[3]" does not have an associated HD.PARTPIN_LOCS, which will prevent the partial routing of the signal "s_axi_wdata[3]". Without this partial route, timing analysis to/from this port will not be accurate, and no routing information for this port can be exported.
WARNING: [Route 35-198] Port "s_axi_wdata[6]" does not have an associated HD.PARTPIN_LOCS, which will prevent the partial routing of the signal "s_axi_wdata[6]". Without this partial route, timing analysis to/from this port will not be accurate, and no routing information for this port can be exported.
WARNING: [Route 35-198] Port "s_axi_wdata[7]" does not have an associated HD.PARTPIN_LOCS, which will prevent the partial routing of the signal "s_axi_wdata[7]". Without this partial route, timing analysis to/from this port will not be accurate, and no routing information for this port can be exported.
WARNING: [Route 35-198] Port "s_axi_wdata[13]" does not have an associated HD.PARTPIN_LOCS, which will prevent the partial routing of the signal "s_axi_wdata[13]". Without this partial route, timing analysis to/from this port will not be accurate, and no routing information for this port can be exported.
WARNING: [Route 35-198] Port "s_axi_awvalid" does not have an associated HD.PARTPIN_LOCS, which will prevent the partial routing of the signal "s_axi_awvalid". Without this partial route, timing analysis to/from this port will not be accurate, and no routing information for this port can be exported.
WARNING: [Route 35-198] Port "s_axi_awaddr[4]" does not have an associated HD.PARTPIN_LOCS, which will prevent the partial routing of the signal "s_axi_awaddr[4]". Without this partial route, timing analysis to/from this port will not be accurate, and no routing information for this port can be exported.
WARNING: [Route 35-198] Port "s_axi_awaddr[5]" does not have an associated HD.PARTPIN_LOCS, which will prevent the partial routing of the signal "s_axi_awaddr[5]". Without this partial route, timing analysis to/from this port will not be accurate, and no routing information for this port can be exported.
WARNING: [Route 35-198] Port "s_axi_awaddr[7]" does not have an associated HD.PARTPIN_LOCS, which will prevent the partial routing of the signal "s_axi_awaddr[7]". Without this partial route, timing analysis to/from this port will not be accurate, and no routing information for this port can be exported.
WARNING: [Route 35-198] Port "s_axi_awaddr[21]" does not have an associated HD.PARTPIN_LOCS, which will prevent the partial routing of the signal "s_axi_awaddr[21]". Without this partial route, timing analysis to/from this port will not be accurate, and no routing information for this port can be exported.
WARNING: [Route 35-198] Port "s_axi_awaddr[9]" does not have an associated HD.PARTPIN_LOCS, which will prevent the partial routing of the signal "s_axi_awaddr[9]". Without this partial route, timing analysis to/from this port will not be accurate, and no routing information for this port can be exported.
WARNING: [Route 35-198] Port "s_axi_awaddr[10]" does not have an associated HD.PARTPIN_LOCS, which will prevent the partial routing of the signal "s_axi_awaddr[10]". Without this partial route, timing analysis to/from this port will not be accurate, and no routing information for this port can be exported.
WARNING: [Route 35-198] Port "s_axi_awaddr[11]" does not have an associated HD.PARTPIN_LOCS, which will prevent the partial routing of the signal "s_axi_awaddr[11]". Without this partial route, timing analysis to/from this port will not be accurate, and no routing information for this port can be exported.
WARNING: [Route 35-198] Port "s_axi_awaddr[16]" does not have an associated HD.PARTPIN_LOCS, which will prevent the partial routing of the signal "s_axi_awaddr[16]". Without this partial route, timing analysis to/from this port will not be accurate, and no routing information for this port can be exported.
WARNING: [Route 35-198] Port "s_axi_awaddr[14]" does not have an associated HD.PARTPIN_LOCS, which will prevent the partial routing of the signal "s_axi_awaddr[14]". Without this partial route, timing analysis to/from this port will not be accurate, and no routing information for this port can be exported.
WARNING: [Route 35-198] Port "s_axi_awaddr[24]" does not have an associated HD.PARTPIN_LOCS, which will prevent the partial routing of the signal "s_axi_awaddr[24]". Without this partial route, timing analysis to/from this port will not be accurate, and no routing information for this port can be exported.
WARNING: [Route 35-198] Port "s_axi_awaddr[26]" does not have an associated HD.PARTPIN_LOCS, which will prevent the partial routing of the signal "s_axi_awaddr[26]". Without this partial route, timing analysis to/from this port will not be accurate, and no routing information for this port can be exported.
WARNING: [Route 35-198] Port "s_axi_arsize[2]" does not have an associated HD.PARTPIN_LOCS, which will prevent the partial routing of the signal "s_axi_arsize[2]". Without this partial route, timing analysis to/from this port will not be accurate, and no routing information for this port can be exported.
WARNING: [Route 35-198] Port "s_axi_arlen[7]" does not have an associated HD.PARTPIN_LOCS, which will prevent the partial routing of the signal "s_axi_arlen[7]". Without this partial route, timing analysis to/from this port will not be accurate, and no routing information for this port can be exported.
WARNING: [Route 35-198] Port "s_axi_araddr[7]" does not have an associated HD.PARTPIN_LOCS, which will prevent the partial routing of the signal "s_axi_araddr[7]". Without this partial route, timing analysis to/from this port will not be accurate, and no routing information for this port can be exported.
WARNING: [Route 35-198] Port "s_axi_araddr[6]" does not have an associated HD.PARTPIN_LOCS, which will prevent the partial routing of the signal "s_axi_araddr[6]". Without this partial route, timing analysis to/from this port will not be accurate, and no routing information for this port can be exported.
WARNING: [Route 35-198] Port "s_axi_araddr[5]" does not have an associated HD.PARTPIN_LOCS, which will prevent the partial routing of the signal "s_axi_araddr[5]". Without this partial route, timing analysis to/from this port will not be accurate, and no routing information for this port can be exported.
WARNING: [Route 35-198] Port "s_axi_wdata[0]" does not have an associated HD.PARTPIN_LOCS, which will prevent the partial routing of the signal "s_axi_wdata[0]". Without this partial route, timing analysis to/from this port will not be accurate, and no routing information for this port can be exported.
WARNING: [Route 35-198] Port "s_axi_wdata[1]" does not have an associated HD.PARTPIN_LOCS, which will prevent the partial routing of the signal "s_axi_wdata[1]". Without this partial route, timing analysis to/from this port will not be accurate, and no routing information for this port can be exported.
INFO: [Common 17-14] Message 'Route 35-198' appears 100 times and further instances of the messages will be disabled. Use the Tcl command set_msg_config to change the current settings.
WARNING: [Constraints 18-8777] Unable to split tiles. All required files are not available.
Post Restoration Checksum: NetGraph: 9970bdf6 | NumContArr: 86bb5994 | Constraints: c2a8fa9d | Timing: c2a8fa9d
Phase 1 Build RT Design | Checksum: 2a57e0cc4

Time (s): cpu = 00:02:09 ; elapsed = 00:01:42 . Memory (MB): peak = 3017.051 ; gain = 214.281

Phase 2 Router Initialization

Phase 2.1 Fix Topology Constraints
Phase 2.1 Fix Topology Constraints | Checksum: 2a57e0cc4

Time (s): cpu = 00:02:09 ; elapsed = 00:01:42 . Memory (MB): peak = 3017.051 ; gain = 214.281

Phase 2.2 Pre Route Cleanup
Phase 2.2 Pre Route Cleanup | Checksum: 2a57e0cc4

Time (s): cpu = 00:02:09 ; elapsed = 00:01:42 . Memory (MB): peak = 3017.051 ; gain = 214.281
 Number of Nodes with overlaps = 0

Phase 2.3 Update Timing
Phase 2.3 Update Timing | Checksum: 25f0f5b88

Time (s): cpu = 00:02:13 ; elapsed = 00:01:44 . Memory (MB): peak = 3102.832 ; gain = 300.062
INFO: [Route 35-416] Intermediate Timing Summary | WNS=0.254  | TNS=0.000  | WHS=-0.111 | THS=-13.519|


Phase 2.4 Soft Constraint Pins - Fast Budgeting
Phase 2.4 Soft Constraint Pins - Fast Budgeting | Checksum: 25e49cf6c

Time (s): cpu = 00:02:13 ; elapsed = 00:01:44 . Memory (MB): peak = 3102.832 ; gain = 300.062

Router Utilization Summary
  Global Vertical Routing Utilization    = 0 %
  Global Horizontal Routing Utilization  = 0 %
  Routable Net Status*
  *Does not include unroutable nets such as driverless and loadless.
  Run report_route_status for detailed report.
  Number of Failed Nets               = 1017
    (Failed Nets is the sum of unrouted and partially routed nets)
  Number of Unrouted Nets             = 1017
  Number of Partially Routed Nets     = 0
  Number of Node Overlaps             = 0

Phase 2 Router Initialization | Checksum: 25e49cf6c

Time (s): cpu = 00:02:16 ; elapsed = 00:01:46 . Memory (MB): peak = 3109.480 ; gain = 306.711

Phase 3 Global Routing
Phase 3 Global Routing | Checksum: 25e49cf6c

Time (s): cpu = 00:02:16 ; elapsed = 00:01:46 . Memory (MB): peak = 3109.480 ; gain = 306.711

Phase 4 Initial Routing

Phase 4.1 Initial Net Routing Pass
Phase 4.1 Initial Net Routing Pass | Checksum: 1aa6b1a75

Time (s): cpu = 00:02:18 ; elapsed = 00:01:47 . Memory (MB): peak = 3109.480 ; gain = 306.711
Phase 4 Initial Routing | Checksum: 1aa6b1a75

Time (s): cpu = 00:02:18 ; elapsed = 00:01:47 . Memory (MB): peak = 3109.480 ; gain = 306.711
INFO: [Route 35-580] Design has 2 pins with tight setup and hold constraints.

The top 5 pins with tight setup and hold constraints:

+====================+===================+=====================+
| Launch Setup Clock | Launch Hold Clock | Pin                 |
+====================+===================+=====================+
| axi_clk            | axi_clk           | wr_addr_q_reg[15]/D |
| axi_clk            | axi_clk           | wr_addr_q_reg[29]/D |
+--------------------+-------------------+---------------------+

File with complete list of pins: tight_setup_hold_pins.txt


Phase 5 Rip-up And Reroute

Phase 5.1 Global Iteration 0
 Number of Nodes with overlaps = 221
 Number of Nodes with overlaps = 78
 Number of Nodes with overlaps = 37
 Number of Nodes with overlaps = 26
 Number of Nodes with overlaps = 16
 Number of Nodes with overlaps = 11
 Number of Nodes with overlaps = 5
 Number of Nodes with overlaps = 3
 Number of Nodes with overlaps = 2
 Number of Nodes with overlaps = 0
INFO: [Route 35-416] Intermediate Timing Summary | WNS=0.116  | TNS=0.000  | WHS=N/A    | THS=N/A    |

Phase 5.1 Global Iteration 0 | Checksum: 296af5599

Time (s): cpu = 00:02:21 ; elapsed = 00:01:50 . Memory (MB): peak = 3109.480 ; gain = 306.711
Phase 5 Rip-up And Reroute | Checksum: 296af5599

Time (s): cpu = 00:02:21 ; elapsed = 00:01:50 . Memory (MB): peak = 3109.480 ; gain = 306.711

Phase 6 Delay and Skew Optimization

Phase 6.1 Delay CleanUp
Phase 6.1 Delay CleanUp | Checksum: 296af5599

Time (s): cpu = 00:02:21 ; elapsed = 00:01:50 . Memory (MB): peak = 3109.480 ; gain = 306.711

Phase 6.2 Clock Skew Optimization
Phase 6.2 Clock Skew Optimization | Checksum: 296af5599

Time (s): cpu = 00:02:21 ; elapsed = 00:01:50 . Memory (MB): peak = 3109.480 ; gain = 306.711
Phase 6 Delay and Skew Optimization | Checksum: 296af5599

Time (s): cpu = 00:02:21 ; elapsed = 00:01:50 . Memory (MB): peak = 3109.480 ; gain = 306.711

Phase 7 Post Hold Fix

Phase 7.1 Hold Fix Iter
INFO: [Route 35-416] Intermediate Timing Summary | WNS=0.201  | TNS=0.000  | WHS=0.133  | THS=0.000  |

Phase 7.1 Hold Fix Iter | Checksum: 2151f5951

Time (s): cpu = 00:02:21 ; elapsed = 00:01:51 . Memory (MB): peak = 3109.480 ; gain = 306.711
Phase 7 Post Hold Fix | Checksum: 2151f5951

Time (s): cpu = 00:02:21 ; elapsed = 00:01:51 . Memory (MB): peak = 3109.480 ; gain = 306.711

Phase 8 Route finalize

Router Utilization Summary
  Global Vertical Routing Utilization    = 0.0233623 %
  Global Horizontal Routing Utilization  = 0.0305888 %
  Routable Net Status*
  *Does not include unroutable nets such as driverless and loadless.
  Run report_route_status for detailed report.
  Number of Failed Nets               = 0
    (Failed Nets is the sum of unrouted and partially routed nets)
  Number of Unrouted Nets             = 0
  Number of Partially Routed Nets     = 0
  Number of Node Overlaps             = 0

Phase 8 Route finalize | Checksum: 2151f5951

Time (s): cpu = 00:02:22 ; elapsed = 00:01:51 . Memory (MB): peak = 3109.480 ; gain = 306.711

Phase 9 Verifying routed nets

 Verification completed successfully
Phase 9 Verifying routed nets | Checksum: 2151f5951

Time (s): cpu = 00:02:22 ; elapsed = 00:01:51 . Memory (MB): peak = 3109.480 ; gain = 306.711

Phase 10 Depositing Routes
Phase 10 Depositing Routes | Checksum: 1a5fd9ca4

Time (s): cpu = 00:02:22 ; elapsed = 00:01:51 . Memory (MB): peak = 3109.480 ; gain = 306.711
INFO: [Route 72-16] Aggressive Explore Summary
+======+=======+=====+=======+=====+========+==============+===================+
| Pass |  WNS  | TNS |  WHS  | THS | Status | Elapsed Time | Solution Selected |
+======+=======+=====+=======+=====+========+==============+===================+
|  1   | 0.201 |  -  | 0.133 |  -  |  Pass  |   00:00:09   |         x         |
|  2   |   -   |  -  |   -   |  -  |  Skip  |   00:00:00   |                   |
+------+-------+-----+-------+-----+--------+--------------+-------------------+


Phase 11 Post Process Routing
Phase 11 Post Process Routing | Checksum: 1a5fd9ca4

Time (s): cpu = 00:02:22 ; elapsed = 00:01:51 . Memory (MB): peak = 3109.480 ; gain = 306.711

Phase 12 Post Router Timing
INFO: [Route 35-20] Post Routing Timing Summary | WNS=0.204  | TNS=0.000  | WHS=0.134  | THS=0.000  |

Phase 12 Post Router Timing | Checksum: 1c98bb87e

Time (s): cpu = 00:02:23 ; elapsed = 00:01:51 . Memory (MB): peak = 3109.480 ; gain = 306.711
INFO: [Route 35-61] The design met the timing requirement.
Total Elapsed time in route_design: 111.815 secs

Phase 13 Post-Route Event Processing
Phase 13 Post-Route Event Processing | Checksum: 1505bd8b6

Time (s): cpu = 00:02:23 ; elapsed = 00:01:52 . Memory (MB): peak = 3109.480 ; gain = 306.711
INFO: [Route 35-16] Router Completed Successfully
Ending Routing Task | Checksum: 1505bd8b6

Time (s): cpu = 00:02:23 ; elapsed = 00:01:52 . Memory (MB): peak = 3109.480 ; gain = 306.711

Routing Is Done.
INFO: [Common 17-83] Releasing license: Implementation
99 Infos, 160 Warnings, 0 Critical Warnings and 0 Errors encountered.
route_design completed successfully
route_design: Time (s): cpu = 00:02:24 ; elapsed = 00:01:52 . Memory (MB): peak = 3109.480 ; gain = 306.711
Command: phys_opt_design -directive AggressiveExplore
Attempting to get a license for feature 'Implementation' and/or device 'xc7vx485t'
INFO: [Common 17-349] Got license for feature 'Implementation' and/or device 'xc7vx485t'
INFO: [Vivado_Tcl 4-241] Physical synthesis in post route mode 
INFO: [Vivado_Tcl 4-137] Directive used for phys_opt_design is: AggressiveExplore

Starting Initial Update Timing Task

Time (s): cpu = 00:00:00 ; elapsed = 00:00:00.285 . Memory (MB): peak = 3109.480 ; gain = 0.000
INFO: [Vivado_Tcl 4-2280] Estimated Timing Summary | WNS= 0.204 | TNS= 0.000 | WHS= 0.134 |
INFO: [Vivado_Tcl 4-383] Design worst setup slack (WNS) is greater than or equal to 0.000 ns. All physical synthesis setup optimizations will be skipped.
INFO: [Vivado_Tcl 4-2291] Design worst hold slack (WHS) is greater than or equal to 0.000 ns. Hold fix optimization will be skipped.
 
INFO: [Vivado_Tcl 4-232] No setup violation found. The netlist was not modified.
INFO: [Common 17-83] Releasing license: Implementation
107 Infos, 160 Warnings, 0 Critical Warnings and 0 Errors encountered.
phys_opt_design completed successfully
INFO: [Timing 38-91] UpdateTimingParams: Speed grade: -2, Delay Type: max.
INFO: [Timing 38-191] Multithreading enabled for timing update using a maximum of 2 CPUs
INFO: [Timing 38-480] Writing timing data to binary archive.
Write ShapeDB Complete: Time (s): cpu = 00:00:00 ; elapsed = 00:00:00.013 . Memory (MB): peak = 3109.480 ; gain = 0.000
Wrote PlaceDB: Time (s): cpu = 00:00:01 ; elapsed = 00:00:00.186 . Memory (MB): peak = 3109.480 ; gain = 0.000
Wrote PulsedLatchDB: Time (s): cpu = 00:00:00 ; elapsed = 00:00:00 . Memory (MB): peak = 3109.480 ; gain = 0.000
Writing XDEF routing.
Writing XDEF routing logical nets.
Writing XDEF routing special nets.
Wrote RouteStorage: Time (s): cpu = 00:00:00 ; elapsed = 00:00:00.198 . Memory (MB): peak = 3109.480 ; gain = 0.000
Wrote Netlist Cache: Time (s): cpu = 00:00:00 ; elapsed = 00:00:00.005 . Memory (MB): peak = 3109.480 ; gain = 0.000
Wrote Device Cache: Time (s): cpu = 00:00:00 ; elapsed = 00:00:00.036 . Memory (MB): peak = 3109.480 ; gain = 0.000
Write Physdb Complete: Time (s): cpu = 00:00:01 ; elapsed = 00:00:00.455 . Memory (MB): peak = 3109.480 ; gain = 0.000
INFO: [Common 17-1381] The checkpoint 'D:/_codex_vivado/ddr3_controller_vc707_impl/axi_ddr3_controller_routed.dcp' has been generated.
DDR3 controller implementation: DSP=0, routed Fmax=357.654 MHz
INFO: [Common 17-206] Exiting Vivado at Mon Aug 17 15:04:08 2026...
