Copyright 1986-2022 Xilinx, Inc. All Rights Reserved. Copyright 2022-2025 Advanced Micro Devices, Inc. All Rights Reserved.
---------------------------------------------------------------------------------------------------------------------------------------------
| Tool Version : Vivado v.2025.1 (win64) Build 6140274 Thu May 22 00:12:29 MDT 2025
| Date         : Tue Jul 14 16:10:31 2026
| Host         : LAPTOP-QB9V6NGP running 64-bit major release  (build 9200)
| Command      : report_drc -file C:/rtl/rtl/Project_Vivado/reports/axi/dma_mmu_axi_drc_route.rpt
| Design       : dma_mmu_axi_top
| Device       : xc7a35tcpg236-1
| Speed File   : -1
| Design State : Fully Routed
---------------------------------------------------------------------------------------------------------------------------------------------

Report DRC

Table of Contents
-----------------
1. REPORT SUMMARY
2. REPORT DETAILS

1. REPORT SUMMARY
-----------------
            Netlist: dma_mmu_axi_top
          Floorplan: design_1
      Design limits: <entire design considered>
           Ruledeck: default
             Max checks: <unlimited>
             Checks found: 2
+-----------+----------+-----------------------------------------------------+--------+
| Rule      | Severity | Description                                         | Checks |
+-----------+----------+-----------------------------------------------------+--------+
| CFGBVS-1  | Warning  | Missing CFGBVS and CONFIG_VOLTAGE Design Properties | 1      |
| RTSTAT-10 | Warning  | No routable loads                                   | 1      |
+-----------+----------+-----------------------------------------------------+--------+

2. REPORT DETAILS
-----------------
CFGBVS-1#1 Warning
Missing CFGBVS and CONFIG_VOLTAGE Design Properties  
Neither the CFGBVS nor CONFIG_VOLTAGE voltage property is set in the current_design.  Configuration bank voltage select (CFGBVS) must be set to VCCO or GND, and CONFIG_VOLTAGE must be set to the correct configuration voltage, in order to determine the I/O voltage support for the pins in bank 0.  It is suggested to specify these either using the 'Edit Device Properties' function in the GUI or directly in the XDC file using the following syntax:

 set_property CFGBVS value1 [current_design]
 #where value1 is either VCCO or GND

 set_property CONFIG_VOLTAGE value2 [current_design]
 #where value2 is the voltage provided to configuration bank 0

Refer to the device configuration user guide for more information.
Related violations: <none>

RTSTAT-10#1 Warning
No routable loads  
164 net(s) have no routable loads. The problem bus(es) and/or net(s) are crossbar_inst/axi_crossbar_rd_inst/m_ifaces[0].reg_inst/m_axi_araddr[15:0],
crossbar_inst/axi_crossbar_rd_inst/m_ifaces[0].reg_inst/m_axi_arid[0],
crossbar_inst/axi_crossbar_rd_inst/m_ifaces[0].reg_inst/m_axi_arlen[7:0],
crossbar_inst/axi_crossbar_rd_inst/m_ifaces[0].reg_inst/m_axi_arsize[0],
crossbar_inst/axi_crossbar_rd_inst/s_ifaces[0].reg_inst/m_axi_rready,
crossbar_inst/axi_crossbar_wr_inst/m_ifaces[0].reg_inst/m_axi_awaddr[15:0],
crossbar_inst/axi_crossbar_wr_inst/m_ifaces[0].reg_inst/m_axi_awid[0],
crossbar_inst/axi_crossbar_wr_inst/m_ifaces[0].reg_inst/m_axi_awlen[7:0],
crossbar_inst/axi_crossbar_wr_inst/m_ifaces[0].reg_inst/m_axi_awsize[0],
crossbar_inst/axi_crossbar_wr_inst/m_ifaces[0].reg_inst/m_axi_wdata_reg_reg[31]_0[31:0],
crossbar_inst/axi_crossbar_wr_inst/m_ifaces[0].reg_inst/m_axi_wlast,
crossbar_inst/axi_crossbar_wr_inst/m_ifaces[0].reg_inst/m_axi_wstrb[3:0],
crossbar_inst/axi_crossbar_wr_inst/s_ifaces[1].b_arb_inst/m_axi_bready,
dma_rd_inst/m_axis_periph_tdata[31:0], regs_inst/irq_o
 (the first 15 of 21 listed).
Related violations: <none>


