Copyright 1986-2022 Xilinx, Inc. All Rights Reserved. Copyright 2022-2025 Advanced Micro Devices, Inc. All Rights Reserved.
---------------------------------------------------------------------------------------------------------------------------------------------
| Tool Version : Vivado v.2025.1 (win64) Build 6140274 Thu May 22 00:12:29 MDT 2025
| Date         : Tue Jul 14 16:09:20 2026
| Host         : LAPTOP-QB9V6NGP running 64-bit major release  (build 9200)
| Command      : report_timing_summary -file C:/rtl/rtl/Project_Vivado/reports/axi/dma_mmu_axi_timing_synth.rpt
| Design       : dma_mmu_axi_top
| Device       : 7a35t-cpg236
| Speed File   : -1  PRODUCTION 1.23 2018-06-13
| Design State : Synthesized
---------------------------------------------------------------------------------------------------------------------------------------------

Timing Summary Report

------------------------------------------------------------------------------------------------
| Timer Settings
| --------------
------------------------------------------------------------------------------------------------

  Enable Multi Corner Analysis               :  Yes
  Enable Pessimism Removal                   :  Yes
  Pessimism Removal Resolution               :  Nearest Common Node
  Enable Input Delay Default Clock           :  No
  Enable Preset / Clear Arcs                 :  No
  Disable Flight Delays                      :  No
  Ignore I/O Paths                           :  No
  Timing Early Launch at Borrowing Latches   :  No
  Borrow Time for Max Delay Exceptions       :  Yes
  Merge Timing Exceptions                    :  Yes
  Inter-SLR Compensation                     :  Conservative

  Corner  Analyze    Analyze    
  Name    Max Paths  Min Paths  
  ------  ---------  ---------  
  Slow    Yes        Yes        
  Fast    Yes        Yes        


------------------------------------------------------------------------------------------------
| Report Methodology
| ------------------
------------------------------------------------------------------------------------------------

No report available as report_methodology has not been run prior. Run report_methodology on the current design for the summary of methodology violations.



check_timing report

Table of Contents
-----------------
1. checking no_clock (0)
2. checking constant_clock (0)
3. checking pulse_width_clock (0)
4. checking unconstrained_internal_endpoints (0)
5. checking no_input_delay (141)
6. checking no_output_delay (179)
7. checking multiple_clock (0)
8. checking generated_clocks (0)
9. checking loops (0)
10. checking partial_input_delay (0)
11. checking partial_output_delay (0)
12. checking latch_loops (0)

1. checking no_clock (0)
------------------------
 There are 0 register/latch pins with no clock.


2. checking constant_clock (0)
------------------------------
 There are 0 register/latch pins with constant_clock.


3. checking pulse_width_clock (0)
---------------------------------
 There are 0 register/latch pins which need pulse_width check


4. checking unconstrained_internal_endpoints (0)
------------------------------------------------
 There are 0 pins that are not constrained for maximum delay.

 There are 0 pins that are not constrained for maximum delay due to constant clock.


5. checking no_input_delay (141)
--------------------------------
 There are 140 input ports with no input delay specified. (HIGH)

 There is 1 input port with no input delay but user has a false path constraint. (MEDIUM)


6. checking no_output_delay (179)
---------------------------------
 There are 179 ports with no output delay specified. (HIGH)

 There are 0 ports with no output delay but user has a false path constraint

 There are 0 ports with no output delay but with a timing clock defined on it or propagating through it


7. checking multiple_clock (0)
------------------------------
 There are 0 register/latch pins with multiple clocks.


8. checking generated_clocks (0)
--------------------------------
 There are 0 generated clocks that are not connected to a clock source.


9. checking loops (0)
---------------------
 There are 0 combinational loops in the design.


10. checking partial_input_delay (0)
------------------------------------
 There are 0 input ports with partial input delay specified.


11. checking partial_output_delay (0)
-------------------------------------
 There are 0 ports with partial output delay specified.


12. checking latch_loops (0)
----------------------------
 There are 0 combinational latch loops in the design through latch input



------------------------------------------------------------------------------------------------
| Design Timing Summary
| ---------------------
------------------------------------------------------------------------------------------------

    WNS(ns)      TNS(ns)  TNS Failing Endpoints  TNS Total Endpoints      WHS(ns)      THS(ns)  THS Failing Endpoints  THS Total Endpoints     WPWS(ns)     TPWS(ns)  TPWS Failing Endpoints  TPWS Total Endpoints  
    -------      -------  ---------------------  -------------------      -------      -------  ---------------------  -------------------     --------     --------  ----------------------  --------------------  
     -1.340       -2.970                      7                 4324        0.094        0.000                      0                 4324        2.750        0.000                       0                  1918  


Timing constraints are not met.


------------------------------------------------------------------------------------------------
| Clock Summary
| -------------
------------------------------------------------------------------------------------------------

Clock    Waveform(ns)         Period(ns)      Frequency(MHz)
-----    ------------         ----------      --------------
axi_clk  {0.000 4.000}        8.000           125.000         


------------------------------------------------------------------------------------------------
| Intra Clock Table
| -----------------
------------------------------------------------------------------------------------------------

Clock             WNS(ns)      TNS(ns)  TNS Failing Endpoints  TNS Total Endpoints      WHS(ns)      THS(ns)  THS Failing Endpoints  THS Total Endpoints     WPWS(ns)     TPWS(ns)  TPWS Failing Endpoints  TPWS Total Endpoints  
-----             -------      -------  ---------------------  -------------------      -------      -------  ---------------------  -------------------     --------     --------  ----------------------  --------------------  
axi_clk            -1.340       -2.970                      7                 4324        0.094        0.000                      0                 4324        2.750        0.000                       0                  1918  


------------------------------------------------------------------------------------------------
| Inter Clock Table
| -----------------
------------------------------------------------------------------------------------------------

From Clock    To Clock          WNS(ns)      TNS(ns)  TNS Failing Endpoints  TNS Total Endpoints      WHS(ns)      THS(ns)  THS Failing Endpoints  THS Total Endpoints  
----------    --------          -------      -------  ---------------------  -------------------      -------      -------  ---------------------  -------------------  


------------------------------------------------------------------------------------------------
| Other Path Groups Table
| -----------------------
------------------------------------------------------------------------------------------------

Path Group    From Clock    To Clock          WNS(ns)      TNS(ns)  TNS Failing Endpoints  TNS Total Endpoints      WHS(ns)      THS(ns)  THS Failing Endpoints  THS Total Endpoints  
----------    ----------    --------          -------      -------  ---------------------  -------------------      -------      -------  ---------------------  -------------------  


------------------------------------------------------------------------------------------------
| Timing Details
| --------------
------------------------------------------------------------------------------------------------


---------------------------------------------------------------------------------------------------
From Clock:  axi_clk
  To Clock:  axi_clk

Setup :            7  Failing Endpoints,  Worst Slack       -1.340ns,  Total Violation       -2.970ns
Hold  :            0  Failing Endpoints,  Worst Slack        0.094ns,  Total Violation        0.000ns
PW    :            0  Failing Endpoints,  Worst Slack        2.750ns,  Total Violation        0.000ns
---------------------------------------------------------------------------------------------------


Max Delay Paths
--------------------------------------------------------------------------------------
Slack (VIOLATED) :        -1.340ns  (required time - arrival time)
  Source:                 iommu_inst/req_vaddr_q_reg[14]/C
                            (rising edge-triggered cell FDCE clocked by axi_clk  {rise@0.000ns fall@4.000ns period=8.000ns})
  Destination:            iommu_inst/resp_fault_o_reg[1]/D
                            (rising edge-triggered cell FDCE clocked by axi_clk  {rise@0.000ns fall@4.000ns period=8.000ns})
  Path Group:             axi_clk
  Path Type:              Setup (Max at Slow Process Corner)
  Requirement:            8.000ns  (axi_clk rise@8.000ns - axi_clk rise@0.000ns)
  Data Path Delay:        9.092ns  (logic 1.503ns (16.531%)  route 7.589ns (83.469%))
  Logic Levels:           8  (LUT4=1 LUT6=7)
  Clock Path Skew:        -0.049ns (DCD - SCD + CPR)
    Destination Clock Delay (DCD):    0.924ns = ( 8.924 - 8.000 ) 
    Source Clock Delay      (SCD):    0.973ns
    Clock Pessimism Removal (CPR):    0.000ns
  Clock Uncertainty:      0.135ns  ((TSJ^2 + TIJ^2)^1/2 + DJ) / 2 + PE + UU
    Total System Jitter     (TSJ):    0.071ns
    Total Input Jitter      (TIJ):    0.000ns
    Discrete Jitter          (DJ):    0.000ns
    Phase Error              (PE):    0.000ns
    User Uncertainty         (UU):    0.100ns

    Location             Delay type                Incr(ns)  Path(ns)    Netlist Resource(s)
  -------------------------------------------------------------------    -------------------
                         (clock axi_clk rise edge)    0.000     0.000 r  
                                                      0.000     0.000 r  aclk (IN)
                         net (fo=1917, unset)         0.973     0.973    iommu_inst/aclk
                         FDCE                                         r  iommu_inst/req_vaddr_q_reg[14]/C
  -------------------------------------------------------------------    -------------------
                         FDCE (Prop_fdce_C_Q)         0.340     1.313 r  iommu_inst/req_vaddr_q_reg[14]/Q
                         net (fo=25, unplaced)        1.030     2.343    iommu_inst/tlb_replacement/Q[14]
                         LUT6 (Prop_lut6_I0_O)        0.295     2.638 r  iommu_inst/tlb_replacement/tlb_vpn_q[0][3]_i_55/O
                         net (fo=2, unplaced)         0.460     3.098    iommu_inst/tlb_replacement_n_26
                         LUT4 (Prop_lut4_I3_O)        0.124     3.222 f  iommu_inst/tlb_vpn_q[0][3]_i_46/O
                         net (fo=2, unplaced)         1.122     4.344    iommu_inst/tlb_vpn_q[0][3]_i_46_n_0
                         LUT6 (Prop_lut6_I1_O)        0.124     4.468 f  iommu_inst/tlb_vpn_q[0][3]_i_27/O
                         net (fo=2, unplaced)         0.913     5.381    iommu_inst/tlb_vpn_q[0][3]_i_27_n_0
                         LUT6 (Prop_lut6_I0_O)        0.124     5.505 r  iommu_inst/resp_fault_o[1]_i_14/O
                         net (fo=8, unplaced)         0.940     6.445    iommu_inst/resp_fault_o[1]_i_14_n_0
                         LUT6 (Prop_lut6_I1_O)        0.124     6.569 r  iommu_inst/resp_fault_o[1]_i_7/O
                         net (fo=1, unplaced)         1.111     7.680    iommu_inst/resp_fault_o[1]_i_7_n_0
                         LUT6 (Prop_lut6_I1_O)        0.124     7.804 r  iommu_inst/resp_fault_o[1]_i_4/O
                         net (fo=1, unplaced)         1.111     8.915    iommu_inst/resp_fault_o[1]_i_4_n_0
                         LUT6 (Prop_lut6_I0_O)        0.124     9.039 r  iommu_inst/resp_fault_o[1]_i_2/O
                         net (fo=1, unplaced)         0.902     9.941    iommu_inst/resp_fault_o[1]_i_2_n_0
                         LUT6 (Prop_lut6_I2_O)        0.124    10.065 r  iommu_inst/resp_fault_o[1]_i_1/O
                         net (fo=1, unplaced)         0.000    10.065    iommu_inst/resp_fault_o[1]_i_1_n_0
                         FDCE                                         r  iommu_inst/resp_fault_o_reg[1]/D
  -------------------------------------------------------------------    -------------------

                         (clock axi_clk rise edge)    8.000     8.000 r  
                                                      0.000     8.000 r  aclk (IN)
                         net (fo=1917, unset)         0.924     8.924    iommu_inst/aclk
                         FDCE                                         r  iommu_inst/resp_fault_o_reg[1]/C
                         clock pessimism              0.000     8.924    
                         clock uncertainty           -0.135     8.789    
                         FDCE (Setup_fdce_C_D)       -0.064     8.725    iommu_inst/resp_fault_o_reg[1]
  -------------------------------------------------------------------
                         required time                          8.725    
                         arrival time                         -10.065    
  -------------------------------------------------------------------
                         slack                                 -1.340    





Min Delay Paths
--------------------------------------------------------------------------------------
Slack (MET) :             0.094ns  (arrival time - required time)
  Source:                 crossbar_inst/axi_crossbar_rd_inst/s_ifaces[0].reg_inst/s_axi_rdata_reg_reg[0]/C
                            (rising edge-triggered cell FDRE clocked by axi_clk  {rise@0.000ns fall@4.000ns period=8.000ns})
  Destination:            cdma_inst/out_fifo_wdata_reg_0_31_0_5/RAMA/I
                            (rising edge-triggered cell RAMD32 clocked by axi_clk  {rise@0.000ns fall@4.000ns period=8.000ns})
  Path Group:             axi_clk
  Path Type:              Hold (Min at Fast Process Corner)
  Requirement:            0.000ns  (axi_clk rise@0.000ns - axi_clk rise@0.000ns)
  Data Path Delay:        0.253ns  (logic 0.112ns (44.306%)  route 0.141ns (55.694%))
  Logic Levels:           0  
  Clock Path Skew:        0.022ns (DCD - SCD - CPR)
    Destination Clock Delay (DCD):    0.432ns
    Source Clock Delay      (SCD):    0.410ns
    Clock Pessimism Removal (CPR):    -0.000ns
  Clock Uncertainty:      0.100ns  ((TSJ^2 + TIJ^2)^1/2 + DJ) / 2 + PE + UU
    Total System Jitter     (TSJ):    0.000ns
    Total Input Jitter      (TIJ):    0.000ns
    Discrete Jitter          (DJ):    0.000ns
    Phase Error              (PE):    0.000ns
    User Uncertainty         (UU):    0.100ns

    Location             Delay type                Incr(ns)  Path(ns)    Netlist Resource(s)
  -------------------------------------------------------------------    -------------------
                         (clock axi_clk rise edge)    0.000     0.000 r  
                                                      0.000     0.000 r  aclk (IN)
                         net (fo=1917, unset)         0.410     0.410    crossbar_inst/axi_crossbar_rd_inst/s_ifaces[0].reg_inst/aclk
                         FDRE                                         r  crossbar_inst/axi_crossbar_rd_inst/s_ifaces[0].reg_inst/s_axi_rdata_reg_reg[0]/C
  -------------------------------------------------------------------    -------------------
                         FDRE (Prop_fdre_C_Q)         0.112     0.522 r  crossbar_inst/axi_crossbar_rd_inst/s_ifaces[0].reg_inst/s_axi_rdata_reg_reg[0]/Q
                         net (fo=1, unplaced)         0.141     0.663    cdma_inst/out_fifo_wdata_reg_0_31_0_5/DIA0
                         RAMD32                                       r  cdma_inst/out_fifo_wdata_reg_0_31_0_5/RAMA/I
  -------------------------------------------------------------------    -------------------

                         (clock axi_clk rise edge)    0.000     0.000 r  
                                                      0.000     0.000 r  aclk (IN)
                         net (fo=1917, unset)         0.432     0.432    cdma_inst/out_fifo_wdata_reg_0_31_0_5/WCLK
                         RAMD32                                       r  cdma_inst/out_fifo_wdata_reg_0_31_0_5/RAMA/CLK
                         clock pessimism              0.000     0.432    
                         clock uncertainty            0.100     0.532    
                         RAMD32 (Hold_ramd32_CLK_I)
                                                      0.037     0.569    cdma_inst/out_fifo_wdata_reg_0_31_0_5/RAMA
  -------------------------------------------------------------------
                         required time                         -0.569    
                         arrival time                           0.663    
  -------------------------------------------------------------------
                         slack                                  0.094    





Pulse Width Checks
--------------------------------------------------------------------------------------
Clock Name:         axi_clk
Waveform(ns):       { 0.000 4.000 }
Period(ns):         8.000
Sources:            { aclk }

Check Type        Corner  Lib Pin     Reference Pin  Required(ns)  Actual(ns)  Slack(ns)  Location  Pin
Min Period        n/a     FDCE/C      n/a            1.000         8.000       7.000                m2s_bytes_remaining_q_reg[0]/C
Low Pulse Width   Slow    RAMD32/CLK  n/a            1.250         4.000       2.750                cdma_inst/out_fifo_wdata_reg_0_31_0_5/RAMA/CLK
High Pulse Width  Slow    RAMD32/CLK  n/a            1.250         4.000       2.750                cdma_inst/out_fifo_wdata_reg_0_31_0_5/RAMA/CLK



