
*** Running vivado
    with args -log dma_mmu_picorv32_vc707_ddr3_top.vdi -applog -m64 -product Vivado -messageDb vivado.pb -mode batch -source dma_mmu_picorv32_vc707_ddr3_top.tcl -notrace



****** Vivado v2025.1 (64-bit)
  **** SW Build 6140274 on Thu May 22 00:12:29 MDT 2025
  **** IP Build 6138677 on Thu May 22 03:10:11 MDT 2025
  **** SharedData Build 6139179 on Tue May 20 17:58:58 MDT 2025
  **** Start of session at: Mon Aug 17 19:53:46 2026
    ** Copyright 1986-2022 Xilinx, Inc. All Rights Reserved.
    ** Copyright 2022-2025 Advanced Micro Devices, Inc. All Rights Reserved.

source dma_mmu_picorv32_vc707_ddr3_top.tcl -notrace
create_project: Time (s): cpu = 00:00:25 ; elapsed = 00:00:17 . Memory (MB): peak = 506.188 ; gain = 210.586
Command: link_design -top dma_mmu_picorv32_vc707_ddr3_top -part xc7vx485tffg1761-2
Design is defaulting to srcset: sources_1
Design is defaulting to constrset: constrs_1
INFO: [Device 21-403] Loading part xc7vx485tffg1761-2
INFO: [Project 1-5699] Read binary netlist with skipMacroContent - 1
INFO: [Project 1-454] Reading design checkpoint 'd:/DMA_MMU_work/build/vivado/vc707_ddr3/DMA_IOMMU_PicoRV32_VC707_DDR3.gen/sources_1/ip/soc_ddr_clock_converter/soc_ddr_clock_converter.dcp' for cell 'ddr_clock_converter_inst'
INFO: [Project 1-454] Reading design checkpoint 'd:/DMA_MMU_work/build/vivado/vc707_ddr3/DMA_IOMMU_PicoRV32_VC707_DDR3.gen/sources_1/ip/soc_ddr_axi_converter/soc_ddr_axi_converter.dcp' for cell 'ddr_width_converter_inst'
INFO: [Project 1-454] Reading design checkpoint 'd:/DMA_MMU_work/build/vivado/vc707_ddr3/DMA_IOMMU_PicoRV32_VC707_DDR3.gen/sources_1/ip/vc707_mig/vc707_mig.dcp' for cell 'mig_inst'
Netlist sorting complete. Time (s): cpu = 00:00:01 ; elapsed = 00:00:02 . Memory (MB): peak = 1121.926 ; gain = 0.449
INFO: [Netlist 29-17] Analyzing 2534 Unisim elements for replacement
INFO: [Netlist 29-28] Unisim Transformation completed in 1 CPU seconds
INFO: [Project 1-479] Netlist was created with Vivado 2025.1
INFO: [Project 1-570] Preparing netlist for logic optimization
Parsing XDC File [d:/DMA_MMU_work/build/vivado/vc707_ddr3/DMA_IOMMU_PicoRV32_VC707_DDR3.gen/sources_1/ip/vc707_mig/vc707_mig/user_design/constraints/vc707_mig.xdc] for cell 'mig_inst'
Finished Parsing XDC File [d:/DMA_MMU_work/build/vivado/vc707_ddr3/DMA_IOMMU_PicoRV32_VC707_DDR3.gen/sources_1/ip/vc707_mig/vc707_mig/user_design/constraints/vc707_mig.xdc] for cell 'mig_inst'
Parsing XDC File [D:/DMA_MMU_work/build/vivado/vc707_ddr3/dma_mmu_picorv32_vc707_ddr3.xdc]
Finished Parsing XDC File [D:/DMA_MMU_work/build/vivado/vc707_ddr3/dma_mmu_picorv32_vc707_ddr3.xdc]
Parsing XDC File [d:/DMA_MMU_work/build/vivado/vc707_ddr3/DMA_IOMMU_PicoRV32_VC707_DDR3.gen/sources_1/ip/soc_ddr_clock_converter/soc_ddr_clock_converter_clocks.xdc] for cell 'ddr_clock_converter_inst/inst'
INFO: [Timing 38-35] Done setting XDC timing constraints. [d:/DMA_MMU_work/build/vivado/vc707_ddr3/DMA_IOMMU_PicoRV32_VC707_DDR3.gen/sources_1/ip/soc_ddr_clock_converter/soc_ddr_clock_converter_clocks.xdc:16]
INFO: [Timing 38-2] Deriving generated clocks [d:/DMA_MMU_work/build/vivado/vc707_ddr3/DMA_IOMMU_PicoRV32_VC707_DDR3.gen/sources_1/ip/soc_ddr_clock_converter/soc_ddr_clock_converter_clocks.xdc:16]
all_fanout: Time (s): cpu = 00:00:25 ; elapsed = 00:00:25 . Memory (MB): peak = 2059.250 ; gain = 626.340
WARNING: [Vivado_Tcl 4-2057] Waiver ID 'LUTAR-1' object list specifies likely unusable hierarchical instance 'ddr_clock_converter_inst/inst/gen_clock_conv.gen_async_conv.asyncfifo_axi'. [d:/DMA_MMU_work/build/vivado/vc707_ddr3/DMA_IOMMU_PicoRV32_VC707_DDR3.gen/sources_1/ip/soc_ddr_clock_converter/soc_ddr_clock_converter_clocks.xdc:30]
Finished Parsing XDC File [d:/DMA_MMU_work/build/vivado/vc707_ddr3/DMA_IOMMU_PicoRV32_VC707_DDR3.gen/sources_1/ip/soc_ddr_clock_converter/soc_ddr_clock_converter_clocks.xdc] for cell 'ddr_clock_converter_inst/inst'
Parsing XDC File [d:/DMA_MMU_work/build/vivado/vc707_ddr3/DMA_IOMMU_PicoRV32_VC707_DDR3.gen/sources_1/ip/soc_ddr_axi_converter/soc_ddr_axi_converter_clocks.xdc] for cell 'ddr_width_converter_inst/inst'
Finished Parsing XDC File [d:/DMA_MMU_work/build/vivado/vc707_ddr3/DMA_IOMMU_PicoRV32_VC707_DDR3.gen/sources_1/ip/soc_ddr_axi_converter/soc_ddr_axi_converter_clocks.xdc] for cell 'ddr_width_converter_inst/inst'
INFO: [Project 1-1714] 33 XPM XDC files have been applied to the design.
INFO: [Opt 31-138] Pushed 0 inverter(s) to 0 load pin(s).
Netlist sorting complete. Time (s): cpu = 00:00:00 ; elapsed = 00:00:00.066 . Memory (MB): peak = 2059.250 ; gain = 0.000
INFO: [Project 1-111] Unisim Transformation Summary:
  A total of 591 instances were transformed.
  IOBUFDS_DIFF_OUT_DCIEN => IOBUFDS_DIFF_OUT_DCIEN (IBUFDS_IBUFDISABLE_INT(x2), INV, OBUFTDS_DCIEN(x2)): 8 instances
  IOBUF_DCIEN => IOBUF_DCIEN (IBUF_IBUFDISABLE, OBUFT_DCIEN): 64 instances
  LUT6_2 => LUT6_2 (LUT5, LUT6): 28 instances
  OBUFDS => OBUFDS_DUAL_BUF (INV, OBUFDS(x2)): 1 instance 
  RAM32M => RAM32M (RAMD32(x6), RAMS32(x2)): 443 instances
  RAM32X1D => RAM32X1D (RAMD32(x2)): 25 instances
  RAM64M => RAM64M (RAMD64E(x4)): 22 instances

14 Infos, 1 Warnings, 0 Critical Warnings and 0 Errors encountered.
link_design completed successfully
link_design: Time (s): cpu = 00:01:16 ; elapsed = 00:01:23 . Memory (MB): peak = 2059.250 ; gain = 1511.539
Command: opt_design -directive Explore
INFO: [Vivado_Tcl 4-136] Directive used for opt_design is: Explore
Attempting to get a license for feature 'Implementation' and/or device 'xc7vx485t'
INFO: [Common 17-349] Got license for feature 'Implementation' and/or device 'xc7vx485t'
Running DRC as a precondition to command opt_design

Starting DRC Task
INFO: [DRC 23-27] Running DRC with 2 threads
INFO: [Project 1-461] DRC finished with 0 Errors
INFO: [Project 1-462] Please refer to the DRC report (report_drc) for more information.

Time (s): cpu = 00:00:08 ; elapsed = 00:00:04 . Memory (MB): peak = 2059.250 ; gain = 0.000

Starting Logic Optimization Task

Phase 1 Initialization

Phase 1.1 Core Generation And Design Setup
Phase 1.1 Core Generation And Design Setup | Checksum: 2b549b22d

Time (s): cpu = 00:00:00 ; elapsed = 00:00:00.123 . Memory (MB): peak = 2390.449 ; gain = 0.000

Phase 1.2 Setup Constraints And Sort Netlist
Phase 1.2 Setup Constraints And Sort Netlist | Checksum: 2b549b22d

Time (s): cpu = 00:00:00 ; elapsed = 00:00:00.243 . Memory (MB): peak = 2390.449 ; gain = 0.000
Phase 1 Initialization | Checksum: 2b549b22d

Time (s): cpu = 00:00:00 ; elapsed = 00:00:00.262 . Memory (MB): peak = 2390.449 ; gain = 0.000

Phase 2 Timer Update And Timing Data Collection

Phase 2.1 Timer Update
INFO: [Timing 38-35] Done setting XDC timing constraints.
Phase 2.1 Timer Update | Checksum: 2b549b22d

Time (s): cpu = 00:00:10 ; elapsed = 00:00:07 . Memory (MB): peak = 2467.266 ; gain = 76.816

Phase 2.2 Timing Data Collection
Phase 2.2 Timing Data Collection | Checksum: 2b549b22d

Time (s): cpu = 00:00:10 ; elapsed = 00:00:07 . Memory (MB): peak = 2467.266 ; gain = 76.816
Phase 2 Timer Update And Timing Data Collection | Checksum: 2b549b22d

Time (s): cpu = 00:00:10 ; elapsed = 00:00:07 . Memory (MB): peak = 2467.266 ; gain = 76.816

Phase 3 Retarget
INFO: [Opt 31-1851] Number of loadless carry chains removed were: 0
INFO: [Opt 31-1834] Total Chains To Be Transformed Were: 0 AND Number of Transformed insts Created are: 0
INFO: [Opt 31-1566] Pulled 26 inverters resulting in an inversion of 325 pins
INFO: [Opt 31-138] Pushed 2 inverter(s) to 2 load pin(s).
INFO: [Opt 31-49] Retargeted 0 cell(s).
Phase 3 Retarget | Checksum: 1d5837e98

Time (s): cpu = 00:00:12 ; elapsed = 00:00:09 . Memory (MB): peak = 2467.266 ; gain = 76.816
Retarget | Checksum: 1d5837e98
INFO: [Opt 31-389] Phase Retarget created 76 cells and removed 193 cells
INFO: [Opt 31-1021] In phase Retarget, 105 netlist objects are constrained preventing optimization. Please run opt_design with -debug_log to get more detail. 

Phase 4 Constant propagation
INFO: [Opt 31-138] Pushed 0 inverter(s) to 0 load pin(s).
Phase 4 Constant propagation | Checksum: 2137bfd0f

Time (s): cpu = 00:00:13 ; elapsed = 00:00:10 . Memory (MB): peak = 2467.266 ; gain = 76.816
Constant propagation | Checksum: 2137bfd0f
INFO: [Opt 31-389] Phase Constant propagation created 8 cells and removed 162 cells
INFO: [Opt 31-1021] In phase Constant propagation, 30 netlist objects are constrained preventing optimization. Please run opt_design with -debug_log to get more detail. 

Phase 5 Sweep
INFO: [Constraints 18-11670] Building netlist checker database with flags, 0x8
Done building netlist checker database: Time (s): cpu = 00:00:01 ; elapsed = 00:00:00.086 . Memory (MB): peak = 2467.266 ; gain = 0.000
INFO: [Constraints 18-11670] Building netlist checker database with flags, 0x8
Done building netlist checker database: Time (s): cpu = 00:00:00 ; elapsed = 00:00:00.075 . Memory (MB): peak = 2467.266 ; gain = 0.000
Phase 5 Sweep | Checksum: 1e2ed6354

Time (s): cpu = 00:00:15 ; elapsed = 00:00:12 . Memory (MB): peak = 2467.266 ; gain = 76.816
Sweep | Checksum: 1e2ed6354
INFO: [Opt 31-389] Phase Sweep created 3 cells and removed 209 cells
INFO: [Opt 31-1021] In phase Sweep, 150 netlist objects are constrained preventing optimization. Please run opt_design with -debug_log to get more detail. 

Phase 6 BUFG optimization
Phase 6 BUFG optimization | Checksum: 1e2ed6354

Time (s): cpu = 00:00:17 ; elapsed = 00:00:13 . Memory (MB): peak = 2467.266 ; gain = 76.816
BUFG optimization | Checksum: 1e2ed6354
INFO: [Opt 31-662] Phase BUFG optimization created 0 cells of which 0 are BUFGs and removed 0 cells.

Phase 7 Shift Register Optimization
INFO: [Opt 31-1064] SRL Remap converted 0 SRLs to 0 registers and converted 0 registers of register chains to 0 SRLs
Phase 7 Shift Register Optimization | Checksum: 1e2ed6354

Time (s): cpu = 00:00:17 ; elapsed = 00:00:14 . Memory (MB): peak = 2467.266 ; gain = 76.816
Shift Register Optimization | Checksum: 1e2ed6354
INFO: [Opt 31-389] Phase Shift Register Optimization created 0 cells and removed 0 cells
INFO: [Opt 31-1555] control_set_opt supports Versal devices only, and device 7vx485t is unsupported

Phase 8 Post Processing Netlist
Phase 8 Post Processing Netlist | Checksum: 1fb9692e5

Time (s): cpu = 00:00:18 ; elapsed = 00:00:14 . Memory (MB): peak = 2467.266 ; gain = 76.816
Post Processing Netlist | Checksum: 1fb9692e5
INFO: [Opt 31-389] Phase Post Processing Netlist created 0 cells and removed 0 cells
INFO: [Opt 31-1021] In phase Post Processing Netlist, 45 netlist objects are constrained preventing optimization. Please run opt_design with -debug_log to get more detail. 

Phase 9 Finalization

Phase 9.1 Finalizing Design Cores and Updating Shapes
Phase 9.1 Finalizing Design Cores and Updating Shapes | Checksum: 23073b6bb

Time (s): cpu = 00:00:19 ; elapsed = 00:00:16 . Memory (MB): peak = 2467.266 ; gain = 76.816

Phase 9.2 Verifying Netlist Connectivity

Starting Connectivity Check Task

Time (s): cpu = 00:00:00 ; elapsed = 00:00:00.212 . Memory (MB): peak = 2467.266 ; gain = 0.000
Phase 9.2 Verifying Netlist Connectivity | Checksum: 23073b6bb

Time (s): cpu = 00:00:19 ; elapsed = 00:00:16 . Memory (MB): peak = 2467.266 ; gain = 76.816
Phase 9 Finalization | Checksum: 23073b6bb

Time (s): cpu = 00:00:20 ; elapsed = 00:00:16 . Memory (MB): peak = 2467.266 ; gain = 76.816
Opt_design Change Summary
=========================


-------------------------------------------------------------------------------------------------------------------------
|  Phase                        |  #Cells created  |  #Cells Removed  |  #Constrained objects preventing optimizations  |
-------------------------------------------------------------------------------------------------------------------------
|  Retarget                     |              76  |             193  |                                            105  |
|  Constant propagation         |               8  |             162  |                                             30  |
|  Sweep                        |               3  |             209  |                                            150  |
|  BUFG optimization            |               0  |               0  |                                              0  |
|  Shift Register Optimization  |               0  |               0  |                                              0  |
|  Post Processing Netlist      |               0  |               0  |                                             45  |
-------------------------------------------------------------------------------------------------------------------------


Ending Logic Optimization Task | Checksum: 23073b6bb

Time (s): cpu = 00:00:20 ; elapsed = 00:00:16 . Memory (MB): peak = 2467.266 ; gain = 76.816

Starting Netlist Obfuscation Task
Netlist sorting complete. Time (s): cpu = 00:00:00 ; elapsed = 00:00:00.060 . Memory (MB): peak = 2467.266 ; gain = 0.000
Ending Netlist Obfuscation Task | Checksum: 23073b6bb

Time (s): cpu = 00:00:00 ; elapsed = 00:00:00.077 . Memory (MB): peak = 2467.266 ; gain = 0.000
INFO: [Common 17-83] Releasing license: Implementation
41 Infos, 1 Warnings, 0 Critical Warnings and 0 Errors encountered.
opt_design completed successfully
opt_design: Time (s): cpu = 00:00:35 ; elapsed = 00:00:28 . Memory (MB): peak = 2467.266 ; gain = 408.016
INFO: [Vivado 12-24828] Executing command : report_drc -file dma_mmu_picorv32_vc707_ddr3_top_drc_opted.rpt -pb dma_mmu_picorv32_vc707_ddr3_top_drc_opted.pb -rpx dma_mmu_picorv32_vc707_ddr3_top_drc_opted.rpx
Command: report_drc -file dma_mmu_picorv32_vc707_ddr3_top_drc_opted.rpt -pb dma_mmu_picorv32_vc707_ddr3_top_drc_opted.pb -rpx dma_mmu_picorv32_vc707_ddr3_top_drc_opted.rpx
INFO: [IP_Flow 19-1839] IP Catalog is up to date.
INFO: [DRC 23-27] Running DRC with 2 threads
INFO: [Vivado_Tcl 2-168] The results of DRC are in file D:/DMA_MMU_work/build/vivado/vc707_ddr3/DMA_IOMMU_PicoRV32_VC707_DDR3.runs/impl_1/dma_mmu_picorv32_vc707_ddr3_top_drc_opted.rpt.
report_drc completed successfully
report_drc: Time (s): cpu = 00:00:14 ; elapsed = 00:00:08 . Memory (MB): peak = 2467.266 ; gain = 0.000
generate_parallel_reports: Time (s): cpu = 00:00:14 ; elapsed = 00:00:08 . Memory (MB): peak = 2467.266 ; gain = 0.000
INFO: [Timing 38-35] Done setting XDC timing constraints.
INFO: [Timing 38-480] Writing timing data to binary archive.
Wrote PlaceDB: Time (s): cpu = 00:00:00 ; elapsed = 00:00:00.135 . Memory (MB): peak = 2509.848 ; gain = 22.887
Wrote PulsedLatchDB: Time (s): cpu = 00:00:00 ; elapsed = 00:00:00.001 . Memory (MB): peak = 2512.340 ; gain = 0.887
Writing XDEF routing.
Write ShapeDB Complete: Time (s): cpu = 00:00:00 ; elapsed = 00:00:00.186 . Memory (MB): peak = 2515.555 ; gain = 28.711
Writing XDEF routing logical nets.
Writing XDEF routing special nets.
Wrote RouteStorage: Time (s): cpu = 00:00:01 ; elapsed = 00:00:00.210 . Memory (MB): peak = 2541.223 ; gain = 28.492
Wrote Netlist Cache: Time (s): cpu = 00:00:00 ; elapsed = 00:00:00.003 . Memory (MB): peak = 2544.770 ; gain = 0.000
Wrote Device Cache: Time (s): cpu = 00:00:00 ; elapsed = 00:00:00.038 . Memory (MB): peak = 2544.770 ; gain = 0.000
Write Physdb Complete: Time (s): cpu = 00:00:01 ; elapsed = 00:00:00.426 . Memory (MB): peak = 2544.770 ; gain = 57.809
INFO: [Common 17-1381] The checkpoint 'D:/DMA_MMU_work/build/vivado/vc707_ddr3/DMA_IOMMU_PicoRV32_VC707_DDR3.runs/impl_1/dma_mmu_picorv32_vc707_ddr3_top_opt.dcp' has been generated.
write_checkpoint: Time (s): cpu = 00:00:18 ; elapsed = 00:00:13 . Memory (MB): peak = 2547.160 ; gain = 79.895
Command: place_design -directive Explore
Attempting to get a license for feature 'Implementation' and/or device 'xc7vx485t'
INFO: [Common 17-349] Got license for feature 'Implementation' and/or device 'xc7vx485t'
INFO: [Common 17-83] Releasing license: Implementation
INFO: [DRC 23-27] Running DRC with 2 threads
INFO: [Vivado_Tcl 4-198] DRC finished with 0 Errors
INFO: [Vivado_Tcl 4-199] Please refer to the DRC report (report_drc) for more information.
INFO: [Vivado_Tcl 4-2302] The placer was invoked with the 'Explore' directive.
Running DRC as a precondition to command place_design
INFO: [DRC 23-27] Running DRC with 2 threads
INFO: [Vivado_Tcl 4-198] DRC finished with 0 Errors
INFO: [Vivado_Tcl 4-199] Please refer to the DRC report (report_drc) for more information.
INFO: [Place 30-611] Multithreading enabled for place_design using a maximum of 2 CPUs

Starting Placer Task

Phase 1 Placer Initialization

Phase 1.1 Placer Initialization Netlist Sorting
Netlist sorting complete. Time (s): cpu = 00:00:00 ; elapsed = 00:00:00.064 . Memory (MB): peak = 2553.277 ; gain = 0.000
Phase 1.1 Placer Initialization Netlist Sorting | Checksum: 175e42e64

Time (s): cpu = 00:00:00 ; elapsed = 00:00:00.102 . Memory (MB): peak = 2553.277 ; gain = 0.000
Netlist sorting complete. Time (s): cpu = 00:00:01 ; elapsed = 00:00:00.063 . Memory (MB): peak = 2553.277 ; gain = 0.000

Phase 1.2 IO Placement/ Clock Placement/ Build Placer Device
INFO: [Place 30-1907] mig_inst/u_vc707_mig_mig/u_iodelay_ctrl/idelayctrl_gen_1.u_idelayctrl_300_400_REPLICATED_0 replication was created for mig_inst/u_vc707_mig_mig/u_iodelay_ctrl/idelayctrl_gen_1.u_idelayctrl_300_400 IDELAYCTRL
WARNING: [Place 30-575] Sub-optimal placement for a clock-capable IO pin and MMCM pair. This is normally an ERROR but the CLOCK_DEDICATED_ROUTE constraint is set to FALSE allowing your design to continue. The use of this override is highly discouraged as it may lead to very poor timing results. It is recommended that this error condition be corrected in the design.

	mig_inst/u_vc707_mig_mig/u_ddr3_clk_ibuf/diff_input_clk.u_ibufg_sys_clk (IBUFDS.O) is locked to IOB_X1Y276
	mig_inst/u_vc707_mig_mig/u_iodelay_ctrl/clk_ref_mmcm_gen.mmcm_i (MMCME2_ADV.CLKIN1) is provisionally placed by clockplacer on MMCME2_ADV_X0Y3
Resolution: A dedicated routing path between the two can be used if: (a) The clock-capable IO (CCIO) is placed on a CCIO capable site (b) The MMCM is placed in the same clock region as the CCIO pin. If the IOB is driving multiple MMCMs, all MMCMs must be placed in the same clock region, one clock region above or one clock region below the IOB. Both the above conditions must be met at the same time, else it may lead to longer and less predictable clock insertion delays.
Phase 1.2 IO Placement/ Clock Placement/ Build Placer Device | Checksum: 1f643c8aa

Time (s): cpu = 00:00:16 ; elapsed = 00:00:13 . Memory (MB): peak = 2553.277 ; gain = 0.000

Phase 1.3 Build Placer Netlist Model
Phase 1.3 Build Placer Netlist Model | Checksum: 1e81e9f22

Time (s): cpu = 00:00:57 ; elapsed = 00:00:42 . Memory (MB): peak = 2818.242 ; gain = 264.965

Phase 1.4 Constrain Clocks/Macros
Phase 1.4 Constrain Clocks/Macros | Checksum: 1e81e9f22

Time (s): cpu = 00:00:57 ; elapsed = 00:00:42 . Memory (MB): peak = 2818.242 ; gain = 264.965
Phase 1 Placer Initialization | Checksum: 1e81e9f22

Time (s): cpu = 00:00:57 ; elapsed = 00:00:43 . Memory (MB): peak = 2818.242 ; gain = 264.965

Phase 2 Global Placement

Phase 2.1 Floorplanning
Phase 2.1 Floorplanning | Checksum: 2330664bb

Time (s): cpu = 00:01:12 ; elapsed = 00:00:52 . Memory (MB): peak = 2818.242 ; gain = 264.965

Phase 2.2 Update Timing before SLR Path Opt
Phase 2.2 Update Timing before SLR Path Opt | Checksum: 1da2f5f19

Time (s): cpu = 00:01:26 ; elapsed = 00:01:01 . Memory (MB): peak = 2818.242 ; gain = 264.965

Phase 2.3 Post-Processing in Floorplanning
Phase 2.3 Post-Processing in Floorplanning | Checksum: 1da2f5f19

Time (s): cpu = 00:01:27 ; elapsed = 00:01:02 . Memory (MB): peak = 2818.242 ; gain = 264.965

Phase 2.4 Global Place Phase1
Phase 2.4 Global Place Phase1 | Checksum: 26644d480

Time (s): cpu = 00:02:54 ; elapsed = 00:02:02 . Memory (MB): peak = 2863.797 ; gain = 310.520

Phase 2.5 Global Place Phase2

Phase 2.5.1 UpdateTiming Before Physical Synthesis
Phase 2.5.1 UpdateTiming Before Physical Synthesis | Checksum: 1fddd68b1

Time (s): cpu = 00:03:07 ; elapsed = 00:02:10 . Memory (MB): peak = 2863.797 ; gain = 310.520

Phase 2.5.2 Physical Synthesis In Placer
INFO: [Physopt 32-1035] Found 6 LUTNM shape to break, 3409 LUT instances to create LUTNM shape
INFO: [Physopt 32-1044] Break lutnm for timing: one critical 6, two critical 0, total 6, new lutff created 0
INFO: [Physopt 32-1138] End 1 Pass. Optimized 1540 nets or LUTs. Breaked 6 LUTs, combined 1534 existing LUTs and moved 0 existing LUT
INFO: [Physopt 32-1408] Pass 1. Identified 4 candidate nets for high-fanout optimization.
INFO: [Physopt 32-81] Processed net mig_inst/u_vc707_mig_mig/u_memc_ui_top_axi/u_axi_mc/axi_mc_w_channel_0/wready_d3. Replicated 2 times.
INFO: [Physopt 32-81] Processed net mig_inst/u_vc707_mig_mig/u_memc_ui_top_axi/u_ui_top/ui_wr_data0/app_wdf_rdy. Replicated 8 times.
INFO: [Physopt 32-81] Processed net mig_inst/u_vc707_mig_mig/u_memc_ui_top_axi/u_ui_top/ui_wr_data0/app_wdf_rdy_r_copy2. Replicated 7 times.
INFO: [Physopt 32-81] Processed net ddr_width_converter_inst/inst/gen_upsizer.gen_full_upsizer.axi_upsizer_inst/USE_READ.gen_non_fifo_r_upsizer.mi_register_slice_inst/r.r_pipe/s_ready_i_reg_0. Replicated 5 times.
INFO: [Physopt 32-232] Optimized 4 nets. Created 22 new instances.
INFO: [Physopt 32-775] End 1 Pass. Optimized 4 nets or cells. Created 22 new cells, deleted 0 existing cell and moved 0 existing cell
Netlist sorting complete. Time (s): cpu = 00:00:00 ; elapsed = 00:00:00.322 . Memory (MB): peak = 2863.797 ; gain = 0.000
INFO: [Physopt 32-456] No candidate cells for DSP register optimization found in the design.
INFO: [Physopt 32-775] End 2 Pass. Optimized 0 net or cell. Created 0 new cell, deleted 0 existing cell and moved 0 existing cell
INFO: [Physopt 32-1123] No candidate cells found for Shift Register to Pipeline optimization
INFO: [Physopt 32-775] End 2 Pass. Optimized 0 net or cell. Created 0 new cell, deleted 0 existing cell and moved 0 existing cell
INFO: [Physopt 32-1402] Pass 1: Identified 5 candidate cells for Shift Register optimization.
INFO: [Physopt 32-775] End 1 Pass. Optimized 3 nets or cells. Created 24 new cells, deleted 0 existing cell and moved 0 existing cell
Netlist sorting complete. Time (s): cpu = 00:00:00 ; elapsed = 00:00:00.086 . Memory (MB): peak = 2863.797 ; gain = 0.000
INFO: [Physopt 32-526] No candidate cells for BRAM register optimization found in the design
INFO: [Physopt 32-775] End 1 Pass. Optimized 0 net or cell. Created 0 new cell, deleted 0 existing cell and moved 0 existing cell
INFO: [Physopt 32-846] No candidate cells for URAM register optimization found in the design
INFO: [Physopt 32-775] End 1 Pass. Optimized 0 net or cell. Created 0 new cell, deleted 0 existing cell and moved 0 existing cell
INFO: [Physopt 32-846] No candidate cells for URAM register optimization found in the design
INFO: [Physopt 32-775] End 1 Pass. Optimized 0 net or cell. Created 0 new cell, deleted 0 existing cell and moved 0 existing cell
INFO: [Physopt 32-949] No candidate nets found for dynamic/static region interface net replication
INFO: [Physopt 32-775] End 1 Pass. Optimized 0 net or cell. Created 0 new cell, deleted 0 existing cell and moved 0 existing cell
Netlist sorting complete. Time (s): cpu = 00:00:00 ; elapsed = 00:00:00.081 . Memory (MB): peak = 2863.797 ; gain = 0.000
INFO: [Physopt 32-68] No nets found for critical-cell optimization.
INFO: [Physopt 32-232] Optimized 0 net. Created 0 new instance.
INFO: [Physopt 32-775] End 1 Pass. Optimized 0 net or cell. Created 0 new cell, deleted 0 existing cell and moved 0 existing cell
Netlist sorting complete. Time (s): cpu = 00:00:00 ; elapsed = 00:00:00.077 . Memory (MB): peak = 2863.797 ; gain = 0.000

Summary of Physical Synthesis Optimizations
============================================


-----------------------------------------------------------------------------------------------------------------------------------------------------------
|  Optimization                                     |  Added Cells  |  Removed Cells  |  Optimized Cells/Nets  |  Dont Touch  |  Iterations  |  Elapsed   |
-----------------------------------------------------------------------------------------------------------------------------------------------------------
|  LUT Combining                                    |            6  |           1534  |                  1540  |           0  |           1  |  00:00:04  |
|  Retime                                           |            0  |              0  |                     0  |           0  |           1  |  00:00:00  |
|  Very High Fanout                                 |           22  |              0  |                     4  |           0  |           1  |  00:00:03  |
|  DSP Register                                     |            0  |              0  |                     0  |           0  |           1  |  00:00:00  |
|  Shift Register to Pipeline                       |            0  |              0  |                     0  |           0  |           1  |  00:00:00  |
|  Shift Register                                   |           24  |              0  |                     3  |           0  |           1  |  00:00:00  |
|  BRAM Register                                    |            0  |              0  |                     0  |           0  |           1  |  00:00:00  |
|  URAM Register                                    |            0  |              0  |                     0  |           0  |           1  |  00:00:00  |
|  Dynamic/Static Region Interface Net Replication  |            0  |              0  |                     0  |           0  |           1  |  00:00:00  |
|  Critical Cell                                    |            0  |              0  |                     0  |           0  |           1  |  00:00:00  |
|  Total                                            |           52  |           1534  |                  1547  |           0  |          10  |  00:00:08  |
-----------------------------------------------------------------------------------------------------------------------------------------------------------


Phase 2.5.2 Physical Synthesis In Placer | Checksum: 2c665b49a

Time (s): cpu = 00:03:31 ; elapsed = 00:02:30 . Memory (MB): peak = 2863.797 ; gain = 310.520
Phase 2.5 Global Place Phase2 | Checksum: 2c9711956

Time (s): cpu = 00:03:36 ; elapsed = 00:02:34 . Memory (MB): peak = 2863.797 ; gain = 310.520
Phase 2 Global Placement | Checksum: 2c9711956

Time (s): cpu = 00:03:36 ; elapsed = 00:02:34 . Memory (MB): peak = 2863.797 ; gain = 310.520

Phase 3 Detail Placement

Phase 3.1 Commit Multi Column Macros
Phase 3.1 Commit Multi Column Macros | Checksum: 2a180bd1b

Time (s): cpu = 00:03:51 ; elapsed = 00:02:43 . Memory (MB): peak = 2863.797 ; gain = 310.520

Phase 3.2 Commit Most Macros & LUTRAMs
Phase 3.2 Commit Most Macros & LUTRAMs | Checksum: 29da2f14a

Time (s): cpu = 00:04:21 ; elapsed = 00:03:03 . Memory (MB): peak = 2863.797 ; gain = 310.520

Phase 3.3 Area Swap Optimization
Phase 3.3 Area Swap Optimization | Checksum: 2900b2a97

Time (s): cpu = 00:04:22 ; elapsed = 00:03:05 . Memory (MB): peak = 2863.797 ; gain = 310.520

Phase 3.4 Pipeline Register Optimization
Phase 3.4 Pipeline Register Optimization | Checksum: 2867dc276

Time (s): cpu = 00:04:22 ; elapsed = 00:03:05 . Memory (MB): peak = 2863.797 ; gain = 310.520

Phase 3.5 Fast Optimization
Phase 3.5 Fast Optimization | Checksum: 2740567f1

Time (s): cpu = 00:04:54 ; elapsed = 00:03:24 . Memory (MB): peak = 2863.797 ; gain = 310.520

Phase 3.6 Small Shape Detail Placement
Phase 3.6 Small Shape Detail Placement | Checksum: 1da9600e4

Time (s): cpu = 00:05:32 ; elapsed = 00:04:09 . Memory (MB): peak = 2863.797 ; gain = 310.520

Phase 3.7 Re-assign LUT pins
Phase 3.7 Re-assign LUT pins | Checksum: 23ee604d9

Time (s): cpu = 00:05:37 ; elapsed = 00:04:14 . Memory (MB): peak = 2863.797 ; gain = 310.520

Phase 3.8 Pipeline Register Optimization
Phase 3.8 Pipeline Register Optimization | Checksum: 2063594db

Time (s): cpu = 00:05:38 ; elapsed = 00:04:15 . Memory (MB): peak = 2863.797 ; gain = 310.520
Phase 3 Detail Placement | Checksum: 2063594db

Time (s): cpu = 00:05:39 ; elapsed = 00:04:16 . Memory (MB): peak = 2863.797 ; gain = 310.520

Phase 4 Post Placement Optimization and Clean-Up

Phase 4.1 Post Commit Optimization
INFO: [Timing 38-35] Done setting XDC timing constraints.

Phase 4.1.1 Post Placement Optimization
Post Placement Optimization Initialization | Checksum: 1d95ab06a

Phase 4.1.1.1 BUFG Insertion

Starting Physical Synthesis Task

Phase 1 Physical Synthesis Initialization
INFO: [Physopt 32-721] Multithreading enabled for phys_opt_design using a maximum of 2 CPUs
INFO: [Physopt 32-619] Estimated Timing Summary | WNS=-0.376 | TNS=-1.355 |
Phase 1 Physical Synthesis Initialization | Checksum: 1bb363bf1

Time (s): cpu = 00:00:05 ; elapsed = 00:00:03 . Memory (MB): peak = 2898.184 ; gain = 0.000
INFO: [Place 46-33] Processed net soc_reset_pipe[2], BUFG insertion was skipped due to placement/routing conflicts.
INFO: [Place 46-33] Processed net ddr_width_converter_inst/inst/gen_upsizer.gen_full_upsizer.axi_upsizer_inst/USE_WRITE.gen_non_fifo_w_upsizer.write_data_inst/reset, BUFG insertion was skipped due to placement/routing conflicts.
INFO: [Place 46-56] BUFG insertion identified 2 candidate nets. Inserted BUFG: 0, Replicated BUFG Driver: 0, Skipped due to Placement/Routing Conflicts: 2, Skipped due to Timing Degradation: 0, Skipped due to netlist editing failed: 0.
Ending Physical Synthesis Task | Checksum: 1a2e31e4b

Time (s): cpu = 00:00:08 ; elapsed = 00:00:06 . Memory (MB): peak = 2898.184 ; gain = 0.000
Phase 4.1.1.1 BUFG Insertion | Checksum: 1d95ab06a

Time (s): cpu = 00:06:25 ; elapsed = 00:04:48 . Memory (MB): peak = 2898.184 ; gain = 344.906

Phase 4.1.1.2 Post Placement Timing Optimization
INFO: [Place 30-746] Post Placement Timing Summary WNS=0.201. For the most accurate timing information please run report_timing.
Phase 4.1.1.2 Post Placement Timing Optimization | Checksum: 298f370af

Time (s): cpu = 00:07:30 ; elapsed = 00:06:03 . Memory (MB): peak = 2898.184 ; gain = 344.906

Time (s): cpu = 00:07:30 ; elapsed = 00:06:03 . Memory (MB): peak = 2898.184 ; gain = 344.906
Phase 4.1 Post Commit Optimization | Checksum: 298f370af

Time (s): cpu = 00:07:31 ; elapsed = 00:06:03 . Memory (MB): peak = 2898.184 ; gain = 344.906

Phase 4.2 Post Placement Cleanup
Phase 4.2 Post Placement Cleanup | Checksum: 298f370af

Time (s): cpu = 00:07:32 ; elapsed = 00:06:04 . Memory (MB): peak = 2898.184 ; gain = 344.906

Phase 4.3 Placer Reporting

Phase 4.3.1 Print Estimated Congestion
INFO: [Place 30-612] Post-Placement Estimated Congestion 
 ____________________________________________________
|           | Global Congestion | Short Congestion  |
| Direction | Region Size       | Region Size       |
|___________|___________________|___________________|
|      North|                2x2|                4x4|
|___________|___________________|___________________|
|      South|                2x2|                2x2|
|___________|___________________|___________________|
|       East|                1x1|                1x1|
|___________|___________________|___________________|
|       West|                1x1|                1x1|
|___________|___________________|___________________|

Phase 4.3.1 Print Estimated Congestion | Checksum: 298f370af

Time (s): cpu = 00:07:33 ; elapsed = 00:06:05 . Memory (MB): peak = 2898.184 ; gain = 344.906
Phase 4.3 Placer Reporting | Checksum: 298f370af

Time (s): cpu = 00:07:34 ; elapsed = 00:06:06 . Memory (MB): peak = 2898.184 ; gain = 344.906

Phase 4.4 Final Placement Cleanup
Netlist sorting complete. Time (s): cpu = 00:00:00 ; elapsed = 00:00:00.086 . Memory (MB): peak = 2898.184 ; gain = 0.000

Time (s): cpu = 00:07:34 ; elapsed = 00:06:06 . Memory (MB): peak = 2898.184 ; gain = 344.906
Phase 4 Post Placement Optimization and Clean-Up | Checksum: 206afec88

Time (s): cpu = 00:07:35 ; elapsed = 00:06:07 . Memory (MB): peak = 2898.184 ; gain = 344.906
Ending Placer Task | Checksum: 12c8abc0c

Time (s): cpu = 00:07:36 ; elapsed = 00:06:07 . Memory (MB): peak = 2898.184 ; gain = 344.906
94 Infos, 2 Warnings, 0 Critical Warnings and 0 Errors encountered.
place_design completed successfully
place_design: Time (s): cpu = 00:07:49 ; elapsed = 00:06:15 . Memory (MB): peak = 2898.184 ; gain = 351.023
INFO: [Vivado 12-24838] Running report commands "report_control_sets, report_io, report_utilization" in parallel.
Running report generation with 2 threads.
INFO: [Vivado 12-24828] Executing command : report_io -file dma_mmu_picorv32_vc707_ddr3_top_io_placed.rpt
report_io: Time (s): cpu = 00:00:01 ; elapsed = 00:00:00.668 . Memory (MB): peak = 2898.184 ; gain = 0.000
INFO: [Vivado 12-24828] Executing command : report_control_sets -verbose -file dma_mmu_picorv32_vc707_ddr3_top_control_sets_placed.rpt
report_control_sets: Time (s): cpu = 00:00:01 ; elapsed = 00:00:00.468 . Memory (MB): peak = 2898.184 ; gain = 0.000
INFO: [Vivado 12-24828] Executing command : report_utilization -file dma_mmu_picorv32_vc707_ddr3_top_utilization_placed.rpt -pb dma_mmu_picorv32_vc707_ddr3_top_utilization_placed.pb
INFO: [Timing 38-480] Writing timing data to binary archive.
Write ShapeDB Complete: Time (s): cpu = 00:00:01 ; elapsed = 00:00:00.342 . Memory (MB): peak = 2898.184 ; gain = 0.000
Wrote PlaceDB: Time (s): cpu = 00:00:17 ; elapsed = 00:00:09 . Memory (MB): peak = 2898.184 ; gain = 0.000
Wrote PulsedLatchDB: Time (s): cpu = 00:00:00 ; elapsed = 00:00:00 . Memory (MB): peak = 2898.184 ; gain = 0.000
Writing XDEF routing.
Writing XDEF routing logical nets.
Writing XDEF routing special nets.
Wrote RouteStorage: Time (s): cpu = 00:00:00 ; elapsed = 00:00:00.217 . Memory (MB): peak = 2898.184 ; gain = 0.000
Wrote Netlist Cache: Time (s): cpu = 00:00:01 ; elapsed = 00:00:00.190 . Memory (MB): peak = 2898.184 ; gain = 0.000
Wrote Device Cache: Time (s): cpu = 00:00:00 ; elapsed = 00:00:00.045 . Memory (MB): peak = 2898.184 ; gain = 0.000
Write Physdb Complete: Time (s): cpu = 00:00:18 ; elapsed = 00:00:09 . Memory (MB): peak = 2898.184 ; gain = 0.000
INFO: [Common 17-1381] The checkpoint 'D:/DMA_MMU_work/build/vivado/vc707_ddr3/DMA_IOMMU_PicoRV32_VC707_DDR3.runs/impl_1/dma_mmu_picorv32_vc707_ddr3_top_placed.dcp' has been generated.
write_checkpoint: Time (s): cpu = 00:00:22 ; elapsed = 00:00:14 . Memory (MB): peak = 2898.184 ; gain = 0.000
Command: phys_opt_design -directive AggressiveExplore
Attempting to get a license for feature 'Implementation' and/or device 'xc7vx485t'
INFO: [Common 17-349] Got license for feature 'Implementation' and/or device 'xc7vx485t'
INFO: [Vivado_Tcl 4-137] Directive used for phys_opt_design is: AggressiveExplore

Starting Initial Update Timing Task

Time (s): cpu = 00:00:30 ; elapsed = 00:00:18 . Memory (MB): peak = 2898.184 ; gain = 0.000
INFO: [Vivado_Tcl 4-2280] Estimated Timing Summary | WNS= 0.201 | TNS= 0.000 | WHS= -0.383 |
INFO: [Vivado_Tcl 4-383] Design worst setup slack (WNS) is greater than or equal to 0.000 ns. All physical synthesis setup optimizations will be skipped.
INFO: [Vivado_Tcl 4-1435] PhysOpt_Tcl_Interface Runtime Before Starting Physical Synthesis Task | CPU: 31.00s |  WALL: 18.82s
Netlist sorting complete. Time (s): cpu = 00:00:00 ; elapsed = 00:00:00.070 . Memory (MB): peak = 2898.184 ; gain = 0.000

Starting Physical Synthesis Task

Phase 1 Physical Synthesis Initialization
INFO: [Physopt 32-721] Multithreading enabled for phys_opt_design using a maximum of 2 CPUs
INFO: [Physopt 32-619] Estimated Timing Summary | WNS=0.201 | TNS=0.000 |
Phase 1 Physical Synthesis Initialization | Checksum: 1bc599c3e

Time (s): cpu = 00:00:11 ; elapsed = 00:00:07 . Memory (MB): peak = 2898.184 ; gain = 0.000

Phase 2 Hold Fix Optimization
INFO: [Physopt 32-668] Estimated Timing Summary | WNS=0.201 | TNS=0.000 | WHS=-0.383 | THS=-62.786 |
INFO: [Physopt 32-45] Identified 11 candidate nets for hold slack optimization.
INFO: [Physopt 32-234] Optimized 6 nets. Inserted 0 new ZHOLD_DELAYs. Calibrated 0 existing ZHOLD_DELAYs. Inserted 6 buffers.

Netlist sorting complete. Time (s): cpu = 00:00:01 ; elapsed = 00:00:00.137 . Memory (MB): peak = 2898.184 ; gain = 0.000
INFO: [Physopt 32-668] Estimated Timing Summary | WNS=0.100 | TNS=0.000 | WHS=-0.383 | THS=-51.459 |
Phase 2 Hold Fix Optimization | Checksum: 15ed9cd72

Time (s): cpu = 00:00:17 ; elapsed = 00:00:12 . Memory (MB): peak = 2898.184 ; gain = 0.000
Netlist sorting complete. Time (s): cpu = 00:00:00 ; elapsed = 00:00:00.064 . Memory (MB): peak = 2898.184 ; gain = 0.000
INFO: [Physopt 32-669] Post Physical Optimization Timing Summary | WNS=0.100 | TNS=0.000 | WHS=-0.383 | THS=-51.459 |

Summary of Physical Synthesis Optimizations
============================================


----------------------------------------------------------------------------------------------------------------------------------------------------------------------
|  Optimization            |  WNS Gain (ns)  |  TNS Gain (ns)  |  Added Cells  |  Removed Cells  |  Optimized Cells/Nets  |  Dont Touch  |  Iterations  |  Elapsed   |
----------------------------------------------------------------------------------------------------------------------------------------------------------------------
|  Fanout                  |          0.000  |          0.000  |            0  |              0  |                     0  |           0  |           0  |  00:00:00  |
|  Single Cell Placement   |          0.000  |          0.000  |            0  |              0  |                     0  |           0  |           0  |  00:00:00  |
|  Multi Cell Placement    |          0.000  |          0.000  |            0  |              0  |                     0  |           0  |           0  |  00:00:00  |
|  Rewire                  |          0.000  |          0.000  |            0  |              0  |                     0  |           0  |           0  |  00:00:00  |
|  Critical Cell           |          0.000  |          0.000  |            0  |              0  |                     0  |           0  |           0  |  00:00:00  |
|  SLR Crossing            |          0.000  |          0.000  |            0  |              0  |                     0  |           0  |           0  |  00:00:00  |
|  DSP Register            |          0.000  |          0.000  |            0  |              0  |                     0  |           0  |           0  |  00:00:00  |
|  BRAM Register           |          0.000  |          0.000  |            0  |              0  |                     0  |           0  |           0  |  00:00:00  |
|  URAM Register           |          0.000  |          0.000  |            0  |              0  |                     0  |           0  |           0  |  00:00:00  |
|  Shift Register          |          0.000  |          0.000  |            0  |              0  |                     0  |           0  |           0  |  00:00:00  |
|  Critical Pin            |          0.000  |          0.000  |            0  |              0  |                     0  |           0  |           0  |  00:00:00  |
|  Very High Fanout        |          0.000  |          0.000  |            0  |              0  |                     0  |           0  |           0  |  00:00:00  |
|  Total                   |          0.000  |          0.000  |            0  |              0  |                     0  |           0  |           0  |  00:00:00  |
----------------------------------------------------------------------------------------------------------------------------------------------------------------------


Summary of Hold Fix Optimizations
=================================


--------------------------------------------------------------------------------------------------------------------------------------------------------------
|  Optimization               |  WHS Gain (ns)  |  THS Gain (ns)  |  Added LUTs  |  Added FFs  |  Optimized Nets  |  Dont Touch  |  Iterations  |  Elapsed   |
--------------------------------------------------------------------------------------------------------------------------------------------------------------
|  LUT1 and ZHOLD Insertion   |          0.000  |         11.326  |           6  |          0  |               6  |           0  |           1  |  00:00:04  |
|  Total                      |          0.000  |         11.326  |           6  |          0  |               6  |           0  |           1  |  00:00:04  |
--------------------------------------------------------------------------------------------------------------------------------------------------------------


Netlist sorting complete. Time (s): cpu = 00:00:00 ; elapsed = 00:00:00.074 . Memory (MB): peak = 2898.184 ; gain = 0.000
Ending Physical Synthesis Task | Checksum: 214ad4d6f

Time (s): cpu = 00:00:18 ; elapsed = 00:00:13 . Memory (MB): peak = 2898.184 ; gain = 0.000
INFO: [Common 17-83] Releasing license: Implementation
113 Infos, 2 Warnings, 0 Critical Warnings and 0 Errors encountered.
phys_opt_design completed successfully
phys_opt_design: Time (s): cpu = 00:00:49 ; elapsed = 00:00:32 . Memory (MB): peak = 2898.184 ; gain = 0.000
INFO: [Timing 38-480] Writing timing data to binary archive.
Write ShapeDB Complete: Time (s): cpu = 00:00:01 ; elapsed = 00:00:00.308 . Memory (MB): peak = 2898.184 ; gain = 0.000
Wrote PlaceDB: Time (s): cpu = 00:00:17 ; elapsed = 00:00:09 . Memory (MB): peak = 2898.184 ; gain = 0.000
Wrote PulsedLatchDB: Time (s): cpu = 00:00:00 ; elapsed = 00:00:00 . Memory (MB): peak = 2898.184 ; gain = 0.000
Writing XDEF routing.
Writing XDEF routing logical nets.
Writing XDEF routing special nets.
Wrote RouteStorage: Time (s): cpu = 00:00:00 ; elapsed = 00:00:00.215 . Memory (MB): peak = 2898.184 ; gain = 0.000
Wrote Netlist Cache: Time (s): cpu = 00:00:01 ; elapsed = 00:00:00.179 . Memory (MB): peak = 2898.184 ; gain = 0.000
Wrote Device Cache: Time (s): cpu = 00:00:00 ; elapsed = 00:00:00.039 . Memory (MB): peak = 2898.184 ; gain = 0.000
Write Physdb Complete: Time (s): cpu = 00:00:18 ; elapsed = 00:00:09 . Memory (MB): peak = 2898.184 ; gain = 0.000
INFO: [Common 17-1381] The checkpoint 'D:/DMA_MMU_work/build/vivado/vc707_ddr3/DMA_IOMMU_PicoRV32_VC707_DDR3.runs/impl_1/dma_mmu_picorv32_vc707_ddr3_top_physopt.dcp' has been generated.
write_checkpoint: Time (s): cpu = 00:00:22 ; elapsed = 00:00:14 . Memory (MB): peak = 2898.184 ; gain = 0.000
Command: route_design -directive Explore
Attempting to get a license for feature 'Implementation' and/or device 'xc7vx485t'
INFO: [Common 17-349] Got license for feature 'Implementation' and/or device 'xc7vx485t'
INFO: [DRC 23-27] Running DRC with 2 threads
INFO: [Vivado_Tcl 4-198] DRC finished with 0 Errors
INFO: [Vivado_Tcl 4-199] Please refer to the DRC report (report_drc) for more information.


Starting Routing Task
INFO: [Route 35-270] Using Router directive 'Explore'.
INFO: [Route 35-254] Multithreading enabled for route_design using a maximum of 2 CPUs

Phase 1 Build RT Design
Checksum: PlaceDB: a22bf7a3 ConstDB: 0 ShapeSum: d54eb541 RouteDB: 85e13c63
Post Restoration Checksum: NetGraph: 93a50c81 | NumContArr: e5fbfb33 | Constraints: c2a8fa9d | Timing: c2a8fa9d
Phase 1 Build RT Design | Checksum: 2fef2fcee

Time (s): cpu = 00:02:49 ; elapsed = 00:02:07 . Memory (MB): peak = 3206.359 ; gain = 308.176

Phase 2 Router Initialization

Phase 2.1 Fix Topology Constraints
Phase 2.1 Fix Topology Constraints | Checksum: 2fef2fcee

Time (s): cpu = 00:02:50 ; elapsed = 00:02:08 . Memory (MB): peak = 3206.359 ; gain = 308.176

Phase 2.2 Pre Route Cleanup
Phase 2.2 Pre Route Cleanup | Checksum: 2fef2fcee

Time (s): cpu = 00:02:50 ; elapsed = 00:02:09 . Memory (MB): peak = 3206.359 ; gain = 308.176
 Number of Nodes with overlaps = 0

Phase 2.3 Update Timing
Phase 2.3 Update Timing | Checksum: 32af46bad

Time (s): cpu = 00:03:48 ; elapsed = 00:02:47 . Memory (MB): peak = 3329.789 ; gain = 431.605
INFO: [Route 35-416] Intermediate Timing Summary | WNS=0.119  | TNS=0.000  | WHS=-0.473 | THS=-2370.857|


Phase 2.4 Update Timing for Bus Skew

Phase 2.4.1 Update Timing
Phase 2.4.1 Update Timing | Checksum: 2b6faa694

Time (s): cpu = 00:04:28 ; elapsed = 00:03:11 . Memory (MB): peak = 3442.918 ; gain = 544.734
INFO: [Route 35-416] Intermediate Timing Summary | WNS=0.119  | TNS=0.000  | WHS=-0.404 | THS=-52.936|

Phase 2.4 Update Timing for Bus Skew | Checksum: 2c53bfcbc

Time (s): cpu = 00:04:28 ; elapsed = 00:03:12 . Memory (MB): peak = 3442.918 ; gain = 544.734

Phase 2.5 Soft Constraint Pins - Fast Budgeting
Phase 2.5 Soft Constraint Pins - Fast Budgeting | Checksum: 2c53bfcbc

Time (s): cpu = 00:04:30 ; elapsed = 00:03:13 . Memory (MB): peak = 3456.301 ; gain = 558.117

Router Utilization Summary
  Global Vertical Routing Utilization    = 0.00170509 %
  Global Horizontal Routing Utilization  = 0.00238174 %
  Routable Net Status*
  *Does not include unroutable nets such as driverless and loadless.
  Run report_route_status for detailed report.
  Number of Failed Nets               = 47124
    (Failed Nets is the sum of unrouted and partially routed nets)
  Number of Unrouted Nets             = 47123
  Number of Partially Routed Nets     = 1
  Number of Node Overlaps             = 0

Phase 2 Router Initialization | Checksum: 2ae3b4c8e

Time (s): cpu = 00:04:34 ; elapsed = 00:03:16 . Memory (MB): peak = 3476.902 ; gain = 578.719

Phase 3 Global Routing
Phase 3 Global Routing | Checksum: 2ae3b4c8e

Time (s): cpu = 00:04:35 ; elapsed = 00:03:16 . Memory (MB): peak = 3476.902 ; gain = 578.719

Phase 4 Initial Routing

Phase 4.1 Initial Net Routing Pass
Phase 4.1 Initial Net Routing Pass | Checksum: 1027988d2

Time (s): cpu = 00:04:58 ; elapsed = 00:03:29 . Memory (MB): peak = 3476.902 ; gain = 578.719
Phase 4 Initial Routing | Checksum: 1027988d2

Time (s): cpu = 00:04:59 ; elapsed = 00:03:30 . Memory (MB): peak = 3476.902 ; gain = 578.719
INFO: [Route 35-580] Design has 1 pins with tight setup and hold constraints.

The top 5 pins with tight setup and hold constraints:

+====================+===================+=====================+
| Launch Setup Clock | Launch Hold Clock | Pin                 |
+====================+===================+=====================+
| clk_pll_i          | clk_pll_i         | calib_sync_reg[0]/D |
+--------------------+-------------------+---------------------+

File with complete list of pins: tight_setup_hold_pins.txt


Phase 5 Rip-up And Reroute

Phase 5.1 Global Iteration 0
 Number of Nodes with overlaps = 5228
 Number of Nodes with overlaps = 333
 Number of Nodes with overlaps = 62
 Number of Nodes with overlaps = 17
 Number of Nodes with overlaps = 8
 Number of Nodes with overlaps = 3
 Number of Nodes with overlaps = 1
 Number of Nodes with overlaps = 0
INFO: [Route 35-416] Intermediate Timing Summary | WNS=0.069  | TNS=0.000  | WHS=N/A    | THS=N/A    |

Phase 5.1 Global Iteration 0 | Checksum: 20330cd7d

Time (s): cpu = 00:06:11 ; elapsed = 00:04:27 . Memory (MB): peak = 3476.902 ; gain = 578.719
Phase 5 Rip-up And Reroute | Checksum: 20330cd7d

Time (s): cpu = 00:06:12 ; elapsed = 00:04:27 . Memory (MB): peak = 3476.902 ; gain = 578.719

Phase 6 Delay and Skew Optimization

Phase 6.1 Delay CleanUp
Phase 6.1 Delay CleanUp | Checksum: 20330cd7d

Time (s): cpu = 00:06:12 ; elapsed = 00:04:27 . Memory (MB): peak = 3476.902 ; gain = 578.719

Phase 6.2 Clock Skew Optimization
Phase 6.2 Clock Skew Optimization | Checksum: 20330cd7d

Time (s): cpu = 00:06:12 ; elapsed = 00:04:27 . Memory (MB): peak = 3476.902 ; gain = 578.719
Phase 6 Delay and Skew Optimization | Checksum: 20330cd7d

Time (s): cpu = 00:06:13 ; elapsed = 00:04:27 . Memory (MB): peak = 3476.902 ; gain = 578.719

Phase 7 Post Hold Fix

Phase 7.1 Hold Fix Iter
INFO: [Route 35-416] Intermediate Timing Summary | WNS=0.069  | TNS=0.000  | WHS=0.045  | THS=0.000  |

Phase 7.1 Hold Fix Iter | Checksum: 24c9a568f

Time (s): cpu = 00:06:22 ; elapsed = 00:04:32 . Memory (MB): peak = 3476.902 ; gain = 578.719
Phase 7 Post Hold Fix | Checksum: 24c9a568f

Time (s): cpu = 00:06:22 ; elapsed = 00:04:33 . Memory (MB): peak = 3476.902 ; gain = 578.719

Phase 8 Route finalize

Router Utilization Summary
  Global Vertical Routing Utilization    = 2.46588 %
  Global Horizontal Routing Utilization  = 2.83961 %
  Routable Net Status*
  *Does not include unroutable nets such as driverless and loadless.
  Run report_route_status for detailed report.
  Number of Failed Nets               = 0
    (Failed Nets is the sum of unrouted and partially routed nets)
  Number of Unrouted Nets             = 0
  Number of Partially Routed Nets     = 0
  Number of Node Overlaps             = 0

Phase 8 Route finalize | Checksum: 24c9a568f

Time (s): cpu = 00:06:23 ; elapsed = 00:04:33 . Memory (MB): peak = 3476.902 ; gain = 578.719

Phase 9 Verifying routed nets

 Verification completed successfully
Phase 9 Verifying routed nets | Checksum: 24c9a568f

Time (s): cpu = 00:06:24 ; elapsed = 00:04:34 . Memory (MB): peak = 3476.902 ; gain = 578.719

Phase 10 Depositing Routes
Phase 10 Depositing Routes | Checksum: 2136eecbb

Time (s): cpu = 00:06:34 ; elapsed = 00:04:42 . Memory (MB): peak = 3476.902 ; gain = 578.719

Phase 11 Post Process Routing
Phase 11 Post Process Routing | Checksum: 2136eecbb

Time (s): cpu = 00:06:34 ; elapsed = 00:04:42 . Memory (MB): peak = 3476.902 ; gain = 578.719

Phase 12 Post Router Timing
INFO: [Route 35-20] Post Routing Timing Summary | WNS=0.070  | TNS=0.000  | WHS=0.045  | THS=0.000  |

Phase 12 Post Router Timing | Checksum: 1aea6523f

Time (s): cpu = 00:07:17 ; elapsed = 00:05:06 . Memory (MB): peak = 3476.902 ; gain = 578.719
INFO: [Route 35-61] The design met the timing requirement.
Total Elapsed time in route_design: 306.042 secs

Phase 13 Post-Route Event Processing
Phase 13 Post-Route Event Processing | Checksum: 1dd53859f

Time (s): cpu = 00:07:18 ; elapsed = 00:05:07 . Memory (MB): peak = 3476.902 ; gain = 578.719
INFO: [Route 35-16] Router Completed Successfully
Ending Routing Task | Checksum: 1dd53859f

Time (s): cpu = 00:07:20 ; elapsed = 00:05:08 . Memory (MB): peak = 3476.902 ; gain = 578.719

Routing Is Done.
INFO: [Common 17-83] Releasing license: Implementation
130 Infos, 2 Warnings, 0 Critical Warnings and 0 Errors encountered.
route_design completed successfully
route_design: Time (s): cpu = 00:07:25 ; elapsed = 00:05:12 . Memory (MB): peak = 3476.902 ; gain = 578.719
INFO: [Vivado 12-24828] Executing command : report_drc -file dma_mmu_picorv32_vc707_ddr3_top_drc_routed.rpt -pb dma_mmu_picorv32_vc707_ddr3_top_drc_routed.pb -rpx dma_mmu_picorv32_vc707_ddr3_top_drc_routed.rpx
Command: report_drc -file dma_mmu_picorv32_vc707_ddr3_top_drc_routed.rpt -pb dma_mmu_picorv32_vc707_ddr3_top_drc_routed.pb -rpx dma_mmu_picorv32_vc707_ddr3_top_drc_routed.rpx
INFO: [IP_Flow 19-1839] IP Catalog is up to date.
INFO: [DRC 23-27] Running DRC with 2 threads
INFO: [Vivado_Tcl 2-168] The results of DRC are in file D:/DMA_MMU_work/build/vivado/vc707_ddr3/DMA_IOMMU_PicoRV32_VC707_DDR3.runs/impl_1/dma_mmu_picorv32_vc707_ddr3_top_drc_routed.rpt.
report_drc completed successfully
report_drc: Time (s): cpu = 00:00:34 ; elapsed = 00:00:18 . Memory (MB): peak = 3476.902 ; gain = 0.000
INFO: [Vivado 12-24828] Executing command : report_methodology -file dma_mmu_picorv32_vc707_ddr3_top_methodology_drc_routed.rpt -pb dma_mmu_picorv32_vc707_ddr3_top_methodology_drc_routed.pb -rpx dma_mmu_picorv32_vc707_ddr3_top_methodology_drc_routed.rpx
Command: report_methodology -file dma_mmu_picorv32_vc707_ddr3_top_methodology_drc_routed.rpt -pb dma_mmu_picorv32_vc707_ddr3_top_methodology_drc_routed.pb -rpx dma_mmu_picorv32_vc707_ddr3_top_methodology_drc_routed.rpx
INFO: [Timing 38-35] Done setting XDC timing constraints.
INFO: [DRC 23-133] Running Methodology with 2 threads
INFO: [Vivado_Tcl 2-1520] The results of Report Methodology are in file D:/DMA_MMU_work/build/vivado/vc707_ddr3/DMA_IOMMU_PicoRV32_VC707_DDR3.runs/impl_1/dma_mmu_picorv32_vc707_ddr3_top_methodology_drc_routed.rpt.
report_methodology completed successfully
report_methodology: Time (s): cpu = 00:01:23 ; elapsed = 00:00:47 . Memory (MB): peak = 3476.902 ; gain = 0.000
INFO: [Vivado 12-24828] Executing command : report_timing_summary -max_paths 10 -routable_nets -report_unconstrained -file dma_mmu_picorv32_vc707_ddr3_top_timing_summary_routed.rpt -pb dma_mmu_picorv32_vc707_ddr3_top_timing_summary_routed.pb -rpx dma_mmu_picorv32_vc707_ddr3_top_timing_summary_routed.rpx -warn_on_violation 
INFO: [Timing 38-35] Done setting XDC timing constraints.
INFO: [Timing 38-91] UpdateTimingParams: Speed grade: -2, Delay Type: min_max.
INFO: [Timing 38-191] Multithreading enabled for timing update using a maximum of 2 CPUs
WARNING: [Timing 38-436] There are set_bus_skew constraint(s) in this design. Please run report_bus_skew to ensure that bus skew requirements are met.
report_timing_summary: Time (s): cpu = 00:00:30 ; elapsed = 00:00:21 . Memory (MB): peak = 3476.902 ; gain = 0.000
INFO: [Vivado 12-24838] Running report commands "report_incremental_reuse, report_route_status" in parallel.
Running report generation with 2 threads.
INFO: [Vivado 12-24828] Executing command : report_incremental_reuse -file dma_mmu_picorv32_vc707_ddr3_top_incremental_reuse_routed.rpt
INFO: [Vivado_Tcl 4-1062] Incremental flow is disabled. No incremental reuse Info to report.
INFO: [Vivado 12-24828] Executing command : report_route_status -file dma_mmu_picorv32_vc707_ddr3_top_route_status.rpt -pb dma_mmu_picorv32_vc707_ddr3_top_route_status.pb
INFO: [Vivado 12-24828] Executing command : report_power -file dma_mmu_picorv32_vc707_ddr3_top_power_routed.rpt -pb dma_mmu_picorv32_vc707_ddr3_top_power_summary_routed.pb -rpx dma_mmu_picorv32_vc707_ddr3_top_power_routed.rpx
Command: report_power -file dma_mmu_picorv32_vc707_ddr3_top_power_routed.rpt -pb dma_mmu_picorv32_vc707_ddr3_top_power_summary_routed.pb -rpx dma_mmu_picorv32_vc707_ddr3_top_power_routed.rpx
Running Vector-less Activity Propagation...

Finished Running Vector-less Activity Propagation
147 Infos, 3 Warnings, 0 Critical Warnings and 0 Errors encountered.
report_power completed successfully
report_power: Time (s): cpu = 00:00:30 ; elapsed = 00:00:20 . Memory (MB): peak = 3476.902 ; gain = 0.000
INFO: [Vivado 12-24828] Executing command : report_clock_utilization -file dma_mmu_picorv32_vc707_ddr3_top_clock_utilization_routed.rpt
report_clock_utilization: Time (s): cpu = 00:00:08 ; elapsed = 00:00:09 . Memory (MB): peak = 3476.902 ; gain = 0.000
INFO: [Vivado 12-24828] Executing command : report_bus_skew -warn_on_violation -file dma_mmu_picorv32_vc707_ddr3_top_bus_skew_routed.rpt -pb dma_mmu_picorv32_vc707_ddr3_top_bus_skew_routed.pb -rpx dma_mmu_picorv32_vc707_ddr3_top_bus_skew_routed.rpx
INFO: [Timing 38-91] UpdateTimingParams: Speed grade: -2, Delay Type: min_max.
INFO: [Timing 38-191] Multithreading enabled for timing update using a maximum of 2 CPUs
generate_parallel_reports: Time (s): cpu = 00:03:07 ; elapsed = 00:01:56 . Memory (MB): peak = 3476.902 ; gain = 0.000
INFO: [Timing 38-480] Writing timing data to binary archive.
Write ShapeDB Complete: Time (s): cpu = 00:00:01 ; elapsed = 00:00:00.296 . Memory (MB): peak = 3476.902 ; gain = 0.000
Wrote PlaceDB: Time (s): cpu = 00:00:17 ; elapsed = 00:00:09 . Memory (MB): peak = 3476.902 ; gain = 0.000
Wrote PulsedLatchDB: Time (s): cpu = 00:00:00 ; elapsed = 00:00:00 . Memory (MB): peak = 3476.902 ; gain = 0.000
Writing XDEF routing.
Writing XDEF routing logical nets.
Writing XDEF routing special nets.
Wrote RouteStorage: Time (s): cpu = 00:00:02 ; elapsed = 00:00:01 . Memory (MB): peak = 3476.902 ; gain = 0.000
Wrote Netlist Cache: Time (s): cpu = 00:00:00 ; elapsed = 00:00:00.195 . Memory (MB): peak = 3476.902 ; gain = 0.000
Wrote Device Cache: Time (s): cpu = 00:00:00 ; elapsed = 00:00:00.020 . Memory (MB): peak = 3476.902 ; gain = 0.000
Write Physdb Complete: Time (s): cpu = 00:00:19 ; elapsed = 00:00:11 . Memory (MB): peak = 3476.902 ; gain = 0.000
INFO: [Common 17-1381] The checkpoint 'D:/DMA_MMU_work/build/vivado/vc707_ddr3/DMA_IOMMU_PicoRV32_VC707_DDR3.runs/impl_1/dma_mmu_picorv32_vc707_ddr3_top_routed.dcp' has been generated.
write_checkpoint: Time (s): cpu = 00:00:23 ; elapsed = 00:00:16 . Memory (MB): peak = 3476.902 ; gain = 0.000
Command: write_bitstream -force dma_mmu_picorv32_vc707_ddr3_top.bit
Attempting to get a license for feature 'Implementation' and/or device 'xc7vx485t'
INFO: [Common 17-349] Got license for feature 'Implementation' and/or device 'xc7vx485t'
Running DRC as a precondition to command write_bitstream
INFO: [IP_Flow 19-1839] IP Catalog is up to date.
INFO: [DRC 23-27] Running DRC with 2 threads
INFO: [Vivado 12-3199] DRC finished with 0 Errors
INFO: [Vivado 12-3200] Please refer to the DRC report (report_drc) for more information.
INFO: [Designutils 20-2272] Running write_bitstream with 2 threads.
Loading data files...
Loading site data...
Loading route data...
Processing options...
Creating bitmap...
Creating bitstream...
Bitstream compression saved 120986240 bits.
Writing bitstream ./dma_mmu_picorv32_vc707_ddr3_top.bit...
INFO: [Vivado 12-1842] Bitgen Completed Successfully.
INFO: [Common 17-83] Releasing license: Implementation
161 Infos, 3 Warnings, 0 Critical Warnings and 0 Errors encountered.
write_bitstream completed successfully
write_bitstream: Time (s): cpu = 00:02:38 ; elapsed = 00:01:48 . Memory (MB): peak = 3859.887 ; gain = 382.984
INFO: [Common 17-206] Exiting Vivado at Mon Aug 17 20:12:54 2026...
