Copyright 1986-2022 Xilinx, Inc. All Rights Reserved. Copyright 2022-2025 Advanced Micro Devices, Inc. All Rights Reserved.
-----------------------------------------------------------------------------------------------------------------------------------------------------------------------
| Tool Version : Vivado v.2025.1 (win64) Build 6140274 Thu May 22 00:12:29 MDT 2025
| Date         : Wed Jul 15 23:56:14 2026
| Host         : LAPTOP-QB9V6NGP running 64-bit major release  (build 9200)
| Command      : report_timing_summary -delay_type min_max -report_unconstrained -check_timing_verbose -file C:/rtl/rtl/Project_Vivado/reports/picorv32_soc_timing.rpt
| Design       : dma_mmu_picorv32_soc
| Device       : 7a35t-cpg236
| Speed File   : -1  PRODUCTION 1.23 2018-06-13
| Design State : Routed
-----------------------------------------------------------------------------------------------------------------------------------------------------------------------

Timing Summary Report

------------------------------------------------------------------------------------------------
| Timer Settings
| --------------
------------------------------------------------------------------------------------------------

  Enable Multi Corner Analysis               :  Yes
  Enable Pessimism Removal                   :  Yes
  Pessimism Removal Resolution               :  Nearest Common Node
  Enable Input Delay Default Clock           :  No
  Enable Preset / Clear Arcs                 :  No
  Disable Flight Delays                      :  No
  Ignore I/O Paths                           :  No
  Timing Early Launch at Borrowing Latches   :  No
  Borrow Time for Max Delay Exceptions       :  Yes
  Merge Timing Exceptions                    :  Yes
  Inter-SLR Compensation                     :  Conservative

  Corner  Analyze    Analyze    
  Name    Max Paths  Min Paths  
  ------  ---------  ---------  
  Slow    Yes        Yes        
  Fast    Yes        Yes        


------------------------------------------------------------------------------------------------
| Report Methodology
| ------------------
------------------------------------------------------------------------------------------------

Rule       Severity  Description                          Violations  
---------  --------  -----------------------------------  ----------  
SYNTH-15   Warning   Byte wide write enable not inferred  16          
TIMING-18  Warning   Missing input or output delay        13          

Note: This report is based on the most recent report_methodology run and may not be up-to-date. Run report_methodology on the current design for the latest report.



check_timing report

Table of Contents
-----------------
1. checking no_clock (0)
2. checking constant_clock (0)
3. checking pulse_width_clock (0)
4. checking unconstrained_internal_endpoints (0)
5. checking no_input_delay (2)
6. checking no_output_delay (13)
7. checking multiple_clock (0)
8. checking generated_clocks (0)
9. checking loops (0)
10. checking partial_input_delay (0)
11. checking partial_output_delay (0)
12. checking latch_loops (0)

1. checking no_clock (0)
------------------------
 There are 0 register/latch pins with no clock.


2. checking constant_clock (0)
------------------------------
 There are 0 register/latch pins with constant_clock.


3. checking pulse_width_clock (0)
---------------------------------
 There are 0 register/latch pins which need pulse_width check


4. checking unconstrained_internal_endpoints (0)
------------------------------------------------
 There are 0 pins that are not constrained for maximum delay.

 There are 0 pins that are not constrained for maximum delay due to constant clock.


5. checking no_input_delay (2)
------------------------------
 There are 0 input ports with no input delay specified.

 There are 2 input ports with no input delay but user has a false path constraint. (MEDIUM)

rst_ni
uart_rx_i


6. checking no_output_delay (13)
--------------------------------
 There are 13 ports with no output delay specified. (HIGH)

cpu_trap_o
dma_irq_o
uart_irq_o
uart_tx_byte_o[0]
uart_tx_byte_o[1]
uart_tx_byte_o[2]
uart_tx_byte_o[3]
uart_tx_byte_o[4]
uart_tx_byte_o[5]
uart_tx_byte_o[6]
uart_tx_byte_o[7]
uart_tx_byte_valid_o
uart_tx_o

 There are 0 ports with no output delay but user has a false path constraint

 There are 0 ports with no output delay but with a timing clock defined on it or propagating through it


7. checking multiple_clock (0)
------------------------------
 There are 0 register/latch pins with multiple clocks.


8. checking generated_clocks (0)
--------------------------------
 There are 0 generated clocks that are not connected to a clock source.


9. checking loops (0)
---------------------
 There are 0 combinational loops in the design.


10. checking partial_input_delay (0)
------------------------------------
 There are 0 input ports with partial input delay specified.


11. checking partial_output_delay (0)
-------------------------------------
 There are 0 ports with partial output delay specified.


12. checking latch_loops (0)
----------------------------
 There are 0 combinational latch loops in the design through latch input



------------------------------------------------------------------------------------------------
| Design Timing Summary
| ---------------------
------------------------------------------------------------------------------------------------

    WNS(ns)      TNS(ns)  TNS Failing Endpoints  TNS Total Endpoints      WHS(ns)      THS(ns)  THS Failing Endpoints  THS Total Endpoints     WPWS(ns)     TPWS(ns)  TPWS Failing Endpoints  TPWS Total Endpoints  
    -------      -------  ---------------------  -------------------      -------      -------  ---------------------  -------------------     --------     --------  ----------------------  --------------------  
      0.035        0.000                      0                 8893        0.018        0.000                      0                 8893        2.321        0.000                       0                  3941  


All user specified timing constraints are met.


------------------------------------------------------------------------------------------------
| Clock Summary
| -------------
------------------------------------------------------------------------------------------------

Clock    Waveform(ns)         Period(ns)      Frequency(MHz)
-----    ------------         ----------      --------------
sys_clk  {0.000 3.571}        7.143           139.997         


------------------------------------------------------------------------------------------------
| Intra Clock Table
| -----------------
------------------------------------------------------------------------------------------------

Clock             WNS(ns)      TNS(ns)  TNS Failing Endpoints  TNS Total Endpoints      WHS(ns)      THS(ns)  THS Failing Endpoints  THS Total Endpoints     WPWS(ns)     TPWS(ns)  TPWS Failing Endpoints  TPWS Total Endpoints  
-----             -------      -------  ---------------------  -------------------      -------      -------  ---------------------  -------------------     --------     --------  ----------------------  --------------------  
sys_clk             0.035        0.000                      0                 8893        0.018        0.000                      0                 8893        2.321        0.000                       0                  3941  


------------------------------------------------------------------------------------------------
| Inter Clock Table
| -----------------
------------------------------------------------------------------------------------------------

From Clock    To Clock          WNS(ns)      TNS(ns)  TNS Failing Endpoints  TNS Total Endpoints      WHS(ns)      THS(ns)  THS Failing Endpoints  THS Total Endpoints  
----------    --------          -------      -------  ---------------------  -------------------      -------      -------  ---------------------  -------------------  


------------------------------------------------------------------------------------------------
| Other Path Groups Table
| -----------------------
------------------------------------------------------------------------------------------------

Path Group    From Clock    To Clock          WNS(ns)      TNS(ns)  TNS Failing Endpoints  TNS Total Endpoints      WHS(ns)      THS(ns)  THS Failing Endpoints  THS Total Endpoints  
----------    ----------    --------          -------      -------  ---------------------  -------------------      -------      -------  ---------------------  -------------------  


------------------------------------------------------------------------------------------------
| User Ignored Path Table
| -----------------------
------------------------------------------------------------------------------------------------

Path Group    From Clock    To Clock    
----------    ----------    --------    
(none)                      sys_clk       


------------------------------------------------------------------------------------------------
| Unconstrained Path Table
| ------------------------
------------------------------------------------------------------------------------------------

Path Group    From Clock    To Clock    
----------    ----------    --------    
(none)        sys_clk                     


------------------------------------------------------------------------------------------------
| Timing Details
| --------------
------------------------------------------------------------------------------------------------


---------------------------------------------------------------------------------------------------
From Clock:  sys_clk
  To Clock:  sys_clk

Setup :            0  Failing Endpoints,  Worst Slack        0.035ns,  Total Violation        0.000ns
Hold  :            0  Failing Endpoints,  Worst Slack        0.018ns,  Total Violation        0.000ns
PW    :            0  Failing Endpoints,  Worst Slack        2.321ns,  Total Violation        0.000ns
---------------------------------------------------------------------------------------------------


Max Delay Paths
--------------------------------------------------------------------------------------
Slack (MET) :             0.035ns  (required time - arrival time)
  Source:                 dma_iommu_inst/dma_rd_inst/op_word_count_reg_reg[2]/C
                            (rising edge-triggered cell FDRE clocked by sys_clk  {rise@0.000ns fall@3.572ns period=7.143ns})
  Destination:            dma_iommu_inst/dma_rd_inst/axi_state_reg_reg[0]/D
                            (rising edge-triggered cell FDRE clocked by sys_clk  {rise@0.000ns fall@3.572ns period=7.143ns})
  Path Group:             sys_clk
  Path Type:              Setup (Max at Slow Process Corner)
  Requirement:            7.143ns  (sys_clk rise@7.143ns - sys_clk rise@0.000ns)
  Data Path Delay:        7.033ns  (logic 2.969ns (42.217%)  route 4.064ns (57.783%))
  Logic Levels:           11  (CARRY4=5 LUT4=2 LUT5=2 LUT6=2)
  Clock Path Skew:        0.029ns (DCD - SCD + CPR)
    Destination Clock Delay (DCD):    4.272ns = ( 11.415 - 7.143 ) 
    Source Clock Delay      (SCD):    4.565ns
    Clock Pessimism Removal (CPR):    0.322ns
  Clock Uncertainty:      0.135ns  ((TSJ^2 + TIJ^2)^1/2 + DJ) / 2 + PE + UU
    Total System Jitter     (TSJ):    0.071ns
    Total Input Jitter      (TIJ):    0.000ns
    Discrete Jitter          (DJ):    0.000ns
    Phase Error              (PE):    0.000ns
    User Uncertainty         (UU):    0.100ns

    Location             Delay type                Incr(ns)  Path(ns)    Netlist Resource(s)
  -------------------------------------------------------------------    -------------------
                         (clock sys_clk rise edge)    0.000     0.000 r  
    M18                                               0.000     0.000 r  clk_i (IN)
                         net (fo=0)                   0.000     0.000    clk_i
    M18                  IBUF (Prop_ibuf_I_O)         0.938     0.938 r  clk_i_IBUF_inst/O
                         net (fo=1, routed)           1.972     2.910    clk_i_IBUF
    BUFGCTRL_X0Y0        BUFG (Prop_bufg_I_O)         0.096     3.006 r  clk_i_IBUF_BUFG_inst/O
                         net (fo=3940, routed)        1.559     4.565    dma_iommu_inst/dma_rd_inst/clk_i_IBUF_BUFG
    SLICE_X56Y19         FDRE                                         r  dma_iommu_inst/dma_rd_inst/op_word_count_reg_reg[2]/C
  -------------------------------------------------------------------    -------------------
    SLICE_X56Y19         FDRE (Prop_fdre_C_Q)         0.518     5.083 r  dma_iommu_inst/dma_rd_inst/op_word_count_reg_reg[2]/Q
                         net (fo=12, routed)          0.843     5.925    dma_iommu_inst/dma_rd_inst/op_word_count_reg__0[2]
    SLICE_X55Y18         LUT4 (Prop_lut4_I2_O)        0.124     6.049 r  dma_iommu_inst/dma_rd_inst/m_axi_arlen_reg[7]_i_36/O
                         net (fo=1, routed)           0.000     6.049    dma_iommu_inst/dma_rd_inst/m_axi_arlen_reg[7]_i_36_n_0
    SLICE_X55Y18         CARRY4 (Prop_carry4_S[1]_CO[3])
                                                      0.550     6.599 r  dma_iommu_inst/dma_rd_inst/m_axi_arlen_reg_reg[7]_i_19/CO[3]
                         net (fo=1, routed)           0.000     6.599    dma_iommu_inst/dma_rd_inst/m_axi_arlen_reg_reg[7]_i_19_n_0
    SLICE_X55Y19         CARRY4 (Prop_carry4_CI_CO[3])
                                                      0.114     6.713 r  dma_iommu_inst/dma_rd_inst/m_axi_arlen_reg_reg[7]_i_12/CO[3]
                         net (fo=12, routed)          1.121     7.835    dma_iommu_inst/dma_rd_inst/tr_word_count_next12_in
    SLICE_X56Y18         LUT6 (Prop_lut6_I4_O)        0.124     7.959 r  dma_iommu_inst/dma_rd_inst/m_axi_arlen_reg[7]_i_3/O
                         net (fo=23, routed)          0.704     8.663    dma_iommu_inst/dma_rd_inst/m_axi_arlen_reg[7]_i_3_n_0
    SLICE_X57Y18         LUT6 (Prop_lut6_I0_O)        0.124     8.787 r  dma_iommu_inst/dma_rd_inst/op_word_count_reg[7]_i_6/O
                         net (fo=1, routed)           0.000     8.787    dma_iommu_inst/dma_rd_inst/op_word_count_reg[7]_i_6_n_0
    SLICE_X57Y18         CARRY4 (Prop_carry4_S[0]_CO[3])
                                                      0.532     9.319 r  dma_iommu_inst/dma_rd_inst/op_word_count_reg_reg[7]_i_2__0/CO[3]
                         net (fo=1, routed)           0.000     9.319    dma_iommu_inst/dma_rd_inst/op_word_count_reg_reg[7]_i_2__0_n_0
    SLICE_X57Y19         CARRY4 (Prop_carry4_CI_CO[3])
                                                      0.114     9.433 r  dma_iommu_inst/dma_rd_inst/op_word_count_reg_reg[11]_i_2__0/CO[3]
                         net (fo=1, routed)           0.000     9.433    dma_iommu_inst/dma_rd_inst/op_word_count_reg_reg[11]_i_2__0_n_0
    SLICE_X57Y20         CARRY4 (Prop_carry4_CI_O[0])
                                                      0.222     9.655 r  dma_iommu_inst/dma_rd_inst/op_word_count_reg_reg[15]_i_2__0/O[0]
                         net (fo=2, routed)           0.891    10.545    dma_iommu_inst/dma_rd_inst/axi_state_next10_out[12]
    SLICE_X59Y19         LUT4 (Prop_lut4_I1_O)        0.299    10.844 r  dma_iommu_inst/dma_rd_inst/axi_state_reg[0]_i_5/O
                         net (fo=1, routed)           0.154    10.999    dma_iommu_inst/dma_rd_inst/axi_state_reg[0]_i_5_n_0
    SLICE_X59Y19         LUT5 (Prop_lut5_I4_O)        0.124    11.123 r  dma_iommu_inst/dma_rd_inst/axi_state_reg[0]_i_3/O
                         net (fo=2, routed)           0.351    11.474    dma_iommu_inst/dma_rd_inst/axi_state_reg[0]_i_3_n_0
    SLICE_X59Y18         LUT5 (Prop_lut5_I4_O)        0.124    11.598 r  dma_iommu_inst/dma_rd_inst/axi_state_reg[0]_i_1__0/O
                         net (fo=1, routed)           0.000    11.598    dma_iommu_inst/dma_rd_inst/s_axis_read_desc_ready_next
    SLICE_X59Y18         FDRE                                         r  dma_iommu_inst/dma_rd_inst/axi_state_reg_reg[0]/D
  -------------------------------------------------------------------    -------------------

                         (clock sys_clk rise edge)    7.143     7.143 r  
    M18                                               0.000     7.143 r  clk_i (IN)
                         net (fo=0)                   0.000     7.143    clk_i
    M18                  IBUF (Prop_ibuf_I_O)         0.805     7.948 r  clk_i_IBUF_inst/O
                         net (fo=1, routed)           1.868     9.816    clk_i_IBUF
    BUFGCTRL_X0Y0        BUFG (Prop_bufg_I_O)         0.091     9.907 r  clk_i_IBUF_BUFG_inst/O
                         net (fo=3940, routed)        1.508    11.415    dma_iommu_inst/dma_rd_inst/clk_i_IBUF_BUFG
    SLICE_X59Y18         FDRE                                         r  dma_iommu_inst/dma_rd_inst/axi_state_reg_reg[0]/C
                         clock pessimism              0.322    11.737    
                         clock uncertainty           -0.135    11.602    
    SLICE_X59Y18         FDRE (Setup_fdre_C_D)        0.031    11.633    dma_iommu_inst/dma_rd_inst/axi_state_reg_reg[0]
  -------------------------------------------------------------------
                         required time                         11.633    
                         arrival time                         -11.598    
  -------------------------------------------------------------------
                         slack                                  0.035    





Min Delay Paths
--------------------------------------------------------------------------------------
Slack (MET) :             0.018ns  (arrival time - required time)
  Source:                 uart_inst/rx_axis_data_q_reg[17]/C
                            (rising edge-triggered cell FDCE clocked by sys_clk  {rise@0.000ns fall@3.572ns period=7.143ns})
  Destination:            dma_iommu_inst/dma_wr_inst/out_fifo_wdata_reg_0_31_12_17/RAMC_D1/I
                            (rising edge-triggered cell RAMD32 clocked by sys_clk  {rise@0.000ns fall@3.572ns period=7.143ns})
  Path Group:             sys_clk
  Path Type:              Hold (Min at Fast Process Corner)
  Requirement:            0.000ns  (sys_clk rise@0.000ns - sys_clk rise@0.000ns)
  Data Path Delay:        0.494ns  (logic 0.227ns (45.914%)  route 0.267ns (54.086%))
  Logic Levels:           1  (LUT5=1)
  Clock Path Skew:        0.262ns (DCD - SCD - CPR)
    Destination Clock Delay (DCD):    1.891ns
    Source Clock Delay      (SCD):    1.378ns
    Clock Pessimism Removal (CPR):    0.251ns
  Clock Uncertainty:      0.100ns  ((TSJ^2 + TIJ^2)^1/2 + DJ) / 2 + PE + UU
    Total System Jitter     (TSJ):    0.000ns
    Total Input Jitter      (TIJ):    0.000ns
    Discrete Jitter          (DJ):    0.000ns
    Phase Error              (PE):    0.000ns
    User Uncertainty         (UU):    0.100ns

    Location             Delay type                Incr(ns)  Path(ns)    Netlist Resource(s)
  -------------------------------------------------------------------    -------------------
                         (clock sys_clk rise edge)    0.000     0.000 r  
    M18                                               0.000     0.000 r  clk_i (IN)
                         net (fo=0)                   0.000     0.000    clk_i
    M18                  IBUF (Prop_ibuf_I_O)         0.167     0.167 r  clk_i_IBUF_inst/O
                         net (fo=1, routed)           0.634     0.801    clk_i_IBUF
    BUFGCTRL_X0Y0        BUFG (Prop_bufg_I_O)         0.026     0.827 r  clk_i_IBUF_BUFG_inst/O
                         net (fo=3940, routed)        0.551     1.378    uart_inst/clk_i_IBUF_BUFG
    SLICE_X36Y26         FDCE                                         r  uart_inst/rx_axis_data_q_reg[17]/C
  -------------------------------------------------------------------    -------------------
    SLICE_X36Y26         FDCE (Prop_fdce_C_Q)         0.128     1.506 r  uart_inst/rx_axis_data_q_reg[17]/Q
                         net (fo=1, routed)           0.061     1.567    dma_iommu_inst/dma_wr_inst/m_axi_wdata_reg_reg[31]_3[17]
    SLICE_X36Y26         LUT5 (Prop_lut5_I0_O)        0.099     1.666 r  dma_iommu_inst/dma_wr_inst/out_fifo_wdata_reg_0_31_12_17_i_5/O
                         net (fo=1, routed)           0.207     1.872    dma_iommu_inst/dma_wr_inst/out_fifo_wdata_reg_0_31_12_17/DIC1
    SLICE_X34Y27         RAMD32                                       r  dma_iommu_inst/dma_wr_inst/out_fifo_wdata_reg_0_31_12_17/RAMC_D1/I
  -------------------------------------------------------------------    -------------------

                         (clock sys_clk rise edge)    0.000     0.000 r  
    M18                                               0.000     0.000 r  clk_i (IN)
                         net (fo=0)                   0.000     0.000    clk_i
    M18                  IBUF (Prop_ibuf_I_O)         0.356     0.356 r  clk_i_IBUF_inst/O
                         net (fo=1, routed)           0.689     1.044    clk_i_IBUF
    BUFGCTRL_X0Y0        BUFG (Prop_bufg_I_O)         0.029     1.073 r  clk_i_IBUF_BUFG_inst/O
                         net (fo=3940, routed)        0.818     1.891    dma_iommu_inst/dma_wr_inst/out_fifo_wdata_reg_0_31_12_17/WCLK
    SLICE_X34Y27         RAMD32                                       r  dma_iommu_inst/dma_wr_inst/out_fifo_wdata_reg_0_31_12_17/RAMC_D1/CLK
                         clock pessimism             -0.251     1.640    
                         clock uncertainty            0.100     1.740    
    SLICE_X34Y27         RAMD32 (Hold_ramd32_CLK_I)
                                                      0.114     1.854    dma_iommu_inst/dma_wr_inst/out_fifo_wdata_reg_0_31_12_17/RAMC_D1
  -------------------------------------------------------------------
                         required time                         -1.854    
                         arrival time                           1.872    
  -------------------------------------------------------------------
                         slack                                  0.018    





Pulse Width Checks
--------------------------------------------------------------------------------------
Clock Name:         sys_clk
Waveform(ns):       { 0.000 3.572 }
Period(ns):         7.143
Sources:            { clk_i }

Check Type        Corner  Lib Pin             Reference Pin  Required(ns)  Actual(ns)  Slack(ns)  Location      Pin
Min Period        n/a     RAMB36E1/CLKARDCLK  n/a            2.944         7.143       4.199      RAMB36_X2Y5   system_ram_inst/mem_reg_0_0/CLKARDCLK
Low Pulse Width   Slow    RAMD64E/CLK         n/a            1.250         3.572       2.322      SLICE_X42Y42  cpu_inst/picorv32_core/cpuregs_reg_r1_0_63_0_2/RAMA/CLK
High Pulse Width  Slow    RAMD64E/CLK         n/a            1.250         3.571       2.321      SLICE_X42Y42  cpu_inst/picorv32_core/cpuregs_reg_r1_0_63_0_2/RAMA/CLK



--------------------------------------------------------------------------------------
Path Group:  (none)
From Clock:  
  To Clock:  sys_clk

Max Delay          2436 Endpoints
Min Delay          2436 Endpoints
--------------------------------------------------------------------------------------


Max Delay Paths
--------------------------------------------------------------------------------------
Slack:                    inf
  Source:                 rst_ni
                            (input port)
  Destination:            system_axi_crossbar/axi_crossbar_wr_inst/s_ifaces[0].addr_inst/FSM_onehot_state_reg_reg[1]/R
                            (rising edge-triggered cell FDRE clocked by sys_clk  {rise@0.000ns fall@3.572ns period=7.143ns})
  Path Group:             (none)
  Path Type:              Setup (Max at Slow Process Corner)
  Data Path Delay:        16.791ns  (logic 1.050ns (6.255%)  route 15.741ns (93.745%))
  Logic Levels:           2  (IBUF=1 LUT1=1)
  Clock Path Skew:        4.203ns (DCD - SCD + CPR)
    Destination Clock Delay (DCD):    4.203ns
    Source Clock Delay      (SCD):    0.000ns
    Clock Pessimism Removal (CPR):    0.000ns
  Clock Uncertainty:      0.125ns  ((TSJ^2 + TIJ^2)^1/2 + DJ) / 2 + PE + UU
    Total System Jitter     (TSJ):    0.050ns
    Total Input Jitter      (TIJ):    0.000ns
    Discrete Jitter          (DJ):    0.000ns
    Phase Error              (PE):    0.000ns
    User Uncertainty         (UU):    0.100ns
  Timing Exception:       False Path

    Location             Delay type                Incr(ns)  Path(ns)    Netlist Resource(s)
  -------------------------------------------------------------------    -------------------
    U18                                               0.000     0.000 f  rst_ni (IN)
                         net (fo=0)                   0.000     0.000    rst_ni
    U18                  IBUF (Prop_ibuf_I_O)         0.926     0.926 f  rst_ni_IBUF_inst/O
                         net (fo=267, routed)         4.785     5.711    dma_iommu_inst/iommu_inst/tlb_replacement/rst_ni_IBUF
    SLICE_X30Y58         LUT1 (Prop_lut1_I0_O)        0.124     5.835 r  dma_iommu_inst/iommu_inst/tlb_replacement/mul_finish_i_1/O
                         net (fo=1786, routed)       10.956    16.791    system_axi_crossbar/axi_crossbar_wr_inst/s_ifaces[0].addr_inst/rst
    SLICE_X34Y13         FDRE                                         r  system_axi_crossbar/axi_crossbar_wr_inst/s_ifaces[0].addr_inst/FSM_onehot_state_reg_reg[1]/R
  -------------------------------------------------------------------    -------------------

                         (clock sys_clk rise edge)    0.000     0.000 r  
    M18                                               0.000     0.000 r  clk_i (IN)
                         net (fo=0)                   0.000     0.000    clk_i
    M18                  IBUF (Prop_ibuf_I_O)         0.805     0.805 r  clk_i_IBUF_inst/O
                         net (fo=1, routed)           1.868     2.673    clk_i_IBUF
    BUFGCTRL_X0Y0        BUFG (Prop_bufg_I_O)         0.091     2.764 r  clk_i_IBUF_BUFG_inst/O
                         net (fo=3940, routed)        1.439     4.203    system_axi_crossbar/axi_crossbar_wr_inst/s_ifaces[0].addr_inst/clk_i_IBUF_BUFG
    SLICE_X34Y13         FDRE                                         r  system_axi_crossbar/axi_crossbar_wr_inst/s_ifaces[0].addr_inst/FSM_onehot_state_reg_reg[1]/C





Min Delay Paths
--------------------------------------------------------------------------------------
Slack:                    inf
  Source:                 rst_ni
                            (input port)
  Destination:            dma_iommu_inst/dma_wr_inst/m_axi_bready_reg_reg/D
                            (rising edge-triggered cell FDRE clocked by sys_clk  {rise@0.000ns fall@3.572ns period=7.143ns})
  Path Group:             (none)
  Path Type:              Hold (Min at Fast Process Corner)
  Data Path Delay:        1.194ns  (logic 0.201ns (16.800%)  route 0.993ns (83.200%))
  Logic Levels:           2  (IBUF=1 LUT5=1)
  Clock Path Skew:        1.904ns (DCD - SCD - CPR)
    Destination Clock Delay (DCD):    1.904ns
    Source Clock Delay      (SCD):    0.000ns
    Clock Pessimism Removal (CPR):    -0.000ns
  Timing Exception:       False Path

    Location             Delay type                Incr(ns)  Path(ns)    Netlist Resource(s)
  -------------------------------------------------------------------    -------------------
    U18                                               0.000     0.000 r  rst_ni (IN)
                         net (fo=0)                   0.000     0.000    rst_ni
    U18                  IBUF (Prop_ibuf_I_O)         0.156     0.156 r  rst_ni_IBUF_inst/O
                         net (fo=267, routed)         0.993     1.149    dma_iommu_inst/dma_wr_inst/rst_ni_IBUF
    SLICE_X31Y7          LUT5 (Prop_lut5_I4_O)        0.045     1.194 r  dma_iommu_inst/dma_wr_inst/m_axi_bready_reg_i_1__4/O
                         net (fo=1, routed)           0.000     1.194    dma_iommu_inst/dma_wr_inst/m_axi_bready_reg_i_1__4_n_0
    SLICE_X31Y7          FDRE                                         r  dma_iommu_inst/dma_wr_inst/m_axi_bready_reg_reg/D
  -------------------------------------------------------------------    -------------------

                         (clock sys_clk rise edge)    0.000     0.000 r  
    M18                                               0.000     0.000 r  clk_i (IN)
                         net (fo=0)                   0.000     0.000    clk_i
    M18                  IBUF (Prop_ibuf_I_O)         0.356     0.356 r  clk_i_IBUF_inst/O
                         net (fo=1, routed)           0.689     1.044    clk_i_IBUF
    BUFGCTRL_X0Y0        BUFG (Prop_bufg_I_O)         0.029     1.073 r  clk_i_IBUF_BUFG_inst/O
                         net (fo=3940, routed)        0.831     1.904    dma_iommu_inst/dma_wr_inst/clk_i_IBUF_BUFG
    SLICE_X31Y7          FDRE                                         r  dma_iommu_inst/dma_wr_inst/m_axi_bready_reg_reg/C





--------------------------------------------------------------------------------------
Path Group:  (none)
From Clock:  sys_clk
  To Clock:  

Max Delay            13 Endpoints
Min Delay            13 Endpoints
--------------------------------------------------------------------------------------


Max Delay Paths
--------------------------------------------------------------------------------------
Slack:                    inf
  Source:                 uart_inst/tx_keep_q_reg[0]/C
                            (rising edge-triggered cell FDCE clocked by sys_clk  {rise@0.000ns fall@3.572ns period=7.143ns})
  Destination:            uart_tx_byte_o[0]
                            (output port)
  Path Group:             (none)
  Path Type:              Max at Slow Process Corner
  Data Path Delay:        8.477ns  (logic 3.365ns (39.700%)  route 5.111ns (60.300%))
  Logic Levels:           3  (LUT4=1 LUT6=1 OBUF=1)
  Clock Uncertainty:      0.125ns  ((TSJ^2 + TIJ^2)^1/2 + DJ) / 2 + PE + UU
    Total System Jitter     (TSJ):    0.050ns
    Total Input Jitter      (TIJ):    0.000ns
    Discrete Jitter          (DJ):    0.000ns
    Phase Error              (PE):    0.000ns
    User Uncertainty         (UU):    0.100ns

    Location             Delay type                Incr(ns)  Path(ns)    Netlist Resource(s)
  -------------------------------------------------------------------    -------------------
                         (clock sys_clk rise edge)    0.000     0.000 r  
    M18                                               0.000     0.000 r  clk_i (IN)
                         net (fo=0)                   0.000     0.000    clk_i
    M18                  IBUF (Prop_ibuf_I_O)         0.938     0.938 r  clk_i_IBUF_inst/O
                         net (fo=1, routed)           1.972     2.910    clk_i_IBUF
    BUFGCTRL_X0Y0        BUFG (Prop_bufg_I_O)         0.096     3.006 r  clk_i_IBUF_BUFG_inst/O
                         net (fo=3940, routed)        1.552     4.558    uart_inst/clk_i_IBUF_BUFG
    SLICE_X10Y27         FDCE                                         r  uart_inst/tx_keep_q_reg[0]/C
  -------------------------------------------------------------------    -------------------
    SLICE_X10Y27         FDCE (Prop_fdce_C_Q)         0.518     5.076 f  uart_inst/tx_keep_q_reg[0]/Q
                         net (fo=23, routed)          1.363     6.439    uart_inst/uart_engine/tx_keep_q[0]
    SLICE_X9Y29          LUT6 (Prop_lut6_I3_O)        0.124     6.563 r  uart_inst/uart_engine/uart_tx_byte_o_OBUF[0]_inst_i_2/O
                         net (fo=1, routed)           0.642     7.206    uart_inst/uart_engine/uart_tx_byte_o_OBUF[0]_inst_i_2_n_0
    SLICE_X9Y29          LUT4 (Prop_lut4_I2_O)        0.124     7.330 r  uart_inst/uart_engine/uart_tx_byte_o_OBUF[0]_inst_i_1/O
                         net (fo=2, routed)           3.106    10.435    uart_tx_byte_o_OBUF[0]
    U14                  OBUF (Prop_obuf_I_O)         2.599    13.035 r  uart_tx_byte_o_OBUF[0]_inst/O
                         net (fo=0)                   0.000    13.035    uart_tx_byte_o[0]
    U14                                                               r  uart_tx_byte_o[0] (OUT)
  -------------------------------------------------------------------    -------------------





Min Delay Paths
--------------------------------------------------------------------------------------
Slack:                    inf
  Source:                 uart_inst/uart_engine/send_pattern_q_reg[0]/C
                            (rising edge-triggered cell FDPE clocked by sys_clk  {rise@0.000ns fall@3.572ns period=7.143ns})
  Destination:            uart_tx_o
                            (output port)
  Path Group:             (none)
  Path Type:              Min at Fast Process Corner
  Data Path Delay:        2.043ns  (logic 1.290ns (63.148%)  route 0.753ns (36.852%))
  Logic Levels:           1  (OBUF=1)
  Clock Uncertainty:      0.125ns  ((TSJ^2 + TIJ^2)^1/2 + DJ) / 2 + PE + UU
    Total System Jitter     (TSJ):    0.050ns
    Total Input Jitter      (TIJ):    0.000ns
    Discrete Jitter          (DJ):    0.000ns
    Phase Error              (PE):    0.000ns
    User Uncertainty         (UU):    0.100ns

    Location             Delay type                Incr(ns)  Path(ns)    Netlist Resource(s)
  -------------------------------------------------------------------    -------------------
                         (clock sys_clk rise edge)    0.000     0.000 r  
    M18                                               0.000     0.000 r  clk_i (IN)
                         net (fo=0)                   0.000     0.000    clk_i
    M18                  IBUF (Prop_ibuf_I_O)         0.167     0.167 r  clk_i_IBUF_inst/O
                         net (fo=1, routed)           0.634     0.801    clk_i_IBUF
    BUFGCTRL_X0Y0        BUFG (Prop_bufg_I_O)         0.026     0.827 r  clk_i_IBUF_BUFG_inst/O
                         net (fo=3940, routed)        0.556     1.383    uart_inst/uart_engine/clk_i_IBUF_BUFG
    SLICE_X8Y27          FDPE                                         r  uart_inst/uart_engine/send_pattern_q_reg[0]/C
  -------------------------------------------------------------------    -------------------
    SLICE_X8Y27          FDPE (Prop_fdpe_C_Q)         0.164     1.547 r  uart_inst/uart_engine/send_pattern_q_reg[0]/Q
                         net (fo=1, routed)           0.753     2.300    uart_tx_o_OBUF
    V16                  OBUF (Prop_obuf_I_O)         1.126     3.426 r  uart_tx_o_OBUF_inst/O
                         net (fo=0)                   0.000     3.426    uart_tx_o
    V16                                                               r  uart_tx_o (OUT)
  -------------------------------------------------------------------    -------------------





