Copyright 1986-2022 Xilinx, Inc. All Rights Reserved. Copyright 2022-2025 Advanced Micro Devices, Inc. All Rights Reserved.
---------------------------------------------------------------------------------------------------------------------------------------------
| Tool Version : Vivado v.2025.1 (win64) Build 6140274 Thu May 22 00:12:29 MDT 2025
| Date         : Tue Jul 14 16:59:42 2026
| Host         : LAPTOP-QB9V6NGP running 64-bit major release  (build 9200)
| Command      : report_utilization -hierarchical -file C:/rtl/rtl/Project_Vivado/reports/axi_gui_project/utilization_route.rpt -force
| Design       : dma_mmu_axi_impl_top
| Device       : xc7a35tcpg236-1
| Speed File   : -1
| Design State : Routed
---------------------------------------------------------------------------------------------------------------------------------------------

Utilization Design Information

Table of Contents
-----------------
1. Utilization by Hierarchy

1. Utilization by Hierarchy
---------------------------

+------------------------------+---------------------------------+------------+------------+---------+------+------+--------+--------+------------+
|           Instance           |              Module             | Total LUTs | Logic LUTs | LUTRAMs | SRLs |  FFs | RAMB36 | RAMB18 | DSP Blocks |
+------------------------------+---------------------------------+------------+------------+---------+------+------+--------+--------+------------+
| dma_mmu_axi_impl_top         |                           (top) |       2148 |       2068 |      80 |    0 | 1898 |      0 |      0 |          0 |
|   (dma_mmu_axi_impl_top)     |                           (top) |         72 |         72 |       0 |    0 |   64 |      0 |      0 |          0 |
|   core_inst                  |                 dma_mmu_axi_top |       2078 |       1998 |      80 |    0 | 1834 |      0 |      0 |          0 |
|     scheduler_inst           |               dma_axi_scheduler |        250 |        250 |       0 |    0 |  125 |      0 |      0 |          0 |
|     cdma_inst                |                        axi_cdma |        458 |        428 |      30 |    0 |  295 |      0 |      0 |          0 |
|     crossbar_inst            |                    axi_crossbar |        226 |        226 |       0 |    0 |  352 |      0 |      0 |          0 |
|       axi_crossbar_rd_inst   |                 axi_crossbar_rd |        117 |        117 |       0 |    0 |  201 |      0 |      0 |          0 |
|         s_ifaces[1].reg_inst |               axi_register_rd_6 |         39 |         39 |       0 |    0 |   71 |      0 |      0 |          0 |
|         s_ifaces[0].reg_inst |                 axi_register_rd |         40 |         40 |       0 |    0 |   71 |      0 |      0 |          0 |
|       axi_crossbar_wr_inst   |                 axi_crossbar_wr |        109 |        109 |       0 |    0 |  151 |      0 |      0 |          0 |
|         m_ifaces[0].reg_inst | axi_register_wr__parameterized0 |         50 |         50 |       0 |    0 |  109 |      0 |      0 |          0 |
|     dma_rd_inst              |                      axi_dma_rd |        287 |        265 |      22 |    0 |  176 |      0 |      0 |          0 |
|     dma_wr_inst              |                      axi_dma_wr |        398 |        370 |      28 |    0 |  183 |      0 |      0 |          0 |
|     iommu_inst               |                   dma_iommu_tlb |        242 |        242 |       0 |    0 |  339 |      0 |      0 |          0 |
|       (iommu_inst)           |                   dma_iommu_tlb |        159 |        159 |       0 |    0 |  336 |      0 |      0 |          0 |
|       tlb_replacement        |                       pseudoLRU |         93 |         93 |       0 |    0 |    3 |      0 |      0 |          0 |
|     regs_inst                |                   dma_axil_regs |        221 |        221 |       0 |    0 |  348 |      0 |      0 |          0 |
+------------------------------+---------------------------------+------------+------------+---------+------+------+--------+--------+------------+
* Note: The sum of lower-level cells may be larger than their parent cells total, due to cross-hierarchy LUT combining


