Copyright 1986-2022 Xilinx, Inc. All Rights Reserved. Copyright 2022-2025 Advanced Micro Devices, Inc. All Rights Reserved.
---------------------------------------------------------------------------------------------------------------------------------------------
| Tool Version : Vivado v.2025.1 (win64) Build 6140274 Thu May 22 00:12:29 MDT 2025
| Date         : Tue Aug 18 14:16:21 2026
| Host         : LAPTOP-7VHB4FBR running 64-bit major release  (build 9200)
| Command      : report_utilization -hierarchical -file D:/_codex_dma_mmu/reports/vc707_unified_ddr3/vc707_ddr3_utilization_hierarchical.rpt
| Design       : dma_mmu_picorv32_vc707_ddr3_top
| Device       : xc7vx485tffg1761-2
| Speed File   : -2
| Design State : Routed
---------------------------------------------------------------------------------------------------------------------------------------------

Utilization Design Information

Table of Contents
-----------------
1. Utilization by Hierarchy

1. Utilization by Hierarchy
---------------------------

+-------------------------------------------------------------------------+----------------------------------------------------------------------------------------+------------+------------+---------+------+-------+--------+--------+------------+
|                                 Instance                                |                                         Module                                         | Total LUTs | Logic LUTs | LUTRAMs | SRLs |  FFs  | RAMB36 | RAMB18 | DSP Blocks |
+-------------------------------------------------------------------------+----------------------------------------------------------------------------------------+------------+------------+---------+------+-------+--------+--------+------------+
| dma_mmu_picorv32_vc707_ddr3_top                                         |                                                                                  (top) |      39104 |      36497 |    1892 |  715 | 60366 |     64 |      0 |          0 |
|   (dma_mmu_picorv32_vc707_ddr3_top)                                     |                                                                                  (top) |          4 |          4 |       0 |    0 |     8 |      0 |      0 |          0 |
|   ddr_clock_converter_inst                                              |                                                                soc_ddr_clock_converter |        348 |        196 |     152 |    0 |   886 |      0 |      0 |          0 |
|     inst                                                                |                soc_ddr_clock_converter_axi_clock_converter_v2_1_34_axi_clock_converter |        348 |        196 |     152 |    0 |   886 |      0 |      0 |          0 |
|       gen_clock_conv.gen_async_conv.asyncfifo_axi                       |                                        soc_ddr_clock_converter_fifo_generator_v13_2_13 |        347 |        195 |     152 |    0 |   886 |      0 |      0 |          0 |
|         inst_fifo_gen                                                   |                                  soc_ddr_clock_converter_fifo_generator_v13_2_13_synth |        347 |        195 |     152 |    0 |   886 |      0 |      0 |          0 |
|           gaxi_full_lite.gread_ch.grach2.axi_rach                       |                                             soc_ddr_clock_converter_fifo_generator_top |         85 |         39 |      46 |    0 |   210 |      0 |      0 |          0 |
|             grf.rf                                                      |                                         soc_ddr_clock_converter_fifo_generator_ramfifo |         85 |         39 |      46 |    0 |   210 |      0 |      0 |          0 |
|               gntv_or_sync_fifo.mem                                     |                                                      soc_ddr_clock_converter_memory_23 |         46 |          0 |      46 |    0 |   112 |      0 |      0 |          0 |
|                 (gntv_or_sync_fifo.mem)                                 |                                                      soc_ddr_clock_converter_memory_23 |          0 |          0 |       0 |    0 |    56 |      0 |      0 |          0 |
|                 gdm.dm_gen.dm                                           |                                                        soc_ddr_clock_converter_dmem_24 |         46 |          0 |      46 |    0 |    56 |      0 |      0 |          0 |
|           gaxi_full_lite.gread_ch.grdch2.axi_rdch                       |                             soc_ddr_clock_converter_fifo_generator_top__parameterized2 |         67 |         39 |      28 |    0 |   180 |      0 |      0 |          0 |
|             grf.rf                                                      |                         soc_ddr_clock_converter_fifo_generator_ramfifo__parameterized2 |         67 |         39 |      28 |    0 |   180 |      0 |      0 |          0 |
|               gntv_or_sync_fifo.mem                                     |                                         soc_ddr_clock_converter_memory__parameterized2 |         28 |          0 |      28 |    0 |    82 |      0 |      0 |          0 |
|           gaxi_full_lite.gwrite_ch.gwach2.axi_wach                      |                                  soc_ddr_clock_converter_fifo_generator_top__xdcDup__1 |         85 |         39 |      46 |    0 |   210 |      0 |      0 |          0 |
|             grf.rf                                                      |                              soc_ddr_clock_converter_fifo_generator_ramfifo__xdcDup__1 |         85 |         39 |      46 |    0 |   210 |      0 |      0 |          0 |
|               gntv_or_sync_fifo.mem                                     |                                                         soc_ddr_clock_converter_memory |         46 |          0 |      46 |    0 |   112 |      0 |      0 |          0 |
|                 (gntv_or_sync_fifo.mem)                                 |                                                         soc_ddr_clock_converter_memory |          0 |          0 |       0 |    0 |    56 |      0 |      0 |          0 |
|                 gdm.dm_gen.dm                                           |                                                           soc_ddr_clock_converter_dmem |         46 |          0 |      46 |    0 |    56 |      0 |      0 |          0 |
|           gaxi_full_lite.gwrite_ch.gwdch2.axi_wdch                      |                             soc_ddr_clock_converter_fifo_generator_top__parameterized0 |         65 |         39 |      26 |    0 |   172 |      0 |      0 |          0 |
|             grf.rf                                                      |                         soc_ddr_clock_converter_fifo_generator_ramfifo__parameterized0 |         65 |         39 |      26 |    0 |   172 |      0 |      0 |          0 |
|               gntv_or_sync_fifo.mem                                     |                                         soc_ddr_clock_converter_memory__parameterized0 |         26 |          0 |      26 |    0 |    74 |      0 |      0 |          0 |
|           gaxi_full_lite.gwrite_ch.gwrch2.axi_wrch                      |                             soc_ddr_clock_converter_fifo_generator_top__parameterized1 |         45 |         39 |       6 |    0 |   114 |      0 |      0 |          0 |
|             grf.rf                                                      |                         soc_ddr_clock_converter_fifo_generator_ramfifo__parameterized1 |         45 |         39 |       6 |    0 |   114 |      0 |      0 |          0 |
|   ddr_width_converter_inst                                              |                                                                  soc_ddr_axi_converter |       1733 |       1635 |       0 |   98 |  2993 |      0 |      0 |          0 |
|     inst                                                                |                                 soc_ddr_axi_converter_axi_dwidth_converter_v2_1_36_top |       1733 |       1635 |       0 |   98 |  2993 |      0 |      0 |          0 |
|       gen_upsizer.gen_full_upsizer.axi_upsizer_inst                     |                         soc_ddr_axi_converter_axi_dwidth_converter_v2_1_36_axi_upsizer |       1733 |       1635 |       0 |   98 |  2993 |      0 |      0 |          0 |
|         USE_READ.gen_non_fifo_r_upsizer.mi_register_slice_inst          |                    soc_ddr_axi_converter_axi_register_slice_v2_1_35_axi_register_slice |        386 |        386 |       0 |    0 |  1030 |      0 |      0 |          0 |
|           r.r_pipe                                                      |   soc_ddr_axi_converter_axi_register_slice_v2_1_35_axic_register_slice__parameterized2 |        386 |        386 |       0 |    0 |  1030 |      0 |      0 |          0 |
|         USE_READ.gen_non_fifo_r_upsizer.read_data_inst                  |                           soc_ddr_axi_converter_axi_dwidth_converter_v2_1_36_r_upsizer |        187 |        187 |       0 |    0 |   536 |      0 |      0 |          0 |
|         USE_READ.read_addr_inst                                         |           soc_ddr_axi_converter_axi_dwidth_converter_v2_1_36_a_upsizer__parameterized0 |        102 |         53 |       0 |   49 |    66 |      0 |      0 |          0 |
|           GEN_CMD_QUEUE.cmd_queue                                       |         soc_ddr_axi_converter_generic_baseblocks_v2_1_2_command_fifo__parameterized0_1 |         87 |         44 |       0 |   43 |    51 |      0 |      0 |          0 |
|         USE_WRITE.gen_non_fifo_w_upsizer.write_data_inst                |                           soc_ddr_axi_converter_axi_dwidth_converter_v2_1_36_w_upsizer |        667 |        667 |       0 |    0 |  1177 |      0 |      0 |          0 |
|         USE_WRITE.write_addr_inst                                       |                           soc_ddr_axi_converter_axi_dwidth_converter_v2_1_36_a_upsizer |        230 |        181 |       0 |   49 |    66 |      0 |      0 |          0 |
|           GEN_CMD_QUEUE.cmd_queue                                       |           soc_ddr_axi_converter_generic_baseblocks_v2_1_2_command_fifo__parameterized0 |        214 |        171 |       0 |   43 |    51 |      0 |      0 |          0 |
|         si_register_slice_inst                                          |    soc_ddr_axi_converter_axi_register_slice_v2_1_35_axi_register_slice__parameterized0 |        170 |        170 |       0 |    0 |   118 |      0 |      0 |          0 |
|           ar.ar_pipe                                                    |   soc_ddr_axi_converter_axi_register_slice_v2_1_35_axic_register_slice__parameterized3 |         85 |         85 |       0 |    0 |    58 |      0 |      0 |          0 |
|           aw.aw_pipe                                                    | soc_ddr_axi_converter_axi_register_slice_v2_1_35_axic_register_slice__parameterized3_0 |         85 |         85 |       0 |    0 |    60 |      0 |      0 |          0 |
|   mig_inst                                                              |                                                                              vc707_mig |      14108 |      11921 |    1570 |  617 | 12099 |      0 |      0 |          0 |
|     u_vc707_mig_mig                                                     |                                                                          vc707_mig_mig |      14108 |      11921 |    1570 |  617 | 12099 |      0 |      0 |          0 |
|       temp_mon_enabled.u_tempmon                                        |                                                     vc707_mig_mig_7series_v4_2_tempmon |         39 |         39 |       0 |    0 |   122 |      0 |      0 |          0 |
|       u_ddr3_infrastructure                                             |                                              vc707_mig_mig_7series_v4_2_infrastructure |         21 |         21 |       0 |    0 |    69 |      0 |      0 |          0 |
|       u_memc_ui_top_axi                                                 |                                             vc707_mig_mig_7series_v4_2_memc_ui_top_axi |      14051 |      11864 |    1570 |  617 | 11893 |      0 |      0 |          0 |
|         u_ui_top                                                        |                                                      vc707_mig_mig_7series_v4_2_ui_top |       1137 |        397 |     740 |    0 |  1812 |      0 |      0 |          0 |
|           ui_cmd0                                                       |                                                      vc707_mig_mig_7series_v4_2_ui_cmd |         38 |         38 |       0 |    0 |    54 |      0 |      0 |          0 |
|           ui_rd_data0                                                   |                                                  vc707_mig_mig_7series_v4_2_ui_rd_data |        378 |         30 |     348 |    0 |   547 |      0 |      0 |          0 |
|           ui_wr_data0                                                   |                                                  vc707_mig_mig_7series_v4_2_ui_wr_data |        721 |        329 |     392 |    0 |  1211 |      0 |      0 |          0 |
|         mem_intfc0                                                      |                                                   vc707_mig_mig_7series_v4_2_mem_intfc |       8882 |       8031 |     830 |   21 |  5593 |      0 |      0 |          0 |
|           ddr_phy_top0                                                  |                                                 vc707_mig_mig_7series_v4_2_ddr_phy_top |       8251 |       7409 |     822 |   20 |  5050 |      0 |      0 |          0 |
|             u_ddr_calib_top                                             |                                               vc707_mig_mig_7series_v4_2_ddr_calib_top |       5739 |       5724 |       0 |   15 |  3885 |      0 |      0 |          0 |
|               (u_ddr_calib_top)                                         |                                               vc707_mig_mig_7series_v4_2_ddr_calib_top |        183 |        182 |       0 |    1 |    60 |      0 |      0 |          0 |
|               ddr_phy_prbs_rdlvl_gen.u_ddr_phy_prbs_rdlvl               |                                          vc707_mig_mig_7series_v4_2_ddr_phy_prbs_rdlvl |       1009 |       1009 |       0 |    0 |   717 |      0 |      0 |          0 |
|               ddr_phy_rdlvl_gen.u_ddr_phy_rdlvl                         |                                               vc707_mig_mig_7series_v4_2_ddr_phy_rdlvl |        625 |        625 |       0 |    0 |   953 |      0 |      0 |          0 |
|               ddr_phy_tempmon_0                                         |                                             vc707_mig_mig_7series_v4_2_ddr_phy_tempmon |        273 |        273 |       0 |    0 |   231 |      0 |      0 |          0 |
|               dqsfind_calib_right.u_ddr_phy_dqs_found_cal               |                                       vc707_mig_mig_7series_v4_2_ddr_phy_dqs_found_cal |        181 |        180 |       0 |    1 |   168 |      0 |      0 |          0 |
|               mb_wrlvl_inst.u_ddr_phy_wrlvl                             |                                               vc707_mig_mig_7series_v4_2_ddr_phy_wrlvl |        525 |        524 |       0 |    1 |   440 |      0 |      0 |          0 |
|               oclk_calib.u_ddr_phy_oclkdelay_cal                        |                                       vc707_mig_mig_7series_v4_2_ddr_phy_oclkdelay_cal |        852 |        850 |       0 |    2 |   553 |      0 |      0 |          0 |
|                 u_ocd_cntlr                                             |                                           vc707_mig_mig_7series_v4_2_ddr_phy_ocd_cntlr |         64 |         64 |       0 |    0 |    21 |      0 |      0 |          0 |
|                 u_ocd_data                                              |                                            vc707_mig_mig_7series_v4_2_ddr_phy_ocd_data |         27 |         27 |       0 |    0 |    64 |      0 |      0 |          0 |
|                 u_ocd_lim                                               |                                             vc707_mig_mig_7series_v4_2_ddr_phy_ocd_lim |        195 |        195 |       0 |    0 |    98 |      0 |      0 |          0 |
|                 u_ocd_po_cntlr                                          |                                        vc707_mig_mig_7series_v4_2_ddr_phy_ocd_po_cntlr |        199 |        199 |       0 |    0 |   118 |      0 |      0 |          0 |
|                 u_ocd_samp                                              |                                            vc707_mig_mig_7series_v4_2_ddr_phy_ocd_samp |         75 |         75 |       0 |    0 |    48 |      0 |      0 |          0 |
|                 u_poc                                                   |                                                     vc707_mig_mig_7series_v4_2_poc_top |        244 |        242 |       0 |    2 |   162 |      0 |      0 |          0 |
|                   u_poc_meta                                            |                                                    vc707_mig_mig_7series_v4_2_poc_meta |         80 |         78 |       0 |    2 |    63 |      0 |      0 |          0 |
|                   u_poc_tap_base                                        |                                                vc707_mig_mig_7series_v4_2_poc_tap_base |        107 |        107 |       0 |    0 |    63 |      0 |      0 |          0 |
|               u_ddr_phy_init                                            |                                                vc707_mig_mig_7series_v4_2_ddr_phy_init |       1803 |       1798 |       0 |    5 |   393 |      0 |      0 |          0 |
|               u_ddr_phy_wrcal                                           |                                               vc707_mig_mig_7series_v4_2_ddr_phy_wrcal |        115 |        111 |       0 |    4 |   312 |      0 |      0 |          0 |
|               u_ddr_prbs_gen                                            |                                                vc707_mig_mig_7series_v4_2_ddr_prbs_gen |        142 |        142 |       0 |    0 |    33 |      0 |      0 |          0 |
|             u_ddr_mc_phy_wrapper                                        |                                          vc707_mig_mig_7series_v4_2_ddr_mc_phy_wrapper |       2526 |       1699 |     822 |    5 |  1165 |      0 |      0 |          0 |
|               (u_ddr_mc_phy_wrapper)                                    |                                          vc707_mig_mig_7series_v4_2_ddr_mc_phy_wrapper |        149 |        149 |       0 |    0 |    85 |      0 |      0 |          0 |
|               u_ddr_mc_phy                                              |                                                  vc707_mig_mig_7series_v4_2_ddr_mc_phy |       2375 |       1548 |     822 |    5 |  1064 |      0 |      0 |          0 |
|                 ddr_phy_4lanes_2.u_ddr_phy_4lanes                       |                              vc707_mig_mig_7series_v4_2_ddr_phy_4lanes__parameterized1 |       1201 |        819 |     380 |    2 |   487 |      0 |      0 |          0 |
|                   ddr_byte_lane_D.ddr_byte_lane_D                       |                               vc707_mig_mig_7series_v4_2_ddr_byte_lane__parameterized9 |        279 |        185 |      94 |    0 |   115 |      0 |      0 |          0 |
|                     (ddr_byte_lane_D.ddr_byte_lane_D)                   |                               vc707_mig_mig_7series_v4_2_ddr_byte_lane__parameterized9 |         15 |         15 |       0 |    0 |    71 |      0 |      0 |          0 |
|                     dq_gen_40.if_post_fifo_gen.u_ddr_if_post_fifo       |                                            vc707_mig_mig_7series_v4_2_ddr_if_post_fifo |        188 |        142 |      46 |    0 |    11 |      0 |      0 |          0 |
|                     of_pre_fifo_gen.u_ddr_of_pre_fifo                   |                             vc707_mig_mig_7series_v4_2_ddr_of_pre_fifo__parameterized1 |         75 |         27 |      48 |    0 |    24 |      0 |      0 |          0 |
|                   ddr_byte_lane_A.ddr_byte_lane_A                       |                               vc707_mig_mig_7series_v4_2_ddr_byte_lane__parameterized6 |        265 |        170 |      94 |    1 |   116 |      0 |      0 |          0 |
|                     (ddr_byte_lane_A.ddr_byte_lane_A)                   |                               vc707_mig_mig_7series_v4_2_ddr_byte_lane__parameterized6 |          1 |          1 |       0 |    0 |    71 |      0 |      0 |          0 |
|                     dq_gen_40.if_post_fifo_gen.u_ddr_if_post_fifo       |                                        vc707_mig_mig_7series_v4_2_ddr_if_post_fifo_100 |        187 |        141 |      46 |    0 |    11 |      0 |      0 |          0 |
|                     of_pre_fifo_gen.u_ddr_of_pre_fifo                   |                         vc707_mig_mig_7series_v4_2_ddr_of_pre_fifo__parameterized1_101 |         75 |         27 |      48 |    0 |    24 |      0 |      0 |          0 |
|                   ddr_byte_lane_B.ddr_byte_lane_B                       |                               vc707_mig_mig_7series_v4_2_ddr_byte_lane__parameterized7 |        330 |        232 |      98 |    0 |   121 |      0 |      0 |          0 |
|                     (ddr_byte_lane_B.ddr_byte_lane_B)                   |                               vc707_mig_mig_7series_v4_2_ddr_byte_lane__parameterized7 |          1 |          1 |       0 |    0 |    77 |      0 |      0 |          0 |
|                     dq_gen_40.if_post_fifo_gen.u_ddr_if_post_fifo       |                                         vc707_mig_mig_7series_v4_2_ddr_if_post_fifo_98 |        254 |        204 |      50 |    0 |    11 |      0 |      0 |          0 |
|                     of_pre_fifo_gen.u_ddr_of_pre_fifo                   |                          vc707_mig_mig_7series_v4_2_ddr_of_pre_fifo__parameterized1_99 |         74 |         26 |      48 |    0 |    24 |      0 |      0 |          0 |
|                   ddr_byte_lane_C.ddr_byte_lane_C                       |                               vc707_mig_mig_7series_v4_2_ddr_byte_lane__parameterized8 |        326 |        232 |      94 |    0 |   115 |      0 |      0 |          0 |
|                     (ddr_byte_lane_C.ddr_byte_lane_C)                   |                               vc707_mig_mig_7series_v4_2_ddr_byte_lane__parameterized8 |          0 |          0 |       0 |    0 |    71 |      0 |      0 |          0 |
|                     dq_gen_40.if_post_fifo_gen.u_ddr_if_post_fifo       |                                         vc707_mig_mig_7series_v4_2_ddr_if_post_fifo_96 |        251 |        205 |      46 |    0 |    11 |      0 |      0 |          0 |
|                     of_pre_fifo_gen.u_ddr_of_pre_fifo                   |                          vc707_mig_mig_7series_v4_2_ddr_of_pre_fifo__parameterized1_97 |         74 |         26 |      48 |    0 |    24 |      0 |      0 |          0 |
|                 ddr_phy_4lanes_0.u_ddr_phy_4lanes                       |                                              vc707_mig_mig_7series_v4_2_ddr_phy_4lanes |       1022 |        640 |     380 |    2 |   489 |      0 |      0 |          0 |
|                   ddr_byte_lane_D.ddr_byte_lane_D                       |                               vc707_mig_mig_7series_v4_2_ddr_byte_lane__parameterized2 |        215 |        121 |      94 |    0 |   115 |      0 |      0 |          0 |
|                     (ddr_byte_lane_D.ddr_byte_lane_D)                   |                               vc707_mig_mig_7series_v4_2_ddr_byte_lane__parameterized2 |         15 |         15 |       0 |    0 |    71 |      0 |      0 |          0 |
|                     dq_gen_40.if_post_fifo_gen.u_ddr_if_post_fifo       |                                        vc707_mig_mig_7series_v4_2_ddr_if_post_fifo_105 |        124 |         78 |      46 |    0 |    11 |      0 |      0 |          0 |
|                     of_pre_fifo_gen.u_ddr_of_pre_fifo                   |                         vc707_mig_mig_7series_v4_2_ddr_of_pre_fifo__parameterized1_106 |         75 |         27 |      48 |    0 |    24 |      0 |      0 |          0 |
|                   ddr_byte_lane_A.ddr_byte_lane_A                       |                                               vc707_mig_mig_7series_v4_2_ddr_byte_lane |        270 |        171 |      98 |    1 |   122 |      0 |      0 |          0 |
|                     (ddr_byte_lane_A.ddr_byte_lane_A)                   |                                               vc707_mig_mig_7series_v4_2_ddr_byte_lane |          1 |          1 |       0 |    0 |    77 |      0 |      0 |          0 |
|                     dq_gen_40.if_post_fifo_gen.u_ddr_if_post_fifo       |                                        vc707_mig_mig_7series_v4_2_ddr_if_post_fifo_111 |        192 |        142 |      50 |    0 |    11 |      0 |      0 |          0 |
|                     of_pre_fifo_gen.u_ddr_of_pre_fifo                   |                         vc707_mig_mig_7series_v4_2_ddr_of_pre_fifo__parameterized1_112 |         75 |         27 |      48 |    0 |    24 |      0 |      0 |          0 |
|                   ddr_byte_lane_B.ddr_byte_lane_B                       |                               vc707_mig_mig_7series_v4_2_ddr_byte_lane__parameterized0 |        324 |        232 |      92 |    0 |   113 |      0 |      0 |          0 |
|                     (ddr_byte_lane_B.ddr_byte_lane_B)                   |                               vc707_mig_mig_7series_v4_2_ddr_byte_lane__parameterized0 |          0 |          0 |       0 |    0 |    69 |      0 |      0 |          0 |
|                     dq_gen_40.if_post_fifo_gen.u_ddr_if_post_fifo       |                                        vc707_mig_mig_7series_v4_2_ddr_if_post_fifo_109 |        248 |        204 |      44 |    0 |    11 |      0 |      0 |          0 |
|                     of_pre_fifo_gen.u_ddr_of_pre_fifo                   |                         vc707_mig_mig_7series_v4_2_ddr_of_pre_fifo__parameterized1_110 |         75 |         27 |      48 |    0 |    24 |      0 |      0 |          0 |
|                   ddr_byte_lane_C.ddr_byte_lane_C                       |                               vc707_mig_mig_7series_v4_2_ddr_byte_lane__parameterized1 |        204 |        108 |      96 |    0 |   119 |      0 |      0 |          0 |
|                     (ddr_byte_lane_C.ddr_byte_lane_C)                   |                               vc707_mig_mig_7series_v4_2_ddr_byte_lane__parameterized1 |          1 |          1 |       0 |    0 |    75 |      0 |      0 |          0 |
|                     dq_gen_40.if_post_fifo_gen.u_ddr_if_post_fifo       |                                        vc707_mig_mig_7series_v4_2_ddr_if_post_fifo_107 |        126 |         78 |      48 |    0 |    11 |      0 |      0 |          0 |
|                     of_pre_fifo_gen.u_ddr_of_pre_fifo                   |                         vc707_mig_mig_7series_v4_2_ddr_of_pre_fifo__parameterized1_108 |         76 |         28 |      48 |    0 |    24 |      0 |      0 |          0 |
|           mc0                                                           |                                                          vc707_mig_mig_7series_v4_2_mc |        638 |        629 |       8 |    1 |   543 |      0 |      0 |          0 |
|             (mc0)                                                       |                                                          vc707_mig_mig_7series_v4_2_mc |        140 |        140 |       0 |    0 |    86 |      0 |      0 |          0 |
|             bank_mach0                                                  |                                                   vc707_mig_mig_7series_v4_2_bank_mach |        415 |        415 |       0 |    0 |   360 |      0 |      0 |          0 |
|               arb_mux0                                                  |                                                     vc707_mig_mig_7series_v4_2_arb_mux |        148 |        148 |       0 |    0 |    35 |      0 |      0 |          0 |
|                 arb_row_col0                                            |                                                 vc707_mig_mig_7series_v4_2_arb_row_col |        148 |        148 |       0 |    0 |    32 |      0 |      0 |          0 |
|                   col_arb0                                              |                             vc707_mig_mig_7series_v4_2_round_robin_arb__parameterized1 |         59 |         59 |       0 |    0 |     8 |      0 |      0 |          0 |
|               bank_cntrl[0].bank0                                       |                                                  vc707_mig_mig_7series_v4_2_bank_cntrl |         66 |         66 |       0 |    0 |    75 |      0 |      0 |          0 |
|               bank_cntrl[1].bank0                                       |                                  vc707_mig_mig_7series_v4_2_bank_cntrl__parameterized0 |         59 |         59 |       0 |    0 |    75 |      0 |      0 |          0 |
|               bank_cntrl[2].bank0                                       |                                  vc707_mig_mig_7series_v4_2_bank_cntrl__parameterized1 |         57 |         57 |       0 |    0 |    78 |      0 |      0 |          0 |
|               bank_cntrl[3].bank0                                       |                                  vc707_mig_mig_7series_v4_2_bank_cntrl__parameterized2 |         66 |         66 |       0 |    0 |    75 |      0 |      0 |          0 |
|             rank_mach0                                                  |                                                   vc707_mig_mig_7series_v4_2_rank_mach |         61 |         60 |       0 |    1 |    70 |      0 |      0 |          0 |
|               rank_common0                                              |                                                 vc707_mig_mig_7series_v4_2_rank_common |         54 |         54 |       0 |    0 |    54 |      0 |      0 |          0 |
|         u_axi_mc                                                        |                                                      vc707_mig_mig_7series_v4_2_axi_mc |       4032 |       3436 |       0 |  596 |  4486 |      0 |      0 |          0 |
|           axi_mc_w_channel_0                                            |                                            vc707_mig_mig_7series_v4_2_axi_mc_w_channel |        583 |        583 |       0 |    0 |  1157 |      0 |      0 |          0 |
|           USE_UPSIZER.upsizer_d2                                        |                                             vc707_mig_mig_7series_v4_2_ddr_axi_upsizer |       2634 |       2551 |       0 |   83 |  3073 |      0 |      0 |          0 |
|             USE_READ.read_addr_inst                                     |                               vc707_mig_mig_7series_v4_2_ddr_a_upsizer__parameterized0 |        116 |         75 |       0 |   41 |    98 |      0 |      0 |          0 |
|               USE_BURSTS.cmd_queue                                      |                                         vc707_mig_mig_7series_v4_2_ddr_command_fifo_68 |        111 |         70 |       0 |   41 |    50 |      0 |      0 |          0 |
|                 (USE_BURSTS.cmd_queue)                                  |                                         vc707_mig_mig_7series_v4_2_ddr_command_fifo_68 |        101 |         60 |       0 |   41 |    49 |      0 |      0 |          0 |
|             USE_READ.read_data_inst                                     |                                               vc707_mig_mig_7series_v4_2_ddr_r_upsizer |        293 |        293 |       0 |    0 |   542 |      0 |      0 |          0 |
|               (USE_READ.read_data_inst)                                 |                                               vc707_mig_mig_7series_v4_2_ddr_r_upsizer |        278 |        278 |       0 |    0 |   541 |      0 |      0 |          0 |
|             USE_WRITE.write_addr_inst                                   |                                               vc707_mig_mig_7series_v4_2_ddr_a_upsizer |        184 |        142 |       0 |   42 |    99 |      0 |      0 |          0 |
|               USE_BURSTS.cmd_queue                                      |                                            vc707_mig_mig_7series_v4_2_ddr_command_fifo |        179 |        137 |       0 |   42 |    51 |      0 |      0 |          0 |
|                 (USE_BURSTS.cmd_queue)                                  |                                            vc707_mig_mig_7series_v4_2_ddr_command_fifo |        169 |        127 |       0 |   42 |    50 |      0 |      0 |          0 |
|             USE_WRITE.write_data_inst                                   |                                               vc707_mig_mig_7series_v4_2_ddr_w_upsizer |       1349 |       1349 |       0 |    0 |  1177 |      0 |      0 |          0 |
|               (USE_WRITE.write_data_inst)                               |                                               vc707_mig_mig_7series_v4_2_ddr_w_upsizer |        734 |        734 |       0 |    0 |  1176 |      0 |      0 |          0 |
|               USE_FPGA_WORD_COMPLETED.word_complete_next_wrap_last_inst |                                             vc707_mig_mig_7series_v4_2_ddr_carry_and_8 |        577 |        577 |       0 |    0 |     0 |      0 |      0 |          0 |
|             mi_register_slice_inst                                      |                      vc707_mig_mig_7series_v4_2_ddr_axi_register_slice__parameterized0 |        533 |        533 |       0 |    0 |  1052 |      0 |      0 |          0 |
|               r_pipe                                                    |                     vc707_mig_mig_7series_v4_2_ddr_axic_register_slice__parameterized4 |        532 |        532 |       0 |    0 |  1051 |      0 |      0 |          0 |
|             si_register_slice_inst                                      |                                      vc707_mig_mig_7series_v4_2_ddr_axi_register_slice |        160 |        160 |       0 |    0 |   105 |      0 |      0 |          0 |
|               aw_pipe                                                   |                                   vc707_mig_mig_7series_v4_2_ddr_axic_register_slice_3 |         86 |         86 |       0 |    0 |    53 |      0 |      0 |          0 |
|               ar_pipe                                                   |                                     vc707_mig_mig_7series_v4_2_ddr_axic_register_slice |         74 |         74 |       0 |    0 |    51 |      0 |      0 |          0 |
|           axi_mc_ar_channel_0                                           |                                           vc707_mig_mig_7series_v4_2_axi_mc_ar_channel |        119 |        119 |       0 |    0 |    87 |      0 |      0 |          0 |
|             ar_cmd_fsm_0                                                |                                              vc707_mig_mig_7series_v4_2_axi_mc_cmd_fsm |        103 |        103 |       0 |    0 |     1 |      0 |      0 |          0 |
|           axi_mc_aw_channel_0                                           |                                           vc707_mig_mig_7series_v4_2_axi_mc_aw_channel |        118 |        118 |       0 |    0 |    85 |      0 |      0 |          0 |
|             aw_cmd_fsm_0                                                |                                           vc707_mig_mig_7series_v4_2_axi_mc_wr_cmd_fsm |        103 |        103 |       0 |    0 |     1 |      0 |      0 |          0 |
|           axi_mc_r_channel_0                                            |                                            vc707_mig_mig_7series_v4_2_axi_mc_r_channel |        544 |         31 |       0 |  513 |    25 |      0 |      0 |          0 |
|             rd_data_fifo_0                                              |                                 vc707_mig_mig_7series_v4_2_axi_mc_fifo__parameterized0 |        529 |         17 |       0 |  512 |    14 |      0 |      0 |          0 |
|   soc_inst                                                              |                                                                   dma_mmu_picorv32_soc |      22912 |      22742 |     170 |    0 | 44380 |     64 |      0 |          0 |
|     uart_inst                                                           |                                                                         uart_axil_axis |        256 |        256 |       0 |    0 |   370 |      0 |      0 |          0 |
|       (uart_inst)                                                       |                                                                         uart_axil_axis |         27 |         27 |       0 |    0 |   268 |      0 |      0 |          0 |
|       uart_engine                                                       |                                                                         simpleuart_dma |        229 |        229 |       0 |    0 |   102 |      0 |      0 |          0 |
|     cpu_inst                                                            |                                                                           picorv32_axi |       1576 |       1488 |      88 |    0 |   963 |      0 |      0 |          0 |
|       picorv32_core                                                     |                                                                               picorv32 |       1562 |       1474 |      88 |    0 |   959 |      0 |      0 |          0 |
|         (picorv32_core)                                                 |                                                                               picorv32 |       1176 |       1088 |      88 |    0 |   703 |      0 |      0 |          0 |
|         pcpi_mul                                                        |                                                                      picorv32_pcpi_mul |        387 |        387 |       0 |    0 |   256 |      0 |      0 |          0 |
|     cpu_mmu_inst                                                        |                                                                       picorv32_cpu_mmu |       1601 |       1601 |       0 |    0 |  1263 |      0 |      0 |          0 |
|       (cpu_mmu_inst)                                                    |                                                                       picorv32_cpu_mmu |       1405 |       1405 |       0 |    0 |  1260 |      0 |      0 |          0 |
|       cpu_tlb_plru                                                      |                                                                           pseudoLRU_27 |        198 |        198 |       0 |    0 |     3 |      0 |      0 |          0 |
|     cpu_router_inst                                                     |                                                                   picorv32_axil_router |        551 |        551 |       0 |    0 |   130 |      0 |      0 |          0 |
|     dma_iommu_inst                                                      |                                                                        dma_mmu_axi_top |       4053 |       3971 |      82 |    0 |  5383 |      0 |      0 |          0 |
|       (dma_iommu_inst)                                                  |                                                                        dma_mmu_axi_top |        371 |        371 |       0 |    0 |  1000 |      0 |      0 |          0 |
|       access_controller_inst                                            |                                                                  dma_access_controller |        220 |        220 |       0 |    0 |   123 |      0 |      0 |          0 |
|       cdma_inst                                                         |                                                                               axi_cdma |        310 |        280 |      30 |    0 |   327 |      0 |      0 |          0 |
|       completion_fifo_inst                                              |                                                                    dma_completion_fifo |        181 |        181 |       0 |    0 |   394 |      0 |      0 |          0 |
|       crossbar_inst                                                     |                                                           axi_crossbar__parameterized0 |        432 |        432 |       0 |    0 |   382 |      0 |      0 |          0 |
|         axi_crossbar_rd_inst                                            |                                                        axi_crossbar_rd__parameterized0 |        187 |        187 |       0 |    0 |   217 |      0 |      0 |          0 |
|           s_ifaces[1].reg_inst                                          |                                                     axi_register_rd__parameterized1_26 |         39 |         39 |       0 |    0 |    71 |      0 |      0 |          0 |
|           s_ifaces[0].reg_inst                                          |                                                        axi_register_rd__parameterized1 |         40 |         40 |       0 |    0 |    71 |      0 |      0 |          0 |
|         axi_crossbar_wr_inst                                            |                                                        axi_crossbar_wr__parameterized0 |        245 |        245 |       0 |    0 |   165 |      0 |      0 |          0 |
|           m_ifaces[0].reg_inst                                          |                                                        axi_register_wr__parameterized2 |        154 |        154 |       0 |    0 |   123 |      0 |      0 |          0 |
|       descriptor_fifo_inst                                              |                                                                    dma_descriptor_fifo |        371 |        371 |       0 |    0 |   946 |      0 |      0 |          0 |
|       dma_rd_inst                                                       |                                                                             axi_dma_rd |        275 |        251 |      24 |    0 |   171 |      0 |      0 |          0 |
|       dma_wr_inst                                                       |                                                                             axi_dma_wr |        297 |        269 |      28 |    0 |   194 |      0 |      0 |          0 |
|       iommu_inst                                                        |                                                                          dma_iommu_tlb |        477 |        477 |       0 |    0 |  1042 |      0 |      0 |          0 |
|         (iommu_inst)                                                    |                                                                          dma_iommu_tlb |        469 |        469 |       0 |    0 |  1039 |      0 |      0 |          0 |
|       regs_inst                                                         |                                                                          dma_axil_regs |        516 |        516 |       0 |    0 |   550 |      0 |      0 |          0 |
|       scheduler_inst                                                    |                                                                      dma_axi_scheduler |        612 |        612 |       0 |    0 |   254 |      0 |      0 |          0 |
|     g_bram_ddr3.memory_subsystem_inst                                   |                                                                axi_bram_ddr3_subsystem |        546 |        546 |       0 |    0 |   726 |     64 |      0 |          0 |
|       boot_ram_inst                                                     |                                                                                axi_ram |        135 |        135 |       0 |    0 |   218 |     64 |      0 |          0 |
|       memory_decode_inst                                                |                                                                           axi_crossbar |        412 |        412 |       0 |    0 |   508 |      0 |      0 |          0 |
|         axi_crossbar_rd_inst                                            |                                                                        axi_crossbar_rd |        220 |        220 |       0 |    0 |   218 |      0 |      0 |          0 |
|           s_ifaces[0].reg_inst                                          |                                                                        axi_register_rd |         80 |         80 |       0 |    0 |    85 |      0 |      0 |          0 |
|           m_ifaces[1].reg_inst                                          |                                                     axi_register_rd__parameterized0_15 |          3 |          3 |       0 |    0 |    50 |      0 |      0 |          0 |
|           s_ifaces[0].r_arb_inst                                        |                                                                             arbiter_16 |         76 |         76 |       0 |    0 |     8 |      0 |      0 |          0 |
|         axi_crossbar_wr_inst                                            |                                                                        axi_crossbar_wr |        192 |        192 |       0 |    0 |   290 |      0 |      0 |          0 |
|           s_ifaces[0].addr_inst                                         |                                                                      axi_crossbar_addr |         52 |         52 |       0 |    0 |    23 |      0 |      0 |          0 |
|           m_ifaces[0].reg_inst                                          |                                                      axi_register_wr__parameterized0_9 |         47 |         47 |       0 |    0 |   105 |      0 |      0 |          0 |
|           m_ifaces[1].reg_inst                                          |                                                     axi_register_wr__parameterized0_11 |         48 |         48 |       0 |    0 |   124 |      0 |      0 |          0 |
|     system_axi_crossbar                                                 |                                                           axi_crossbar__parameterized1 |        234 |        234 |       0 |    0 |   400 |      0 |      0 |          0 |
|       axi_crossbar_rd_inst                                              |                                                        axi_crossbar_rd__parameterized1 |        108 |        108 |       0 |    0 |   227 |      0 |      0 |          0 |
|         s_ifaces[1].reg_inst                                            |                                                      axi_register_rd__parameterized3_8 |         45 |         45 |       0 |    0 |    75 |      0 |      0 |          0 |
|         m_ifaces[0].reg_inst                                            |                                                        axi_register_rd__parameterized0 |         11 |         11 |       0 |    0 |    50 |      0 |      0 |          0 |
|         s_ifaces[0].reg_inst                                            |                                                        axi_register_rd__parameterized3 |          3 |          3 |       0 |    0 |    67 |      0 |      0 |          0 |
|       axi_crossbar_wr_inst                                              |                                                        axi_crossbar_wr__parameterized1 |        126 |        126 |       0 |    0 |   173 |      0 |      0 |          0 |
|         m_ifaces[0].reg_inst                                            |                                                        axi_register_wr__parameterized0 |         58 |         58 |       0 |    0 |   124 |      0 |      0 |          0 |
|     systolic_accel_inst                                                 |                                                               systolic_accel_axil_axis |      14104 |      14104 |       0 |    0 | 35145 |      0 |      0 |          0 |
|       (systolic_accel_inst)                                             |                                                               systolic_accel_axil_axis |      10101 |      10101 |       0 |    0 | 33363 |      0 |      0 |          0 |
|       core_inst                                                         |                                                                    systolic_matmul_4x4 |       4005 |       4005 |       0 |    0 |  1782 |      0 |      0 |          0 |
+-------------------------------------------------------------------------+----------------------------------------------------------------------------------------+------------+------------+---------+------+-------+--------+--------+------------+
* Note: The sum of lower-level cells may be larger than their parent cells total, due to cross-hierarchy LUT combining


