#-----------------------------------------------------------
# xsim v2025.1 (64-bit)
# SW Build 6140274 on Thu May 22 00:12:29 MDT 2025
# IP Build 6138677 on Thu May 22 03:10:11 MDT 2025
# SharedData Build 6139179 on Tue May 20 17:58:58 MDT 2025
# Start of session at: Tue Aug 18 15:09:08 2026
# Process ID         : 42564
# Current directory  : D:/_codex_dma_build/batch_apb/DMA_IOMMU_PicoRV32_Unified.sim/sim_1/behav/xsim
# Command line       : xsim.exe -log batch_apb_regression.log -mode tcl -source {xsim.dir/tb_soc_uart_image_batch_behav/xsim_script.tcl}
# Log file           : D:/_codex_dma_build/batch_apb/DMA_IOMMU_PicoRV32_Unified.sim/sim_1/behav/xsim/batch_apb_regression.log
# Journal file       : D:/_codex_dma_build/batch_apb/DMA_IOMMU_PicoRV32_Unified.sim/sim_1/behav/xsim\xsim.jou
# Running On         : LAPTOP-7VHB4FBR
# Platform           : Windows Server 2016 or Windows 10
# Operating System   : 26200
# Processor Detail   : 13th Gen Intel(R) Core(TM) i7-13700H
# CPU Frequency      : 2918 MHz
# CPU Physical cores : 14
# CPU Logical cores  : 20
# Host memory        : 16786 MB
# Swap memory        : 6416 MB
# Total Virtual      : 23202 MB
# Available Virtual  : 1791 MB
#-----------------------------------------------------------
source xsim.dir/tb_soc_uart_image_batch_behav/xsim_script.tcl
# xsim {tb_soc_uart_image_batch_behav} -autoloadwcfg -runall -onfinish quit
Time resolution is 1 ps
run -all
Addressing configuration for axi_crossbar_addr instance tb_soc_uart_image_batch.dut.dma_iommu_inst.crossbar_inst.axi_crossbar_wr_inst.s_ifaces[0].addr_inst
 0 ( 0): 00000000 / 32 -- 00000000-ffffffff
Addressing configuration for axi_crossbar_addr instance tb_soc_uart_image_batch.dut.dma_iommu_inst.crossbar_inst.axi_crossbar_wr_inst.s_ifaces[1].addr_inst
 0 ( 0): 00000000 / 32 -- 00000000-ffffffff
Addressing configuration for axi_crossbar_addr instance tb_soc_uart_image_batch.dut.dma_iommu_inst.crossbar_inst.axi_crossbar_rd_inst.s_ifaces[0].addr_inst
 0 ( 0): 00000000 / 32 -- 00000000-ffffffff
Addressing configuration for axi_crossbar_addr instance tb_soc_uart_image_batch.dut.dma_iommu_inst.crossbar_inst.axi_crossbar_rd_inst.s_ifaces[1].addr_inst
 0 ( 0): 00000000 / 32 -- 00000000-ffffffff
Addressing configuration for axi_crossbar_addr instance tb_soc_uart_image_batch.dut.system_axi_crossbar.axi_crossbar_wr_inst.s_ifaces[0].addr_inst
 0 ( 0): 00000000 / 32 -- 00000000-ffffffff
Addressing configuration for axi_crossbar_addr instance tb_soc_uart_image_batch.dut.system_axi_crossbar.axi_crossbar_wr_inst.s_ifaces[1].addr_inst
 0 ( 0): 00000000 / 32 -- 00000000-ffffffff
Addressing configuration for axi_crossbar_addr instance tb_soc_uart_image_batch.dut.system_axi_crossbar.axi_crossbar_rd_inst.s_ifaces[0].addr_inst
 0 ( 0): 00000000 / 32 -- 00000000-ffffffff
Addressing configuration for axi_crossbar_addr instance tb_soc_uart_image_batch.dut.system_axi_crossbar.axi_crossbar_rd_inst.s_ifaces[1].addr_inst
 0 ( 0): 00000000 / 32 -- 00000000-ffffffff
Addressing configuration for axi_crossbar_addr instance tb_soc_uart_image_batch.dut.g_bram_ddr3.memory_subsystem_inst.memory_decode_inst.axi_crossbar_wr_inst.s_ifaces[0].addr_inst
 0 ( 0): 00000000 / 18 -- 00000000-0003ffff
 1 ( 0): 80000000 / 30 -- 80000000-bfffffff
Addressing configuration for axi_crossbar_addr instance tb_soc_uart_image_batch.dut.g_bram_ddr3.memory_subsystem_inst.memory_decode_inst.axi_crossbar_rd_inst.s_ifaces[0].addr_inst
 0 ( 0): 00000000 / 18 -- 00000000-0003ffff
 1 ( 0): 80000000 / 30 -- 80000000-bfffffff
MULTI-IMAGE UART/DMA/SYSTOLIC SOC TEST PASSED
$finish called at time : 15971283618 ps : File "D:/DMA_MMU-main(1)/testbench/tb_soc_uart_image_batch.sv" Line 554
exit 0
INFO: xsimkernel Simulation Memory Usage: 36892 KB (Peak: 36892 KB), Simulation CPU Usage: 26390 ms
INFO: [Common 17-206] Exiting xsim at Tue Aug 18 15:09:36 2026...
