Copyright 1986-2022 Xilinx, Inc. All Rights Reserved. Copyright 2022-2025 Advanced Micro Devices, Inc. All Rights Reserved.
-----------------------------------------------------------------------------------------------------------------------------------------------------------------------------------
| Tool Version : Vivado v.2025.1 (win64) Build 6140274 Thu May 22 00:12:29 MDT 2025
| Date         : Thu Aug  6 17:36:11 2026
| Host         : LAPTOP-QB9V6NGP running 64-bit major release  (build 9200)
| Command      : report_timing_summary -delay_type min_max -report_unconstrained -check_timing_verbose -file C:/rtl/rtl/Project_Vivado/reports/vc707_systolic_image_dma/timing.rpt
| Design       : dma_mmu_picorv32_vc707_top
| Device       : 7vx485t-ffg1761
| Speed File   : -2  PRODUCTION 1.12 2014-09-11
| Design State : Routed
-----------------------------------------------------------------------------------------------------------------------------------------------------------------------------------

Timing Summary Report

------------------------------------------------------------------------------------------------
| Timer Settings
| --------------
------------------------------------------------------------------------------------------------

  Enable Multi Corner Analysis               :  Yes
  Enable Pessimism Removal                   :  Yes
  Pessimism Removal Resolution               :  Nearest Common Node
  Enable Input Delay Default Clock           :  No
  Enable Preset / Clear Arcs                 :  No
  Disable Flight Delays                      :  No
  Ignore I/O Paths                           :  No
  Timing Early Launch at Borrowing Latches   :  No
  Borrow Time for Max Delay Exceptions       :  Yes
  Merge Timing Exceptions                    :  Yes
  Inter-SLR Compensation                     :  Conservative

  Corner  Analyze    Analyze    
  Name    Max Paths  Min Paths  
  ------  ---------  ---------  
  Slow    Yes        Yes        
  Fast    Yes        Yes        


------------------------------------------------------------------------------------------------
| Report Methodology
| ------------------
------------------------------------------------------------------------------------------------

Rule      Severity  Description                          Violations  
--------  --------  -----------------------------------  ----------  
DPIR-1    Warning   Asynchronous driver check            576         
LUTAR-1   Warning   LUT drives async reset alert         1           
SYNTH-15  Warning   Byte wide write enable not inferred  64          

Note: This report is based on the most recent report_methodology run and may not be up-to-date. Run report_methodology on the current design for the latest report.



check_timing report

Table of Contents
-----------------
1. checking no_clock (0)
2. checking constant_clock (0)
3. checking pulse_width_clock (0)
4. checking unconstrained_internal_endpoints (0)
5. checking no_input_delay (2)
6. checking no_output_delay (4)
7. checking multiple_clock (0)
8. checking generated_clocks (0)
9. checking loops (0)
10. checking partial_input_delay (0)
11. checking partial_output_delay (0)
12. checking latch_loops (0)

1. checking no_clock (0)
------------------------
 There are 0 register/latch pins with no clock.


2. checking constant_clock (0)
------------------------------
 There are 0 register/latch pins with constant_clock.


3. checking pulse_width_clock (0)
---------------------------------
 There are 0 register/latch pins which need pulse_width check


4. checking unconstrained_internal_endpoints (0)
------------------------------------------------
 There are 0 pins that are not constrained for maximum delay.

 There are 0 pins that are not constrained for maximum delay due to constant clock.


5. checking no_input_delay (2)
------------------------------
 There are 0 input ports with no input delay specified.

 There are 2 input ports with no input delay but user has a false path constraint. (MEDIUM)

cpu_reset
uart_rx_i


6. checking no_output_delay (4)
-------------------------------
 There are 0 ports with no output delay specified.

 There are 4 ports with no output delay but user has a false path constraint (MEDIUM)

led_o[1]
led_o[2]
led_o[3]
uart_tx_o

 There are 0 ports with no output delay but with a timing clock defined on it or propagating through it


7. checking multiple_clock (0)
------------------------------
 There are 0 register/latch pins with multiple clocks.


8. checking generated_clocks (0)
--------------------------------
 There are 0 generated clocks that are not connected to a clock source.


9. checking loops (0)
---------------------
 There are 0 combinational loops in the design.


10. checking partial_input_delay (0)
------------------------------------
 There are 0 input ports with partial input delay specified.


11. checking partial_output_delay (0)
-------------------------------------
 There are 0 ports with partial output delay specified.


12. checking latch_loops (0)
----------------------------
 There are 0 combinational latch loops in the design through latch input



------------------------------------------------------------------------------------------------
| Design Timing Summary
| ---------------------
------------------------------------------------------------------------------------------------

    WNS(ns)      TNS(ns)  TNS Failing Endpoints  TNS Total Endpoints      WHS(ns)      THS(ns)  THS Failing Endpoints  THS Total Endpoints     WPWS(ns)     TPWS(ns)  TPWS Failing Endpoints  TPWS Total Endpoints  
    -------      -------  ---------------------  -------------------      -------      -------  ---------------------  -------------------     --------     --------  ----------------------  --------------------  
      0.239        0.000                      0                26539        0.057        0.000                      0                26539        1.100        0.000                       0                  8888  


All user specified timing constraints are met.


------------------------------------------------------------------------------------------------
| Clock Summary
| -------------
------------------------------------------------------------------------------------------------

Clock                Waveform(ns)         Period(ns)      Frequency(MHz)
-----                ------------         ----------      --------------
vc707_sysclk_200     {0.000 2.500}        5.000           200.000         
  mmcm_clk150_unbuf  {0.000 3.333}        6.667           150.000         
  mmcm_clkfb_unbuf   {0.000 2.500}        5.000           200.000         


------------------------------------------------------------------------------------------------
| Intra Clock Table
| -----------------
------------------------------------------------------------------------------------------------

Clock                    WNS(ns)      TNS(ns)  TNS Failing Endpoints  TNS Total Endpoints      WHS(ns)      THS(ns)  THS Failing Endpoints  THS Total Endpoints     WPWS(ns)     TPWS(ns)  TPWS Failing Endpoints  TPWS Total Endpoints  
-----                    -------      -------  ---------------------  -------------------      -------      -------  ---------------------  -------------------     --------     --------  ----------------------  --------------------  
vc707_sysclk_200                                                                                                                                                       1.100        0.000                       0                     1  
  mmcm_clk150_unbuf        0.368        0.000                      0                21261        0.057        0.000                      0                21261        2.565        0.000                       0                  8884  
  mmcm_clkfb_unbuf                                                                                                                                                     3.592        0.000                       0                     3  


------------------------------------------------------------------------------------------------
| Inter Clock Table
| -----------------
------------------------------------------------------------------------------------------------

From Clock    To Clock          WNS(ns)      TNS(ns)  TNS Failing Endpoints  TNS Total Endpoints      WHS(ns)      THS(ns)  THS Failing Endpoints  THS Total Endpoints  
----------    --------          -------      -------  ---------------------  -------------------      -------      -------  ---------------------  -------------------  


------------------------------------------------------------------------------------------------
| Other Path Groups Table
| -----------------------
------------------------------------------------------------------------------------------------

Path Group         From Clock         To Clock               WNS(ns)      TNS(ns)  TNS Failing Endpoints  TNS Total Endpoints      WHS(ns)      THS(ns)  THS Failing Endpoints  THS Total Endpoints  
----------         ----------         --------               -------      -------  ---------------------  -------------------      -------      -------  ---------------------  -------------------  
**async_default**  mmcm_clk150_unbuf  mmcm_clk150_unbuf        0.239        0.000                      0                 5278        0.325        0.000                      0                 5278  


------------------------------------------------------------------------------------------------
| User Ignored Path Table
| -----------------------
------------------------------------------------------------------------------------------------

Path Group         From Clock         To Clock         
----------         ----------         --------         
(none)                                                   
(none)             mmcm_clk150_unbuf                     
(none)                                mmcm_clk150_unbuf  


------------------------------------------------------------------------------------------------
| Unconstrained Path Table
| ------------------------
------------------------------------------------------------------------------------------------

Path Group         From Clock         To Clock         
----------         ----------         --------         
(none)                                mmcm_clk150_unbuf  


------------------------------------------------------------------------------------------------
| Timing Details
| --------------
------------------------------------------------------------------------------------------------


---------------------------------------------------------------------------------------------------
From Clock:  vc707_sysclk_200
  To Clock:  vc707_sysclk_200

Setup :           NA  Failing Endpoints,  Worst Slack           NA  ,  Total Violation           NA
Hold  :           NA  Failing Endpoints,  Worst Slack           NA  ,  Total Violation           NA
PW    :            0  Failing Endpoints,  Worst Slack        1.100ns,  Total Violation        0.000ns
---------------------------------------------------------------------------------------------------


Pulse Width Checks
--------------------------------------------------------------------------------------
Clock Name:         vc707_sysclk_200
Waveform(ns):       { 0.000 2.500 }
Period(ns):         5.000
Sources:            { sys_clk_p }

Check Type        Corner  Lib Pin            Reference Pin  Required(ns)  Actual(ns)  Slack(ns)  Location         Pin
Min Period        n/a     MMCME2_ADV/CLKIN1  n/a            1.071         5.000       3.929      MMCME2_ADV_X1Y5  sysclk_mmcm_inst/CLKIN1
Max Period        n/a     MMCME2_ADV/CLKIN1  n/a            100.000       5.000       95.000     MMCME2_ADV_X1Y5  sysclk_mmcm_inst/CLKIN1
Low Pulse Width   Slow    MMCME2_ADV/CLKIN1  n/a            1.400         2.500       1.100      MMCME2_ADV_X1Y5  sysclk_mmcm_inst/CLKIN1
High Pulse Width  Slow    MMCME2_ADV/CLKIN1  n/a            1.400         2.500       1.100      MMCME2_ADV_X1Y5  sysclk_mmcm_inst/CLKIN1



---------------------------------------------------------------------------------------------------
From Clock:  mmcm_clk150_unbuf
  To Clock:  mmcm_clk150_unbuf

Setup :            0  Failing Endpoints,  Worst Slack        0.368ns,  Total Violation        0.000ns
Hold  :            0  Failing Endpoints,  Worst Slack        0.057ns,  Total Violation        0.000ns
PW    :            0  Failing Endpoints,  Worst Slack        2.565ns,  Total Violation        0.000ns
---------------------------------------------------------------------------------------------------


Max Delay Paths
--------------------------------------------------------------------------------------
Slack (MET) :             0.368ns  (required time - arrival time)
  Source:                 reset_pipe_reg[2]/C
                            (rising edge-triggered cell FDPE clocked by mmcm_clk150_unbuf  {rise@0.000ns fall@3.333ns period=6.667ns})
  Destination:            soc_inst/system_axi_crossbar/axi_crossbar_rd_inst/m_ifaces[0].trans_count_reg_reg[0]/R
                            (rising edge-triggered cell FDRE clocked by mmcm_clk150_unbuf  {rise@0.000ns fall@3.333ns period=6.667ns})
  Path Group:             mmcm_clk150_unbuf
  Path Type:              Setup (Max at Slow Process Corner)
  Requirement:            6.667ns  (mmcm_clk150_unbuf rise@6.667ns - mmcm_clk150_unbuf rise@0.000ns)
  Data Path Delay:        5.916ns  (logic 0.223ns (3.770%)  route 5.693ns (96.230%))
  Logic Levels:           0  
  Clock Path Skew:        -0.018ns (DCD - SCD + CPR)
    Destination Clock Delay (DCD):    -1.248ns = ( 5.419 - 6.667 ) 
    Source Clock Delay      (SCD):    -1.951ns
    Clock Pessimism Removal (CPR):    -0.721ns
  Clock Uncertainty:      0.061ns  ((TSJ^2 + DJ^2)^1/2) / 2 + PE
    Total System Jitter     (TSJ):    0.071ns
    Discrete Jitter          (DJ):    0.099ns
    Phase Error              (PE):    0.000ns

    Location             Delay type                Incr(ns)  Path(ns)    Netlist Resource(s)
  -------------------------------------------------------------------    -------------------
                         (clock mmcm_clk150_unbuf rise edge)
                                                      0.000     0.000 r  
    E19                                               0.000     0.000 r  sys_clk_p (IN)
                         net (fo=0)                   0.000     0.000    sys_clk_p
    E19                  IBUFDS (Prop_ibufds_I_O)     0.954     0.954 r  sysclk_ibufds_inst/O
                         net (fo=1, routed)           1.081     2.035    clk_200mhz
    MMCME2_ADV_X1Y5      MMCME2_ADV (Prop_mmcme2_adv_CLKIN1_CLKOUT0)
                                                     -7.309    -5.274 r  sysclk_mmcm_inst/CLKOUT0
                         net (fo=1, routed)           1.697    -3.577    mmcm_clk150_unbuf
    BUFGCTRL_X0Y16       BUFG (Prop_bufg_I_O)         0.093    -3.484 r  soc_clock_bufg_inst/O
                         net (fo=8882, routed)        1.533    -1.951    clk_150mhz
    SLICE_X45Y122        FDPE                                         r  reset_pipe_reg[2]/C
  -------------------------------------------------------------------    -------------------
    SLICE_X45Y122        FDPE (Prop_fdpe_C_Q)         0.223    -1.728 r  reset_pipe_reg[2]/Q
                         net (fo=5883, routed)        5.693     3.964    soc_inst/system_axi_crossbar/axi_crossbar_rd_inst/Q[0]
    SLICE_X57Y65         FDRE                                         r  soc_inst/system_axi_crossbar/axi_crossbar_rd_inst/m_ifaces[0].trans_count_reg_reg[0]/R
  -------------------------------------------------------------------    -------------------

                         (clock mmcm_clk150_unbuf rise edge)
                                                      6.667     6.667 r  
    E19                                               0.000     6.667 r  sys_clk_p (IN)
                         net (fo=0)                   0.000     6.667    sys_clk_p
    E19                  IBUFDS (Prop_ibufds_I_O)     0.851     7.518 r  sysclk_ibufds_inst/O
                         net (fo=1, routed)           0.986     8.504    clk_200mhz
    MMCME2_ADV_X1Y5      MMCME2_ADV (Prop_mmcme2_adv_CLKIN1_CLKOUT0)
                                                     -6.234     2.270 r  sysclk_mmcm_inst/CLKOUT0
                         net (fo=1, routed)           1.566     3.836    mmcm_clk150_unbuf
    BUFGCTRL_X0Y16       BUFG (Prop_bufg_I_O)         0.083     3.919 r  soc_clock_bufg_inst/O
                         net (fo=8882, routed)        1.500     5.419    soc_inst/system_axi_crossbar/axi_crossbar_rd_inst/clk_150mhz
    SLICE_X57Y65         FDRE                                         r  soc_inst/system_axi_crossbar/axi_crossbar_rd_inst/m_ifaces[0].trans_count_reg_reg[0]/C
                         clock pessimism             -0.721     4.697    
                         clock uncertainty           -0.061     4.636    
    SLICE_X57Y65         FDRE (Setup_fdre_C_R)       -0.304     4.332    soc_inst/system_axi_crossbar/axi_crossbar_rd_inst/m_ifaces[0].trans_count_reg_reg[0]
  -------------------------------------------------------------------
                         required time                          4.332    
                         arrival time                          -3.964    
  -------------------------------------------------------------------
                         slack                                  0.368    





Min Delay Paths
--------------------------------------------------------------------------------------
Slack (MET) :             0.057ns  (arrival time - required time)
  Source:                 soc_inst/dma_iommu_inst/crossbar_inst/axi_crossbar_rd_inst/s_ifaces[1].reg_inst/s_axi_rdata_reg_reg[6]/C
                            (rising edge-triggered cell FDRE clocked by mmcm_clk150_unbuf  {rise@0.000ns fall@3.333ns period=6.667ns})
  Destination:            soc_inst/dma_iommu_inst/dma_rd_inst/out_fifo_tdata_reg_0_31_6_11/RAMA/I
                            (rising edge-triggered cell RAMD32 clocked by mmcm_clk150_unbuf  {rise@0.000ns fall@3.333ns period=6.667ns})
  Path Group:             mmcm_clk150_unbuf
  Path Type:              Hold (Min at Fast Process Corner)
  Requirement:            0.000ns  (mmcm_clk150_unbuf rise@0.000ns - mmcm_clk150_unbuf rise@0.000ns)
  Data Path Delay:        0.201ns  (logic 0.100ns (49.633%)  route 0.101ns (50.367%))
  Logic Levels:           0  
  Clock Path Skew:        0.013ns (DCD - SCD - CPR)
    Destination Clock Delay (DCD):    -0.350ns
    Source Clock Delay      (SCD):    -0.351ns
    Clock Pessimism Removal (CPR):    -0.012ns

    Location             Delay type                Incr(ns)  Path(ns)    Netlist Resource(s)
  -------------------------------------------------------------------    -------------------
                         (clock mmcm_clk150_unbuf rise edge)
                                                      0.000     0.000 r  
    E19                                               0.000     0.000 r  sys_clk_p (IN)
                         net (fo=0)                   0.000     0.000    sys_clk_p
    E19                  IBUFDS (Prop_ibufds_I_O)     0.436     0.436 r  sysclk_ibufds_inst/O
                         net (fo=1, routed)           0.503     0.939    clk_200mhz
    MMCME2_ADV_X1Y5      MMCME2_ADV (Prop_mmcme2_adv_CLKIN1_CLKOUT0)
                                                     -2.859    -1.920 r  sysclk_mmcm_inst/CLKOUT0
                         net (fo=1, routed)           0.769    -1.151    mmcm_clk150_unbuf
    BUFGCTRL_X0Y16       BUFG (Prop_bufg_I_O)         0.026    -1.125 r  soc_clock_bufg_inst/O
                         net (fo=8882, routed)        0.774    -0.351    soc_inst/dma_iommu_inst/crossbar_inst/axi_crossbar_rd_inst/s_ifaces[1].reg_inst/clk_150mhz
    SLICE_X35Y69         FDRE                                         r  soc_inst/dma_iommu_inst/crossbar_inst/axi_crossbar_rd_inst/s_ifaces[1].reg_inst/s_axi_rdata_reg_reg[6]/C
  -------------------------------------------------------------------    -------------------
    SLICE_X35Y69         FDRE (Prop_fdre_C_Q)         0.100    -0.251 r  soc_inst/dma_iommu_inst/crossbar_inst/axi_crossbar_rd_inst/s_ifaces[1].reg_inst/s_axi_rdata_reg_reg[6]/Q
                         net (fo=1, routed)           0.101    -0.149    soc_inst/dma_iommu_inst/dma_rd_inst/out_fifo_tdata_reg_0_31_6_11/DIA0
    SLICE_X34Y68         RAMD32                                       r  soc_inst/dma_iommu_inst/dma_rd_inst/out_fifo_tdata_reg_0_31_6_11/RAMA/I
  -------------------------------------------------------------------    -------------------

                         (clock mmcm_clk150_unbuf rise edge)
                                                      0.000     0.000 r  
    E19                                               0.000     0.000 r  sys_clk_p (IN)
                         net (fo=0)                   0.000     0.000    sys_clk_p
    E19                  IBUFDS (Prop_ibufds_I_O)     0.518     0.518 r  sysclk_ibufds_inst/O
                         net (fo=1, routed)           0.553     1.071    clk_200mhz
    MMCME2_ADV_X1Y5      MMCME2_ADV (Prop_mmcme2_adv_CLKIN1_CLKOUT0)
                                                     -3.301    -2.230 r  sysclk_mmcm_inst/CLKOUT0
                         net (fo=1, routed)           0.834    -1.396    mmcm_clk150_unbuf
    BUFGCTRL_X0Y16       BUFG (Prop_bufg_I_O)         0.030    -1.366 r  soc_clock_bufg_inst/O
                         net (fo=8882, routed)        1.016    -0.350    soc_inst/dma_iommu_inst/dma_rd_inst/out_fifo_tdata_reg_0_31_6_11/WCLK
    SLICE_X34Y68         RAMD32                                       r  soc_inst/dma_iommu_inst/dma_rd_inst/out_fifo_tdata_reg_0_31_6_11/RAMA/CLK
                         clock pessimism              0.012    -0.338    
    SLICE_X34Y68         RAMD32 (Hold_ramd32_CLK_I)
                                                      0.131    -0.207    soc_inst/dma_iommu_inst/dma_rd_inst/out_fifo_tdata_reg_0_31_6_11/RAMA
  -------------------------------------------------------------------
                         required time                          0.207    
                         arrival time                          -0.149    
  -------------------------------------------------------------------
                         slack                                  0.057    





Pulse Width Checks
--------------------------------------------------------------------------------------
Clock Name:         mmcm_clk150_unbuf
Waveform(ns):       { 0.000 3.333 }
Period(ns):         6.667
Sources:            { sysclk_mmcm_inst/CLKOUT0 }

Check Type        Corner  Lib Pin             Reference Pin  Required(ns)  Actual(ns)  Slack(ns)  Location         Pin
Min Period        n/a     RAMB36E1/CLKARDCLK  n/a            2.340         6.667       4.327      RAMB36_X1Y14     soc_inst/system_ram_inst/mem_reg_0_0_0/CLKARDCLK
Max Period        n/a     MMCME2_ADV/CLKOUT0  n/a            213.360       6.667       206.693    MMCME2_ADV_X1Y5  sysclk_mmcm_inst/CLKOUT0
Low Pulse Width   Slow    RAMD64E/CLK         n/a            0.768         3.333       2.565      SLICE_X20Y109    soc_inst/cpu_inst/picorv32_core/cpuregs_reg_r1_0_63_0_2/RAMA/CLK
High Pulse Width  Slow    RAMD64E/CLK         n/a            0.768         3.333       2.565      SLICE_X20Y109    soc_inst/cpu_inst/picorv32_core/cpuregs_reg_r1_0_63_0_2/RAMA/CLK



---------------------------------------------------------------------------------------------------
From Clock:  mmcm_clkfb_unbuf
  To Clock:  mmcm_clkfb_unbuf

Setup :           NA  Failing Endpoints,  Worst Slack           NA  ,  Total Violation           NA
Hold  :           NA  Failing Endpoints,  Worst Slack           NA  ,  Total Violation           NA
PW    :            0  Failing Endpoints,  Worst Slack        3.592ns,  Total Violation        0.000ns
---------------------------------------------------------------------------------------------------


Pulse Width Checks
--------------------------------------------------------------------------------------
Clock Name:         mmcm_clkfb_unbuf
Waveform(ns):       { 0.000 2.500 }
Period(ns):         5.000
Sources:            { sysclk_mmcm_inst/CLKFBOUT }

Check Type  Corner  Lib Pin             Reference Pin  Required(ns)  Actual(ns)  Slack(ns)  Location         Pin
Min Period  n/a     BUFG/I              n/a            1.408         5.000       3.591      BUFGCTRL_X0Y17   mmcm_feedback_bufg_inst/I
Max Period  n/a     MMCME2_ADV/CLKFBIN  n/a            100.000       5.000       95.000     MMCME2_ADV_X1Y5  sysclk_mmcm_inst/CLKFBIN



---------------------------------------------------------------------------------------------------
Path Group:  **async_default**
From Clock:  mmcm_clk150_unbuf
  To Clock:  mmcm_clk150_unbuf

Setup :            0  Failing Endpoints,  Worst Slack        0.239ns,  Total Violation        0.000ns
Hold  :            0  Failing Endpoints,  Worst Slack        0.325ns,  Total Violation        0.000ns
---------------------------------------------------------------------------------------------------


Max Delay Paths
--------------------------------------------------------------------------------------
Slack (MET) :             0.239ns  (required time - arrival time)
  Source:                 reset_pipe_reg[2]/C
                            (rising edge-triggered cell FDPE clocked by mmcm_clk150_unbuf  {rise@0.000ns fall@3.333ns period=6.667ns})
  Destination:            soc_inst/systolic_accel_inst/core_inst/b_pipe_q_reg[0][1][4]/CLR
                            (recovery check against rising-edge clock mmcm_clk150_unbuf  {rise@0.000ns fall@3.333ns period=6.667ns})
  Path Group:             **async_default**
  Path Type:              Recovery (Max at Slow Process Corner)
  Requirement:            6.667ns  (mmcm_clk150_unbuf rise@6.667ns - mmcm_clk150_unbuf rise@0.000ns)
  Data Path Delay:        6.283ns  (logic 0.223ns (3.549%)  route 6.060ns (96.451%))
  Logic Levels:           0  
  Clock Path Skew:        0.128ns (DCD - SCD + CPR)
    Destination Clock Delay (DCD):    -1.102ns = ( 5.565 - 6.667 ) 
    Source Clock Delay      (SCD):    -1.951ns
    Clock Pessimism Removal (CPR):    -0.721ns
  Clock Uncertainty:      0.061ns  ((TSJ^2 + DJ^2)^1/2) / 2 + PE
    Total System Jitter     (TSJ):    0.071ns
    Discrete Jitter          (DJ):    0.099ns
    Phase Error              (PE):    0.000ns

    Location             Delay type                Incr(ns)  Path(ns)    Netlist Resource(s)
  -------------------------------------------------------------------    -------------------
                         (clock mmcm_clk150_unbuf rise edge)
                                                      0.000     0.000 r  
    E19                                               0.000     0.000 r  sys_clk_p (IN)
                         net (fo=0)                   0.000     0.000    sys_clk_p
    E19                  IBUFDS (Prop_ibufds_I_O)     0.954     0.954 r  sysclk_ibufds_inst/O
                         net (fo=1, routed)           1.081     2.035    clk_200mhz
    MMCME2_ADV_X1Y5      MMCME2_ADV (Prop_mmcme2_adv_CLKIN1_CLKOUT0)
                                                     -7.309    -5.274 r  sysclk_mmcm_inst/CLKOUT0
                         net (fo=1, routed)           1.697    -3.577    mmcm_clk150_unbuf
    BUFGCTRL_X0Y16       BUFG (Prop_bufg_I_O)         0.093    -3.484 r  soc_clock_bufg_inst/O
                         net (fo=8882, routed)        1.533    -1.951    clk_150mhz
    SLICE_X45Y122        FDPE                                         r  reset_pipe_reg[2]/C
  -------------------------------------------------------------------    -------------------
    SLICE_X45Y122        FDPE (Prop_fdpe_C_Q)         0.223    -1.728 f  reset_pipe_reg[2]/Q
                         net (fo=5883, routed)        6.060     4.332    soc_inst/systolic_accel_inst/core_inst/cycle_count_o_reg[7]_0[0]
    SLICE_X35Y50         FDCE                                         f  soc_inst/systolic_accel_inst/core_inst/b_pipe_q_reg[0][1][4]/CLR
  -------------------------------------------------------------------    -------------------

                         (clock mmcm_clk150_unbuf rise edge)
                                                      6.667     6.667 r  
    E19                                               0.000     6.667 r  sys_clk_p (IN)
                         net (fo=0)                   0.000     6.667    sys_clk_p
    E19                  IBUFDS (Prop_ibufds_I_O)     0.851     7.518 r  sysclk_ibufds_inst/O
                         net (fo=1, routed)           0.986     8.504    clk_200mhz
    MMCME2_ADV_X1Y5      MMCME2_ADV (Prop_mmcme2_adv_CLKIN1_CLKOUT0)
                                                     -6.234     2.270 r  sysclk_mmcm_inst/CLKOUT0
                         net (fo=1, routed)           1.566     3.836    mmcm_clk150_unbuf
    BUFGCTRL_X0Y16       BUFG (Prop_bufg_I_O)         0.083     3.919 r  soc_clock_bufg_inst/O
                         net (fo=8882, routed)        1.646     5.565    soc_inst/systolic_accel_inst/core_inst/clk_150mhz
    SLICE_X35Y50         FDCE                                         r  soc_inst/systolic_accel_inst/core_inst/b_pipe_q_reg[0][1][4]/C
                         clock pessimism             -0.721     4.843    
                         clock uncertainty           -0.061     4.782    
    SLICE_X35Y50         FDCE (Recov_fdce_C_CLR)     -0.212     4.570    soc_inst/systolic_accel_inst/core_inst/b_pipe_q_reg[0][1][4]
  -------------------------------------------------------------------
                         required time                          4.570    
                         arrival time                          -4.332    
  -------------------------------------------------------------------
                         slack                                  0.239    





Min Delay Paths
--------------------------------------------------------------------------------------
Slack (MET) :             0.325ns  (arrival time - required time)
  Source:                 reset_pipe_reg[2]/C
                            (rising edge-triggered cell FDPE clocked by mmcm_clk150_unbuf  {rise@0.000ns fall@3.333ns period=6.667ns})
  Destination:            soc_inst/cpu_mmu_inst/pt_vpn_q_reg[14][13]/CLR
                            (removal check against rising-edge clock mmcm_clk150_unbuf  {rise@0.000ns fall@3.333ns period=6.667ns})
  Path Group:             **async_default**
  Path Type:              Removal (Min at Fast Process Corner)
  Requirement:            0.000ns  (mmcm_clk150_unbuf rise@0.000ns - mmcm_clk150_unbuf rise@0.000ns)
  Data Path Delay:        0.269ns  (logic 0.100ns (37.215%)  route 0.169ns (62.785%))
  Logic Levels:           0  
  Clock Path Skew:        0.013ns (DCD - SCD - CPR)
    Destination Clock Delay (DCD):    -0.465ns
    Source Clock Delay      (SCD):    -0.445ns
    Clock Pessimism Removal (CPR):    -0.033ns

    Location             Delay type                Incr(ns)  Path(ns)    Netlist Resource(s)
  -------------------------------------------------------------------    -------------------
                         (clock mmcm_clk150_unbuf rise edge)
                                                      0.000     0.000 r  
    E19                                               0.000     0.000 r  sys_clk_p (IN)
                         net (fo=0)                   0.000     0.000    sys_clk_p
    E19                  IBUFDS (Prop_ibufds_I_O)     0.436     0.436 r  sysclk_ibufds_inst/O
                         net (fo=1, routed)           0.503     0.939    clk_200mhz
    MMCME2_ADV_X1Y5      MMCME2_ADV (Prop_mmcme2_adv_CLKIN1_CLKOUT0)
                                                     -2.859    -1.920 r  sysclk_mmcm_inst/CLKOUT0
                         net (fo=1, routed)           0.769    -1.151    mmcm_clk150_unbuf
    BUFGCTRL_X0Y16       BUFG (Prop_bufg_I_O)         0.026    -1.125 r  soc_clock_bufg_inst/O
                         net (fo=8882, routed)        0.680    -0.445    clk_150mhz
    SLICE_X45Y122        FDPE                                         r  reset_pipe_reg[2]/C
  -------------------------------------------------------------------    -------------------
    SLICE_X45Y122        FDPE (Prop_fdpe_C_Q)         0.100    -0.345 f  reset_pipe_reg[2]/Q
                         net (fo=5883, routed)        0.169    -0.176    soc_inst/cpu_mmu_inst/plru_tree_q_reg[2][0]
    SLICE_X45Y121        FDCE                                         f  soc_inst/cpu_mmu_inst/pt_vpn_q_reg[14][13]/CLR
  -------------------------------------------------------------------    -------------------

                         (clock mmcm_clk150_unbuf rise edge)
                                                      0.000     0.000 r  
    E19                                               0.000     0.000 r  sys_clk_p (IN)
                         net (fo=0)                   0.000     0.000    sys_clk_p
    E19                  IBUFDS (Prop_ibufds_I_O)     0.518     0.518 r  sysclk_ibufds_inst/O
                         net (fo=1, routed)           0.553     1.071    clk_200mhz
    MMCME2_ADV_X1Y5      MMCME2_ADV (Prop_mmcme2_adv_CLKIN1_CLKOUT0)
                                                     -3.301    -2.230 r  sysclk_mmcm_inst/CLKOUT0
                         net (fo=1, routed)           0.834    -1.396    mmcm_clk150_unbuf
    BUFGCTRL_X0Y16       BUFG (Prop_bufg_I_O)         0.030    -1.366 r  soc_clock_bufg_inst/O
                         net (fo=8882, routed)        0.901    -0.465    soc_inst/cpu_mmu_inst/clk_150mhz
    SLICE_X45Y121        FDCE                                         r  soc_inst/cpu_mmu_inst/pt_vpn_q_reg[14][13]/C
                         clock pessimism              0.033    -0.432    
    SLICE_X45Y121        FDCE (Remov_fdce_C_CLR)     -0.069    -0.501    soc_inst/cpu_mmu_inst/pt_vpn_q_reg[14][13]
  -------------------------------------------------------------------
                         required time                          0.501    
                         arrival time                          -0.176    
  -------------------------------------------------------------------
                         slack                                  0.325    





--------------------------------------------------------------------------------------
Path Group:  (none)
From Clock:  
  To Clock:  

Max Delay             1 Endpoint
Min Delay             1 Endpoint
--------------------------------------------------------------------------------------


Max Delay Paths
--------------------------------------------------------------------------------------
Slack:                    inf
  Source:                 sysclk_mmcm_inst/LOCKED
                            (internal pin)
  Destination:            led_o[0]
                            (output port)
  Path Group:             (none)
  Path Type:              Max at Slow Process Corner
  Data Path Delay:        7.060ns  (logic 2.090ns (29.598%)  route 4.970ns (70.402%))
  Logic Levels:           1  (OBUF=1)
  Timing Exception:       False Path

    Location             Delay type                Incr(ns)  Path(ns)    Netlist Resource(s)
  -------------------------------------------------------------------    -------------------
    MMCME2_ADV_X1Y5      MMCME2_ADV                   0.000     0.000 r  sysclk_mmcm_inst/LOCKED
                         net (fo=2, routed)           4.970     4.970    led_o_OBUF[0]
    AM39                 OBUF (Prop_obuf_I_O)         2.090     7.060 r  led_o_OBUF[0]_inst/O
                         net (fo=0)                   0.000     7.060    led_o[0]
    AM39                                                              r  led_o[0] (OUT)
  -------------------------------------------------------------------    -------------------





Min Delay Paths
--------------------------------------------------------------------------------------
Slack:                    inf
  Source:                 sysclk_mmcm_inst/LOCKED
                            (internal pin)
  Destination:            led_o[0]
                            (output port)
  Path Group:             (none)
  Path Type:              Min at Fast Process Corner
  Data Path Delay:        3.620ns  (logic 1.182ns (32.646%)  route 2.438ns (67.354%))
  Logic Levels:           1  (OBUF=1)
  Timing Exception:       False Path

    Location             Delay type                Incr(ns)  Path(ns)    Netlist Resource(s)
  -------------------------------------------------------------------    -------------------
    MMCME2_ADV_X1Y5      MMCME2_ADV                   0.000     0.000 r  sysclk_mmcm_inst/LOCKED
                         net (fo=2, routed)           2.438     2.438    led_o_OBUF[0]
    AM39                 OBUF (Prop_obuf_I_O)         1.182     3.620 r  led_o_OBUF[0]_inst/O
                         net (fo=0)                   0.000     3.620    led_o[0]
    AM39                                                              r  led_o[0] (OUT)
  -------------------------------------------------------------------    -------------------





--------------------------------------------------------------------------------------
Path Group:  (none)
From Clock:  mmcm_clk150_unbuf
  To Clock:  

Max Delay             4 Endpoints
Min Delay             4 Endpoints
--------------------------------------------------------------------------------------


Max Delay Paths
--------------------------------------------------------------------------------------
Slack:                    inf
  Source:                 soc_inst/uart_inst/uart_engine/rx_valid_o_reg/C
                            (rising edge-triggered cell FDCE clocked by mmcm_clk150_unbuf  {rise@0.000ns fall@3.333ns period=6.667ns})
  Destination:            led_o[3]
                            (output port)
  Path Group:             (none)
  Path Type:              Max at Slow Process Corner
  Data Path Delay:        6.480ns  (logic 2.518ns (38.866%)  route 3.961ns (61.134%))
  Logic Levels:           2  (LUT2=1 OBUF=1)
  Clock Uncertainty:      0.161ns  ((TSJ^2 + DJ^2)^1/2) / 2 + PE
    Total System Jitter     (TSJ):    0.050ns
    Discrete Jitter          (DJ):    0.099ns
    Phase Error              (PE):    0.106ns
  Timing Exception:       False Path

    Location             Delay type                Incr(ns)  Path(ns)    Netlist Resource(s)
  -------------------------------------------------------------------    -------------------
                         (clock mmcm_clk150_unbuf rise edge)
                                                      0.000     0.000 r  
    E19                                               0.000     0.000 r  sys_clk_p (IN)
                         net (fo=0)                   0.000     0.000    sys_clk_p
    E19                  IBUFDS (Prop_ibufds_I_O)     0.954     0.954 r  sysclk_ibufds_inst/O
                         net (fo=1, routed)           1.081     2.035    clk_200mhz
    MMCME2_ADV_X1Y5      MMCME2_ADV (Prop_mmcme2_adv_CLKIN1_CLKOUT0)
                                                     -7.309    -5.274 r  sysclk_mmcm_inst/CLKOUT0
                         net (fo=1, routed)           1.697    -3.577    mmcm_clk150_unbuf
    BUFGCTRL_X0Y16       BUFG (Prop_bufg_I_O)         0.093    -3.484 r  soc_clock_bufg_inst/O
                         net (fo=8882, routed)        1.771    -1.713    soc_inst/uart_inst/uart_engine/clk_150mhz
    SLICE_X24Y76         FDCE                                         r  soc_inst/uart_inst/uart_engine/rx_valid_o_reg/C
  -------------------------------------------------------------------    -------------------
    SLICE_X24Y76         FDCE (Prop_fdce_C_Q)         0.259    -1.454 r  soc_inst/uart_inst/uart_engine/rx_valid_o_reg/Q
                         net (fo=48, routed)          1.584     0.130    soc_inst/uart_inst/uart_engine/rx_valid_o_reg_0
    SLICE_X29Y105        LUT2 (Prop_lut2_I0_O)        0.053     0.183 r  soc_inst/uart_inst/uart_engine/led_o_OBUF[3]_inst_i_1/O
                         net (fo=1, routed)           2.377     2.560    led_o_OBUF[3]
    AT37                 OBUF (Prop_obuf_I_O)         2.206     4.766 r  led_o_OBUF[3]_inst/O
                         net (fo=0)                   0.000     4.766    led_o[3]
    AT37                                                              r  led_o[3] (OUT)
  -------------------------------------------------------------------    -------------------





Min Delay Paths
--------------------------------------------------------------------------------------
Slack:                    inf
  Source:                 soc_inst/cpu_inst/picorv32_core/trap_reg_lopt_replica/C
                            (rising edge-triggered cell FDRE clocked by mmcm_clk150_unbuf  {rise@0.000ns fall@3.333ns period=6.667ns})
  Destination:            led_o[1]
                            (output port)
  Path Group:             (none)
  Path Type:              Min at Fast Process Corner
  Data Path Delay:        2.418ns  (logic 1.311ns (54.206%)  route 1.108ns (45.794%))
  Logic Levels:           1  (OBUF=1)
  Clock Uncertainty:      0.161ns  ((TSJ^2 + DJ^2)^1/2) / 2 + PE
    Total System Jitter     (TSJ):    0.050ns
    Discrete Jitter          (DJ):    0.099ns
    Phase Error              (PE):    0.106ns
  Timing Exception:       False Path

    Location             Delay type                Incr(ns)  Path(ns)    Netlist Resource(s)
  -------------------------------------------------------------------    -------------------
                         (clock mmcm_clk150_unbuf rise edge)
                                                      0.000     0.000 r  
    E19                                               0.000     0.000 r  sys_clk_p (IN)
                         net (fo=0)                   0.000     0.000    sys_clk_p
    E19                  IBUFDS (Prop_ibufds_I_O)     0.436     0.436 r  sysclk_ibufds_inst/O
                         net (fo=1, routed)           0.503     0.939    clk_200mhz
    MMCME2_ADV_X1Y5      MMCME2_ADV (Prop_mmcme2_adv_CLKIN1_CLKOUT0)
                                                     -2.859    -1.920 r  sysclk_mmcm_inst/CLKOUT0
                         net (fo=1, routed)           0.769    -1.151    mmcm_clk150_unbuf
    BUFGCTRL_X0Y16       BUFG (Prop_bufg_I_O)         0.026    -1.125 r  soc_clock_bufg_inst/O
                         net (fo=8882, routed)        0.731    -0.394    soc_inst/cpu_inst/picorv32_core/clk_150mhz
    SLICE_X26Y109        FDRE                                         r  soc_inst/cpu_inst/picorv32_core/trap_reg_lopt_replica/C
  -------------------------------------------------------------------    -------------------
    SLICE_X26Y109        FDRE (Prop_fdre_C_Q)         0.118    -0.276 r  soc_inst/cpu_inst/picorv32_core/trap_reg_lopt_replica/Q
                         net (fo=1, routed)           1.108     0.832    lopt
    AN39                 OBUF (Prop_obuf_I_O)         1.193     2.025 r  led_o_OBUF[1]_inst/O
                         net (fo=0)                   0.000     2.025    led_o[1]
    AN39                                                              r  led_o[1] (OUT)
  -------------------------------------------------------------------    -------------------





--------------------------------------------------------------------------------------
Path Group:  (none)
From Clock:  
  To Clock:  mmcm_clk150_unbuf

Max Delay             4 Endpoints
Min Delay             4 Endpoints
--------------------------------------------------------------------------------------


Max Delay Paths
--------------------------------------------------------------------------------------
Slack:                    inf
  Source:                 uart_rx_i
                            (input port)
  Destination:            soc_inst/uart_inst/uart_engine/rx_meta_q_reg/D
                            (rising edge-triggered cell FDPE clocked by mmcm_clk150_unbuf  {rise@0.000ns fall@3.333ns period=6.667ns})
  Path Group:             (none)
  Path Type:              Setup (Max at Slow Process Corner)
  Data Path Delay:        2.954ns  (logic 0.636ns (21.530%)  route 2.318ns (78.470%))
  Logic Levels:           1  (IBUF=1)
  Clock Path Skew:        -1.106ns (DCD - SCD + CPR)
    Destination Clock Delay (DCD):    -1.106ns
    Source Clock Delay      (SCD):    0.000ns
    Clock Pessimism Removal (CPR):    0.000ns
  Clock Uncertainty:      0.161ns  ((TSJ^2 + DJ^2)^1/2) / 2 + PE
    Total System Jitter     (TSJ):    0.050ns
    Discrete Jitter          (DJ):    0.099ns
    Phase Error              (PE):    0.106ns
  Timing Exception:       False Path

    Location             Delay type                Incr(ns)  Path(ns)    Netlist Resource(s)
  -------------------------------------------------------------------    -------------------
    AU33                                              0.000     0.000 r  uart_rx_i (IN)
                         net (fo=0)                   0.000     0.000    uart_rx_i
    AU33                 IBUF (Prop_ibuf_I_O)         0.636     0.636 r  uart_rx_i_IBUF_inst/O
                         net (fo=1, routed)           2.318     2.954    soc_inst/uart_inst/uart_engine/uart_rx_i
    SLICE_X20Y82         FDPE                                         r  soc_inst/uart_inst/uart_engine/rx_meta_q_reg/D
  -------------------------------------------------------------------    -------------------

                         (clock mmcm_clk150_unbuf rise edge)
                                                      0.000     0.000 r  
    E19                                               0.000     0.000 r  sys_clk_p (IN)
                         net (fo=0)                   0.000     0.000    sys_clk_p
    E19                  IBUFDS (Prop_ibufds_I_O)     0.851     0.851 r  sysclk_ibufds_inst/O
                         net (fo=1, routed)           0.986     1.837    clk_200mhz
    MMCME2_ADV_X1Y5      MMCME2_ADV (Prop_mmcme2_adv_CLKIN1_CLKOUT0)
                                                     -6.234    -4.397 r  sysclk_mmcm_inst/CLKOUT0
                         net (fo=1, routed)           1.566    -2.831    mmcm_clk150_unbuf
    BUFGCTRL_X0Y16       BUFG (Prop_bufg_I_O)         0.083    -2.748 r  soc_clock_bufg_inst/O
                         net (fo=8882, routed)        1.642    -1.106    soc_inst/uart_inst/uart_engine/clk_150mhz
    SLICE_X20Y82         FDPE                                         r  soc_inst/uart_inst/uart_engine/rx_meta_q_reg/C





Min Delay Paths
--------------------------------------------------------------------------------------
Slack:                    inf
  Source:                 cpu_reset
                            (input port)
  Destination:            reset_pipe_reg[0]/PRE
                            (removal check against rising-edge clock mmcm_clk150_unbuf  {rise@0.000ns fall@3.333ns period=6.667ns})
  Path Group:             (none)
  Path Type:              Removal (Min at Fast Process Corner)
  Data Path Delay:        1.411ns  (logic 0.254ns (18.008%)  route 1.157ns (81.992%))
  Logic Levels:           2  (IBUF=1 LUT2=1)
  Clock Path Skew:        -0.466ns (DCD - SCD - CPR)
    Destination Clock Delay (DCD):    -0.466ns
    Source Clock Delay      (SCD):    0.000ns
    Clock Pessimism Removal (CPR):    -0.000ns
  Timing Exception:       False Path

    Location             Delay type                Incr(ns)  Path(ns)    Netlist Resource(s)
  -------------------------------------------------------------------    -------------------
    AV40                                              0.000     0.000 f  cpu_reset (IN)
                         net (fo=0)                   0.000     0.000    cpu_reset
    AV40                 IBUF (Prop_ibuf_I_O)         0.226     0.226 f  cpu_reset_IBUF_inst/O
                         net (fo=2, routed)           0.719     0.945    cpu_reset_IBUF
    SLICE_X47Y135        LUT2 (Prop_lut2_I0_O)        0.028     0.973 f  reset_pipe[2]_i_1/O
                         net (fo=3, routed)           0.437     1.411    reset_async
    SLICE_X45Y122        FDPE                                         f  reset_pipe_reg[0]/PRE
  -------------------------------------------------------------------    -------------------

                         (clock mmcm_clk150_unbuf rise edge)
                                                      0.000     0.000 r  
    E19                                               0.000     0.000 r  sys_clk_p (IN)
                         net (fo=0)                   0.000     0.000    sys_clk_p
    E19                  IBUFDS (Prop_ibufds_I_O)     0.518     0.518 r  sysclk_ibufds_inst/O
                         net (fo=1, routed)           0.553     1.071    clk_200mhz
    MMCME2_ADV_X1Y5      MMCME2_ADV (Prop_mmcme2_adv_CLKIN1_CLKOUT0)
                                                     -3.301    -2.230 r  sysclk_mmcm_inst/CLKOUT0
                         net (fo=1, routed)           0.834    -1.396    mmcm_clk150_unbuf
    BUFGCTRL_X0Y16       BUFG (Prop_bufg_I_O)         0.030    -1.366 r  soc_clock_bufg_inst/O
                         net (fo=8882, routed)        0.900    -0.466    clk_150mhz
    SLICE_X45Y122        FDPE                                         r  reset_pipe_reg[0]/C





--------------------------------------------------------------------------------------
Path Group:  (none)
From Clock:  
  To Clock:  mmcm_clk150_unbuf

Max Delay             3 Endpoints
Min Delay             3 Endpoints
--------------------------------------------------------------------------------------


Max Delay Paths
--------------------------------------------------------------------------------------
Slack:                    inf
  Source:                 sysclk_mmcm_inst/LOCKED
                            (internal pin)
  Destination:            reset_pipe_reg[0]/PRE
                            (recovery check against rising-edge clock mmcm_clk150_unbuf  {rise@0.000ns fall@3.333ns period=6.667ns})
  Path Group:             (none)
  Path Type:              Recovery (Max at Slow Process Corner)
  Data Path Delay:        5.635ns  (logic 0.043ns (0.763%)  route 5.592ns (99.237%))
  Logic Levels:           1  (LUT2=1)
  Clock Uncertainty:      0.161ns  ((TSJ^2 + DJ^2)^1/2) / 2 + PE
    Total System Jitter     (TSJ):    0.050ns
    Discrete Jitter          (DJ):    0.099ns
    Phase Error              (PE):    0.106ns

    Location             Delay type                Incr(ns)  Path(ns)    Netlist Resource(s)
  -------------------------------------------------------------------    -------------------
    MMCME2_ADV_X1Y5      MMCME2_ADV                   0.000     0.000 r  sysclk_mmcm_inst/LOCKED
                         net (fo=2, routed)           4.819     4.819    led_o_OBUF[0]
    SLICE_X47Y135        LUT2 (Prop_lut2_I1_O)        0.043     4.862 f  reset_pipe[2]_i_1/O
                         net (fo=3, routed)           0.773     5.635    reset_async
    SLICE_X45Y122        FDPE                                         f  reset_pipe_reg[0]/PRE
  -------------------------------------------------------------------    -------------------

                         (clock mmcm_clk150_unbuf rise edge)
                                                      0.000     0.000 r  
    E19                                               0.000     0.000 r  sys_clk_p (IN)
                         net (fo=0)                   0.000     0.000    sys_clk_p
    E19                  IBUFDS (Prop_ibufds_I_O)     0.851     0.851 r  sysclk_ibufds_inst/O
                         net (fo=1, routed)           0.986     1.837    clk_200mhz
    MMCME2_ADV_X1Y5      MMCME2_ADV (Prop_mmcme2_adv_CLKIN1_CLKOUT0)
                                                     -6.234    -4.397 r  sysclk_mmcm_inst/CLKOUT0
                         net (fo=1, routed)           1.566    -2.831    mmcm_clk150_unbuf
    BUFGCTRL_X0Y16       BUFG (Prop_bufg_I_O)         0.083    -2.748 r  soc_clock_bufg_inst/O
                         net (fo=8882, routed)        1.399    -1.349    clk_150mhz
    SLICE_X45Y122        FDPE                                         r  reset_pipe_reg[0]/C





Min Delay Paths
--------------------------------------------------------------------------------------
Slack:                    inf
  Source:                 sysclk_mmcm_inst/LOCKED
                            (internal pin)
  Destination:            reset_pipe_reg[0]/PRE
                            (removal check against rising-edge clock mmcm_clk150_unbuf  {rise@0.000ns fall@3.333ns period=6.667ns})
  Path Group:             (none)
  Path Type:              Removal (Min at Fast Process Corner)
  Data Path Delay:        3.214ns  (logic 0.028ns (0.871%)  route 3.186ns (99.129%))
  Logic Levels:           1  (LUT2=1)
  Clock Uncertainty:      0.161ns  ((TSJ^2 + DJ^2)^1/2) / 2 + PE
    Total System Jitter     (TSJ):    0.050ns
    Discrete Jitter          (DJ):    0.099ns
    Phase Error              (PE):    0.106ns

    Location             Delay type                Incr(ns)  Path(ns)    Netlist Resource(s)
  -------------------------------------------------------------------    -------------------
    MMCME2_ADV_X1Y5      MMCME2_ADV                   0.000     0.000 r  sysclk_mmcm_inst/LOCKED
                         net (fo=2, routed)           2.749     2.749    led_o_OBUF[0]
    SLICE_X47Y135        LUT2 (Prop_lut2_I1_O)        0.028     2.777 f  reset_pipe[2]_i_1/O
                         net (fo=3, routed)           0.437     3.214    reset_async
    SLICE_X45Y122        FDPE                                         f  reset_pipe_reg[0]/PRE
  -------------------------------------------------------------------    -------------------

                         (clock mmcm_clk150_unbuf rise edge)
                                                      0.000     0.000 r  
    E19                                               0.000     0.000 r  sys_clk_p (IN)
                         net (fo=0)                   0.000     0.000    sys_clk_p
    E19                  IBUFDS (Prop_ibufds_I_O)     0.518     0.518 r  sysclk_ibufds_inst/O
                         net (fo=1, routed)           0.553     1.071    clk_200mhz
    MMCME2_ADV_X1Y5      MMCME2_ADV (Prop_mmcme2_adv_CLKIN1_CLKOUT0)
                                                     -3.301    -2.230 r  sysclk_mmcm_inst/CLKOUT0
                         net (fo=1, routed)           0.834    -1.396    mmcm_clk150_unbuf
    BUFGCTRL_X0Y16       BUFG (Prop_bufg_I_O)         0.030    -1.366 r  soc_clock_bufg_inst/O
                         net (fo=8882, routed)        0.900    -0.466    clk_150mhz
    SLICE_X45Y122        FDPE                                         r  reset_pipe_reg[0]/C





