Copyright 1986-2022 Xilinx, Inc. All Rights Reserved. Copyright 2022-2025 Advanced Micro Devices, Inc. All Rights Reserved.
---------------------------------------------------------------------------------------------------------------------------------------------
| Tool Version : Vivado v.2025.1 (win64) Build 6140274 Thu May 22 00:12:29 MDT 2025
| Date         : Thu Aug  6 17:36:11 2026
| Host         : LAPTOP-QB9V6NGP running 64-bit major release  (build 9200)
| Command      : report_utilization -hierarchical -file C:/rtl/rtl/Project_Vivado/reports/vc707_systolic_image_dma/utilization.rpt
| Design       : dma_mmu_picorv32_vc707_top
| Device       : xc7vx485tffg1761-2
| Speed File   : -2
| Design State : Routed
---------------------------------------------------------------------------------------------------------------------------------------------

Utilization Design Information

Table of Contents
-----------------
1. Utilization by Hierarchy

1. Utilization by Hierarchy
---------------------------

+--------------------------------+-----------------------------------+------------+------------+---------+------+------+--------+--------+------------+
|            Instance            |               Module              | Total LUTs | Logic LUTs | LUTRAMs | SRLs |  FFs | RAMB36 | RAMB18 | DSP Blocks |
+--------------------------------+-----------------------------------+------------+------------+---------+------+------+--------+--------+------------+
| dma_mmu_picorv32_vc707_top     |                             (top) |       9137 |       8969 |     168 |    0 | 8514 |     64 |      0 |         16 |
|   (dma_mmu_picorv32_vc707_top) |                             (top) |          1 |          1 |       0 |    0 |    3 |      0 |      0 |          0 |
|   soc_inst                     |              dma_mmu_picorv32_soc |       9136 |       8968 |     168 |    0 | 8511 |     64 |      0 |         16 |
|     cpu_inst                   |                      picorv32_axi |       1548 |       1460 |      88 |    0 |  963 |      0 |      0 |          0 |
|       picorv32_core            |                          picorv32 |       1533 |       1445 |      88 |    0 |  959 |      0 |      0 |          0 |
|         (picorv32_core)        |                          picorv32 |       1147 |       1059 |      88 |    0 |  703 |      0 |      0 |          0 |
|         pcpi_mul               |                 picorv32_pcpi_mul |        387 |        387 |       0 |    0 |  256 |      0 |      0 |          0 |
|     cpu_mmu_inst               |                  picorv32_cpu_mmu |       1670 |       1670 |       0 |    0 | 1259 |      0 |      0 |          0 |
|       (cpu_mmu_inst)           |                  picorv32_cpu_mmu |       1471 |       1471 |       0 |    0 | 1256 |      0 |      0 |          0 |
|       cpu_tlb_plru             |                      pseudoLRU_19 |        199 |        199 |       0 |    0 |    3 |      0 |      0 |          0 |
|     cpu_router_inst            |              picorv32_axil_router |        429 |        429 |       0 |    0 |  111 |      0 |      0 |          0 |
|     dma_iommu_inst             |                   dma_mmu_axi_top |       2468 |       2388 |      80 |    0 | 3145 |      0 |      0 |          0 |
|       (dma_iommu_inst)         |                   dma_mmu_axi_top |         21 |         21 |       0 |    0 |  130 |      0 |      0 |          0 |
|       access_controller_inst   |             dma_access_controller |         21 |         21 |       0 |    0 |   81 |      0 |      0 |          0 |
|       cdma_inst                |                          axi_cdma |        272 |        244 |      28 |    0 |  247 |      0 |      0 |          0 |
|       completion_fifo_inst     |               dma_completion_fifo |        124 |        124 |       0 |    0 |  282 |      0 |      0 |          0 |
|       crossbar_inst            |                      axi_crossbar |        279 |        279 |       0 |    0 |  336 |      0 |      0 |          0 |
|         axi_crossbar_rd_inst   |                   axi_crossbar_rd |        129 |        129 |       0 |    0 |  192 |      0 |      0 |          0 |
|           s_ifaces[1].reg_inst |                axi_register_rd_18 |         36 |         36 |       0 |    0 |   67 |      0 |      0 |          0 |
|           s_ifaces[0].reg_inst |                   axi_register_rd |         36 |         36 |       0 |    0 |   67 |      0 |      0 |          0 |
|         axi_crossbar_wr_inst   |                   axi_crossbar_wr |        150 |        150 |       0 |    0 |  144 |      0 |      0 |          0 |
|           m_ifaces[0].reg_inst |   axi_register_wr__parameterized0 |         99 |         99 |       0 |    0 |  106 |      0 |      0 |          0 |
|       descriptor_fifo_inst     |               dma_descriptor_fifo |        248 |        248 |       0 |    0 |  610 |      0 |      0 |          0 |
|       dma_rd_inst              |                        axi_dma_rd |        184 |        160 |      24 |    0 |  139 |      0 |      0 |          0 |
|       dma_wr_inst              |                        axi_dma_wr |        265 |        237 |      28 |    0 |  161 |      0 |      0 |          0 |
|       iommu_inst               |                     dma_iommu_tlb |        228 |        228 |       0 |    0 |  440 |      0 |      0 |          0 |
|         (iommu_inst)           |                     dma_iommu_tlb |        220 |        220 |       0 |    0 |  437 |      0 |      0 |          0 |
|       regs_inst                |                     dma_axil_regs |        432 |        432 |       0 |    0 |  550 |      0 |      0 |          0 |
|       scheduler_inst           |                 dma_axi_scheduler |        396 |        396 |       0 |    0 |  169 |      0 |      0 |          0 |
|     system_axi_crossbar        |      axi_crossbar__parameterized0 |        252 |        252 |       0 |    0 |  357 |      0 |      0 |          0 |
|       axi_crossbar_rd_inst     |   axi_crossbar_rd__parameterized0 |        134 |        134 |       0 |    0 |  205 |      0 |      0 |          0 |
|         s_ifaces[1].reg_inst   | axi_register_rd__parameterized1_8 |         41 |         41 |       0 |    0 |   71 |      0 |      0 |          0 |
|         s_ifaces[0].reg_inst   |   axi_register_rd__parameterized1 |         38 |         38 |       0 |    0 |   67 |      0 |      0 |          0 |
|       axi_crossbar_wr_inst     |   axi_crossbar_wr__parameterized0 |        118 |        118 |       0 |    0 |  152 |      0 |      0 |          0 |
|         m_ifaces[0].reg_inst   |   axi_register_wr__parameterized2 |         52 |         52 |       0 |    0 |  105 |      0 |      0 |          0 |
|     system_ram_inst            |                           axi_ram |        110 |        110 |       0 |    0 |  158 |     64 |      0 |          0 |
|     systolic_accel_inst        |          systolic_accel_axil_axis |       2412 |       2412 |       0 |    0 | 2148 |      0 |      0 |         16 |
|       (systolic_accel_inst)    |          systolic_accel_axil_axis |        104 |        104 |       0 |    0 |  359 |      0 |      0 |          0 |
|       core_inst                |               systolic_matmul_4x4 |       2310 |       2310 |       0 |    0 | 1789 |      0 |      0 |         16 |
|     uart_inst                  |                    uart_axil_axis |        255 |        255 |       0 |    0 |  370 |      0 |      0 |          0 |
|       (uart_inst)              |                    uart_axil_axis |         23 |         23 |       0 |    0 |  268 |      0 |      0 |          0 |
|       uart_engine              |                    simpleuart_dma |        234 |        234 |       0 |    0 |  102 |      0 |      0 |          0 |
+--------------------------------+-----------------------------------+------------+------------+---------+------+------+--------+--------+------------+
* Note: The sum of lower-level cells may be larger than their parent cells total, due to cross-hierarchy LUT combining


